INFO: [VRFC 10-2263] Analyzing Verilog file "C:/Users/marce/OneDrive/Dokumente/zynq_project/LVDS/DDR_LVDS/DDR_LVDS.srcs/sources_1/new/lvds_master.v" into library xil_defaultlib
INFO: [VRFC 10-311] analyzing module lvds_master
INFO: [VRFC 10-2263] Analyzing Verilog file "C:/Users/marce/OneDrive/Dokumente/zynq_project/LVDS/DDR_LVDS/DDR_LVDS.srcs/sources_1/new/lvds_output.v" into library xil_defaultlib
INFO: [VRFC 10-311] analyzing module lvds_output
INFO: [VRFC 10-2263] Analyzing Verilog file "C:/Users/marce/OneDrive/Dokumente/zynq_project/LVDS/DDR_LVDS/DDR_LVDS.srcs/sources_1/new/lvds_input.v" into library xil_defaultlib
INFO: [VRFC 10-311] analyzing module lvds_input
INFO: [VRFC 10-2263] Analyzing Verilog file "C:/Users/marce/OneDrive/Dokumente/zynq_project/LVDS/DDR_LVDS/DDR_LVDS.ip_user_files/bd/LVDS_to_AXIS/ip/LVDS_to_AXIS_axis_data_fifo_0_0/sim/LVDS_to_AXIS_axis_data_fifo_0_0.v" into library xil_defaultlib
INFO: [VRFC 10-311] analyzing module LVDS_to_AXIS_axis_data_fifo_0_0
INFO: [VRFC 10-2263] Analyzing Verilog file "C:/Users/marce/OneDrive/Dokumente/zynq_project/LVDS/DDR_LVDS/DDR_LVDS.ip_user_files/bd/LVDS_to_AXIS/ip/LVDS_to_AXIS_lvds_master_0_0/sim/LVDS_to_AXIS_lvds_master_0_0.v" into library xil_defaultlib
INFO: [VRFC 10-311] analyzing module LVDS_to_AXIS_lvds_master_0_0
INFO: [VRFC 10-2263] Analyzing Verilog file "C:/Users/marce/OneDrive/Dokumente/zynq_project/LVDS/DDR_LVDS/DDR_LVDS.ip_user_files/bd/LVDS_to_AXIS/ip/LVDS_to_AXIS_lvds_output_0_0/sim/LVDS_to_AXIS_lvds_output_0_0.v" into library xil_defaultlib
INFO: [VRFC 10-311] analyzing module LVDS_to_AXIS_lvds_output_0_0
INFO: [VRFC 10-2263] Analyzing Verilog file "C:/Users/marce/OneDrive/Dokumente/zynq_project/LVDS/DDR_LVDS/DDR_LVDS.ip_user_files/bd/LVDS_to_AXIS/ip/LVDS_to_AXIS_lvds_input_0_0/sim/LVDS_to_AXIS_lvds_input_0_0.v" into library xil_defaultlib
INFO: [VRFC 10-311] analyzing module LVDS_to_AXIS_lvds_input_0_0
INFO: [VRFC 10-2263] Analyzing Verilog file "C:/Users/marce/OneDrive/Dokumente/zynq_project/LVDS/DDR_LVDS/DDR_LVDS.ip_user_files/bd/LVDS_to_AXIS/ip/LVDS_to_AXIS_l_clk_in_0/sim/LVDS_to_AXIS_l_clk_in_0.v" into library xil_defaultlib
INFO: [VRFC 10-311] analyzing module LVDS_to_AXIS_l_clk_in_0
INFO: [VRFC 10-2263] Analyzing Verilog file "C:/Users/marce/OneDrive/Dokumente/zynq_project/LVDS/DDR_LVDS/DDR_LVDS.ip_user_files/bd/LVDS_to_AXIS/ip/LVDS_to_AXIS_sdo_0/sim/LVDS_to_AXIS_sdo_0.v" into library xil_defaultlib
INFO: [VRFC 10-311] analyzing module LVDS_to_AXIS_sdo_0
INFO: [VRFC 10-2263] Analyzing Verilog file "C:/Users/marce/OneDrive/Dokumente/zynq_project/LVDS/DDR_LVDS/DDR_LVDS.ip_user_files/bd/LVDS_to_AXIS/sim/LVDS_to_AXIS.v" into library xil_defaultlib
INFO: [VRFC 10-311] analyzing module LVDS_to_AXIS
INFO: [VRFC 10-2263] Analyzing Verilog file "C:/Users/marce/OneDrive/Dokumente/zynq_project/LVDS/DDR_LVDS/DDR_LVDS.gen/sources_1/bd/LVDS_to_AXIS/hdl/LVDS_to_AXIS_wrapper.v" into library xil_defaultlib
INFO: [VRFC 10-311] analyzing module LVDS_to_AXIS_wrapper
