
*** Running vivado
    with args -log LVDS_to_AXIS_IDELAY_DATA_0_1.vds -m64 -product Vivado -mode batch -messageDb vivado.pb -notrace -source LVDS_to_AXIS_IDELAY_DATA_0_1.tcl



****** Vivado v2024.2 (64-bit)
  **** SW Build 5239630 on Fri Nov 08 22:35:27 MST 2024
  **** IP Build 5239520 on Sun Nov 10 16:12:51 MST 2024
  **** SharedData Build 5239561 on Fri Nov 08 14:39:27 MST 2024
  **** Start of session at: Fri Oct 17 13:01:52 2025
    ** Copyright 1986-2022 Xilinx, Inc. All Rights Reserved.
    ** Copyright 2022-2024 Advanced Micro Devices, Inc. All Rights Reserved.

source LVDS_to_AXIS_IDELAY_DATA_0_1.tcl -notrace
WARNING: [Common 17-1361] You have specified a new message control rule that is equivalent to an existing rule with attributes ' -id {17-179}  -suppress '. The existing rule will be replaced.
WARNING: [Common 17-1361] You have specified a new message control rule that is equivalent to an existing rule with attributes ' -id {17-179}  -suppress '. The existing rule will be replaced.
WARNING: [Common 17-1361] You have specified a new message control rule that is equivalent to an existing rule with attributes ' -id {17-179}  -suppress '. The existing rule will be replaced.
WARNING: [Common 17-1361] You have specified a new message control rule that is equivalent to an existing rule with attributes ' -id {17-179}  -suppress '. The existing rule will be replaced.
INFO: [IP_Flow 19-234] Refreshing IP repositories
INFO: [IP_Flow 19-1700] Loaded user IP repository 'c:/Users/marce/AppData/Roaming/Xilinx/ip_repo'.
INFO: [IP_Flow 19-1700] Loaded user IP repository 'c:/Users/marce/OneDrive/Dokumente/zynq_project/LVDS/IP'.
INFO: [IP_Flow 19-1700] Loaded user IP repository 'c:/Users/marce/OneDrive/Dokumente/zynq_project/LVDS/LVDS_to_AXIS/IP'.
WARNING: [IP_Flow 19-3685] Ignored loading user repository 'c:/Users/marce/OneDrive/Dokumente/zynq_project/LVDS/IP/DDR_Fabric'. The path is contained within another repository.
INFO: [IP_Flow 19-2313] Loaded Vivado IP repository 'C:/Xilinx/Vivado/2024.2/data/ip'.
WARNING: [IP_Flow 19-1663] Duplicate IP found for 'xilinx.com:user:LVDS_to_AXIS:1.0'. The one found in IP location 'c:/Users/marce/OneDrive/Dokumente/zynq_project/LVDS/LVDS_to_AXIS/IP' will take precedence over the same IP in location c:/Users/marce/AppData/Roaming/Xilinx/ip_repo
WARNING: [IP_Flow 19-4995] The host OS only allows 260 characters in a normal path. The IP cache path is more than 80 characters. If you experience issues with IP caching, please consider changing the IP cache to a location with a shorter path. Alternately consider using the OS subst command to map part of the path to a drive letter. 
Current IP cache path is c:/Users/marce/OneDrive/Dokumente/zynq_project/LVDS/DDR_LVDS_FABRIC/DDR_LVDS_FABRIC.cache/ip 
Command: synth_design -top LVDS_to_AXIS_IDELAY_DATA_0_1 -part xc7z020clg484-1 -incremental_mode off -mode out_of_context
Starting synth_design
Attempting to get a license for feature 'Synthesis' and/or device 'xc7z020'
INFO: [Common 17-349] Got license for feature 'Synthesis' and/or device 'xc7z020'
INFO: [Device 21-403] Loading part xc7z020clg484-1
INFO: [Synth 8-7079] Multithreading enabled for synth_design using a maximum of 2 processes.
INFO: [Synth 8-7078] Launching helper process for spawning children vivado processes
WARNING: [Common 17-1361] You have specified a new message control rule that is equivalent to an existing rule with attributes ' -id {17-179}  -suppress '. The existing rule will be replaced.
INFO: [Synth 8-7075] Helper process launched with PID 17672
---------------------------------------------------------------------------------
Starting RTL Elaboration : Time (s): cpu = 00:00:11 ; elapsed = 00:00:11 . Memory (MB): peak = 1105.277 ; gain = 466.848
---------------------------------------------------------------------------------
INFO: [Synth 8-6157] synthesizing module 'LVDS_to_AXIS_IDELAY_DATA_0_1' [c:/Users/marce/OneDrive/Dokumente/zynq_project/LVDS/DDR_LVDS_FABRIC/DDR_LVDS_FABRIC.gen/sources_1/bd/LVDS_to_AXIS/ip/LVDS_to_AXIS_IDELAY_DATA_0_1/synth/LVDS_to_AXIS_IDELAY_DATA_0_1.v:53]
INFO: [Synth 8-6157] synthesizing module 'IDELAY_DATA' [C:/Users/marce/OneDrive/Dokumente/zynq_project/LVDS/DDR_LVDS_FABRIC/DDR_LVDS_FABRIC.srcs/sources_1/new/IDELAY_DATA.v:23]
INFO: [Synth 8-6157] synthesizing module 'IDELAYE2' [C:/Xilinx/Vivado/2024.2/scripts/rt/data/unisim_comp.v:77934]
	Parameter CINVCTRL_SEL bound to: FALSE - type: string 
	Parameter DELAY_SRC bound to: IDATAIN - type: string 
	Parameter HIGH_PERFORMANCE_MODE bound to: TRUE - type: string 
	Parameter IDELAY_TYPE bound to: VAR_LOAD - type: string 
	Parameter IDELAY_VALUE bound to: 13 - type: integer 
	Parameter PIPE_SEL bound to: FALSE - type: string 
	Parameter REFCLK_FREQUENCY bound to: 200.000000 - type: double 
	Parameter SIGNAL_PATTERN bound to: CLOCK - type: string 
INFO: [Synth 8-6155] done synthesizing module 'IDELAYE2' (0#1) [C:/Xilinx/Vivado/2024.2/scripts/rt/data/unisim_comp.v:77934]
WARNING: [Synth 8-7071] port 'CNTVALUEOUT' of module 'IDELAYE2' is unconnected for instance 'IDELAYE2_inst' [C:/Users/marce/OneDrive/Dokumente/zynq_project/LVDS/DDR_LVDS_FABRIC/DDR_LVDS_FABRIC.srcs/sources_1/new/IDELAY_DATA.v:50]
WARNING: [Synth 8-7071] port 'CE' of module 'IDELAYE2' is unconnected for instance 'IDELAYE2_inst' [C:/Users/marce/OneDrive/Dokumente/zynq_project/LVDS/DDR_LVDS_FABRIC/DDR_LVDS_FABRIC.srcs/sources_1/new/IDELAY_DATA.v:50]
WARNING: [Synth 8-7071] port 'CINVCTRL' of module 'IDELAYE2' is unconnected for instance 'IDELAYE2_inst' [C:/Users/marce/OneDrive/Dokumente/zynq_project/LVDS/DDR_LVDS_FABRIC/DDR_LVDS_FABRIC.srcs/sources_1/new/IDELAY_DATA.v:50]
WARNING: [Synth 8-7071] port 'DATAIN' of module 'IDELAYE2' is unconnected for instance 'IDELAYE2_inst' [C:/Users/marce/OneDrive/Dokumente/zynq_project/LVDS/DDR_LVDS_FABRIC/DDR_LVDS_FABRIC.srcs/sources_1/new/IDELAY_DATA.v:50]
WARNING: [Synth 8-7071] port 'INC' of module 'IDELAYE2' is unconnected for instance 'IDELAYE2_inst' [C:/Users/marce/OneDrive/Dokumente/zynq_project/LVDS/DDR_LVDS_FABRIC/DDR_LVDS_FABRIC.srcs/sources_1/new/IDELAY_DATA.v:50]
WARNING: [Synth 8-7071] port 'LDPIPEEN' of module 'IDELAYE2' is unconnected for instance 'IDELAYE2_inst' [C:/Users/marce/OneDrive/Dokumente/zynq_project/LVDS/DDR_LVDS_FABRIC/DDR_LVDS_FABRIC.srcs/sources_1/new/IDELAY_DATA.v:50]
WARNING: [Synth 8-7071] port 'REGRST' of module 'IDELAYE2' is unconnected for instance 'IDELAYE2_inst' [C:/Users/marce/OneDrive/Dokumente/zynq_project/LVDS/DDR_LVDS_FABRIC/DDR_LVDS_FABRIC.srcs/sources_1/new/IDELAY_DATA.v:50]
WARNING: [Synth 8-7023] instance 'IDELAYE2_inst' of module 'IDELAYE2' has 12 connections declared, but only 5 given [C:/Users/marce/OneDrive/Dokumente/zynq_project/LVDS/DDR_LVDS_FABRIC/DDR_LVDS_FABRIC.srcs/sources_1/new/IDELAY_DATA.v:50]
INFO: [Synth 8-6155] done synthesizing module 'IDELAY_DATA' (0#1) [C:/Users/marce/OneDrive/Dokumente/zynq_project/LVDS/DDR_LVDS_FABRIC/DDR_LVDS_FABRIC.srcs/sources_1/new/IDELAY_DATA.v:23]
INFO: [Synth 8-6155] done synthesizing module 'LVDS_to_AXIS_IDELAY_DATA_0_1' (0#1) [c:/Users/marce/OneDrive/Dokumente/zynq_project/LVDS/DDR_LVDS_FABRIC/DDR_LVDS_FABRIC.gen/sources_1/bd/LVDS_to_AXIS/ip/LVDS_to_AXIS_IDELAY_DATA_0_1/synth/LVDS_to_AXIS_IDELAY_DATA_0_1.v:53]
---------------------------------------------------------------------------------
Finished RTL Elaboration : Time (s): cpu = 00:00:14 ; elapsed = 00:00:14 . Memory (MB): peak = 1214.828 ; gain = 576.398
---------------------------------------------------------------------------------
---------------------------------------------------------------------------------
Start Handling Custom Attributes
---------------------------------------------------------------------------------
---------------------------------------------------------------------------------
Finished Handling Custom Attributes : Time (s): cpu = 00:00:14 ; elapsed = 00:00:14 . Memory (MB): peak = 1214.828 ; gain = 576.398
---------------------------------------------------------------------------------
---------------------------------------------------------------------------------
Finished RTL Optimization Phase 1 : Time (s): cpu = 00:00:14 ; elapsed = 00:00:14 . Memory (MB): peak = 1214.828 ; gain = 576.398
---------------------------------------------------------------------------------
Netlist sorting complete. Time (s): cpu = 00:00:00 ; elapsed = 00:00:00 . Memory (MB): peak = 1214.828 ; gain = 0.000
INFO: [Netlist 29-17] Analyzing 1 Unisim elements for replacement
INFO: [Netlist 29-28] Unisim Transformation completed in 0 CPU seconds
INFO: [Project 1-570] Preparing netlist for logic optimization

Processing XDC Constraints
Initializing timing engine
Completed Processing XDC Constraints

Netlist sorting complete. Time (s): cpu = 00:00:00 ; elapsed = 00:00:00 . Memory (MB): peak = 1217.746 ; gain = 0.000
INFO: [Project 1-111] Unisim Transformation Summary:
No Unisim elements were transformed.

Constraint Validation Runtime : Time (s): cpu = 00:00:00 ; elapsed = 00:00:00.029 . Memory (MB): peak = 1217.789 ; gain = 0.043
INFO: [Designutils 20-5008] Incremental synthesis strategy off
---------------------------------------------------------------------------------
Finished Constraint Validation : Time (s): cpu = 00:00:25 ; elapsed = 00:00:26 . Memory (MB): peak = 1217.789 ; gain = 579.359
---------------------------------------------------------------------------------
---------------------------------------------------------------------------------
Start Loading Part and Timing Information
---------------------------------------------------------------------------------
Loading part: xc7z020clg484-1
---------------------------------------------------------------------------------
Finished Loading Part and Timing Information : Time (s): cpu = 00:00:25 ; elapsed = 00:00:26 . Memory (MB): peak = 1217.789 ; gain = 579.359
---------------------------------------------------------------------------------
---------------------------------------------------------------------------------
Start Applying 'set_property' XDC Constraints
---------------------------------------------------------------------------------
---------------------------------------------------------------------------------
Finished applying 'set_property' XDC Constraints : Time (s): cpu = 00:00:25 ; elapsed = 00:00:26 . Memory (MB): peak = 1217.789 ; gain = 579.359
---------------------------------------------------------------------------------
---------------------------------------------------------------------------------
Finished RTL Optimization Phase 2 : Time (s): cpu = 00:00:26 ; elapsed = 00:00:27 . Memory (MB): peak = 1217.789 ; gain = 579.359
---------------------------------------------------------------------------------
---------------------------------------------------------------------------------
Start RTL Component Statistics 
---------------------------------------------------------------------------------
Detailed RTL Component Info : 
---------------------------------------------------------------------------------
Finished RTL Component Statistics 
---------------------------------------------------------------------------------
---------------------------------------------------------------------------------
Start Part Resource Summary
---------------------------------------------------------------------------------
Part Resources:
DSPs: 220 (col length:60)
BRAMs: 280 (col length: RAMB18 60 RAMB36 30)
---------------------------------------------------------------------------------
Finished Part Resource Summary
---------------------------------------------------------------------------------
---------------------------------------------------------------------------------
Start Cross Boundary and Area Optimization
---------------------------------------------------------------------------------
WARNING: [Synth 8-7080] Parallel synthesis criteria is not met
---------------------------------------------------------------------------------
Finished Cross Boundary and Area Optimization : Time (s): cpu = 00:00:28 ; elapsed = 00:00:29 . Memory (MB): peak = 1217.789 ; gain = 579.359
---------------------------------------------------------------------------------
---------------------------------------------------------------------------------
Start Applying XDC Timing Constraints
---------------------------------------------------------------------------------
---------------------------------------------------------------------------------
Finished Applying XDC Timing Constraints : Time (s): cpu = 00:00:36 ; elapsed = 00:00:37 . Memory (MB): peak = 1389.812 ; gain = 751.383
---------------------------------------------------------------------------------
---------------------------------------------------------------------------------
Start Timing Optimization
---------------------------------------------------------------------------------
---------------------------------------------------------------------------------
Finished Timing Optimization : Time (s): cpu = 00:00:36 ; elapsed = 00:00:37 . Memory (MB): peak = 1389.812 ; gain = 751.383
---------------------------------------------------------------------------------
---------------------------------------------------------------------------------
Start Technology Mapping
---------------------------------------------------------------------------------
---------------------------------------------------------------------------------
Finished Technology Mapping : Time (s): cpu = 00:00:36 ; elapsed = 00:00:37 . Memory (MB): peak = 1399.379 ; gain = 760.949
---------------------------------------------------------------------------------
---------------------------------------------------------------------------------
Start IO Insertion
---------------------------------------------------------------------------------
---------------------------------------------------------------------------------
Start Flattening Before IO Insertion
---------------------------------------------------------------------------------
---------------------------------------------------------------------------------
Finished Flattening Before IO Insertion
---------------------------------------------------------------------------------
---------------------------------------------------------------------------------
Start Final Netlist Cleanup
---------------------------------------------------------------------------------
---------------------------------------------------------------------------------
Finished Final Netlist Cleanup
---------------------------------------------------------------------------------
---------------------------------------------------------------------------------
Finished IO Insertion : Time (s): cpu = 00:00:46 ; elapsed = 00:00:47 . Memory (MB): peak = 1616.289 ; gain = 977.859
---------------------------------------------------------------------------------
---------------------------------------------------------------------------------
Start Renaming Generated Instances
---------------------------------------------------------------------------------
---------------------------------------------------------------------------------
Finished Renaming Generated Instances : Time (s): cpu = 00:00:46 ; elapsed = 00:00:47 . Memory (MB): peak = 1616.289 ; gain = 977.859
---------------------------------------------------------------------------------
---------------------------------------------------------------------------------
Start Rebuilding User Hierarchy
---------------------------------------------------------------------------------
---------------------------------------------------------------------------------
Finished Rebuilding User Hierarchy : Time (s): cpu = 00:00:46 ; elapsed = 00:00:47 . Memory (MB): peak = 1616.289 ; gain = 977.859
---------------------------------------------------------------------------------
---------------------------------------------------------------------------------
Start Renaming Generated Ports
---------------------------------------------------------------------------------
---------------------------------------------------------------------------------
Finished Renaming Generated Ports : Time (s): cpu = 00:00:46 ; elapsed = 00:00:47 . Memory (MB): peak = 1616.289 ; gain = 977.859
---------------------------------------------------------------------------------
---------------------------------------------------------------------------------
Start Handling Custom Attributes
---------------------------------------------------------------------------------
---------------------------------------------------------------------------------
Finished Handling Custom Attributes : Time (s): cpu = 00:00:46 ; elapsed = 00:00:47 . Memory (MB): peak = 1616.289 ; gain = 977.859
---------------------------------------------------------------------------------
---------------------------------------------------------------------------------
Start Renaming Generated Nets
---------------------------------------------------------------------------------
---------------------------------------------------------------------------------
Finished Renaming Generated Nets : Time (s): cpu = 00:00:46 ; elapsed = 00:00:47 . Memory (MB): peak = 1616.289 ; gain = 977.859
---------------------------------------------------------------------------------
---------------------------------------------------------------------------------
Start Writing Synthesis Report
---------------------------------------------------------------------------------

Report BlackBoxes: 
+-+--------------+----------+
| |BlackBox name |Instances |
+-+--------------+----------+
+-+--------------+----------+

Report Cell Usage: 
+------+---------+------+
|      |Cell     |Count |
+------+---------+------+
|1     |IDELAYE2 |     1|
+------+---------+------+
---------------------------------------------------------------------------------
Finished Writing Synthesis Report : Time (s): cpu = 00:00:46 ; elapsed = 00:00:47 . Memory (MB): peak = 1616.289 ; gain = 977.859
---------------------------------------------------------------------------------
Synthesis finished with 0 errors, 0 critical warnings and 1 warnings.
Synthesis Optimization Runtime : Time (s): cpu = 00:00:30 ; elapsed = 00:00:45 . Memory (MB): peak = 1616.289 ; gain = 974.898
Synthesis Optimization Complete : Time (s): cpu = 00:00:46 ; elapsed = 00:00:47 . Memory (MB): peak = 1616.289 ; gain = 977.859
INFO: [Project 1-571] Translating synthesized netlist
Netlist sorting complete. Time (s): cpu = 00:00:00 ; elapsed = 00:00:00 . Memory (MB): peak = 1616.289 ; gain = 0.000
INFO: [Netlist 29-17] Analyzing 1 Unisim elements for replacement
INFO: [Netlist 29-28] Unisim Transformation completed in 0 CPU seconds
INFO: [Project 1-570] Preparing netlist for logic optimization
INFO: [Opt 31-138] Pushed 0 inverter(s) to 0 load pin(s).
Netlist sorting complete. Time (s): cpu = 00:00:00 ; elapsed = 00:00:00 . Memory (MB): peak = 1616.289 ; gain = 0.000
INFO: [Project 1-111] Unisim Transformation Summary:
No Unisim elements were transformed.

Synth Design complete | Checksum: 7243357f
INFO: [Common 17-83] Releasing license: Synthesis
28 Infos, 17 Warnings, 0 Critical Warnings and 0 Errors encountered.
synth_design completed successfully
synth_design: Time (s): cpu = 00:00:53 ; elapsed = 00:00:59 . Memory (MB): peak = 1616.289 ; gain = 1206.930
INFO: [Common 17-1381] The checkpoint 'C:/Users/marce/OneDrive/Dokumente/zynq_project/LVDS/DDR_LVDS_FABRIC/DDR_LVDS_FABRIC.runs/LVDS_to_AXIS_IDELAY_DATA_0_1_synth_1/LVDS_to_AXIS_IDELAY_DATA_0_1.dcp' has been generated.
INFO: [Vivado 12-24828] Executing command : report_utilization -file LVDS_to_AXIS_IDELAY_DATA_0_1_utilization_synth.rpt -pb LVDS_to_AXIS_IDELAY_DATA_0_1_utilization_synth.pb
INFO: [Common 17-206] Exiting Vivado at Fri Oct 17 13:03:03 2025...
