Vivado Simulator v2024.2.0
Copyright 1986-2022 Xilinx, Inc. All Rights Reserved.
Copyright 2022-2024 Advanced Micro Devices, Inc. All Rights Reserved.
Running: C:/Xilinx/Vivado/2024.2/bin/unwrapped/win64.o/xelab.exe --incr --debug typical --relax --mt 2 -L xil_defaultlib -L axi_bram_ctrl_v4_1_11 -L blk_mem_gen_v8_4_9 -L uvm -L unisims_ver -L unimacro_ver -L secureip -L xpm --snapshot laser_emulator_tb_behav xil_defaultlib.laser_emulator_tb xil_defaultlib.glbl -log elaborate.log 
Using 2 slave threads.
Starting static elaboration
Pass Through NonSizing Optimizer
WARNING: [VRFC 10-9024] illegal argument of type reg [packed dim count:1] in math function 'pow()'; expected real type [C:/Users/marce/OneDrive/Dokumente/zynq_project/photonsorting/emulator_4x8bit/emulator_4x8bit.srcs/sources_1/new/signal_generator.v:95]
Completed static elaboration
Starting simulation data flow analysis
WARNING: [XSIM 43-4099] "C:/Users/marce/OneDrive/Dokumente/zynq_project/photonsorting/emulator_4x8bit/emulator_4x8bit.srcs/sources_1/new/DelayChain.sv" Line 1. Module DelayChain_default doesn't have a timescale but at least one module in design has a timescale.
WARNING: [XSIM 43-4099] "C:/Users/marce/OneDrive/Dokumente/zynq_project/photonsorting/emulator_4x8bit/emulator_4x8bit.srcs/sources_1/new/DelayChain.sv" Line 1. Module DelayChain_default doesn't have a timescale but at least one module in design has a timescale.
Completed simulation data flow analysis
Time Resolution for simulation is 1ps
Compiling package std.standard
Compiling package std.textio
Compiling package ieee.std_logic_1164
Compiling package ieee.numeric_std
Compiling package ieee.std_logic_arith
Compiling package xpm.vcomponents
Compiling package axi_bram_ctrl_v4_1_11.axi_bram_ctrl_funcs
Compiling package xil_defaultlib.$unit_sandbox_tb_sv
Compiling package std.std
Compiling module xil_defaultlib.axi4lite_if
Compiling module blk_mem_gen_v8_4_9.blk_mem_gen_v8_4_9_output_stage(...
Compiling module blk_mem_gen_v8_4_9.blk_mem_gen_v8_4_9_softecc_outpu...
Compiling module blk_mem_gen_v8_4_9.blk_mem_gen_v8_4_9_mem_module(C_...
Compiling module blk_mem_gen_v8_4_9.blk_mem_gen_v8_4_9(C_FAMILY="zyn...
Compiling module xil_defaultlib.laser_blk_mem_gen_0_2
Compiling architecture implementation of entity axi_bram_ctrl_v4_1_11.axi_lite [\axi_lite(c_s_axi_addr_width=18,...]
Compiling architecture implementation of entity axi_bram_ctrl_v4_1_11.axi_bram_ctrl_top [\axi_bram_ctrl_top(c_bram_addr_w...]
Compiling architecture implementation of entity axi_bram_ctrl_v4_1_11.axi_bram_ctrl [\axi_bram_ctrl(c_memory_depth=65...]
Compiling architecture laser_bram_ctrl_laser_0_arch of entity xil_defaultlib.laser_bram_ctrl_laser_0 [laser_bram_ctrl_laser_0_default]
Compiling architecture laser_bram_ctrl_sw_0_arch of entity xil_defaultlib.laser_bram_ctrl_sw_0 [laser_bram_ctrl_sw_0_default]
Compiling module xil_defaultlib.laser_ila_0_1
Compiling module unisims_ver.IDELAYE2(DELAY_SRC="DATAIN",IDEL...
Compiling module xil_defaultlib.DelayChain_default
Compiling module xil_defaultlib.laser_signal_generator(warmup_pu...
Compiling module xil_defaultlib.laser_laser_signal_generat_0_0
Compiling module xil_defaultlib.laser_ila_0_0
Compiling module xil_defaultlib.laser
Compiling module xil_defaultlib.laser_wrapper
Compiling module xil_defaultlib.laser_emulator_tb
Compiling module xil_defaultlib.glbl
Built simulation snapshot laser_emulator_tb_behav
