Time resolution is 1 ps
Block Memory Generator module laser_emulator_tb.uut.laser_i.blk_mem_gen_0.inst.native_mem_mapped_module.blk_mem_gen_v8_4_9_inst is using a behavioral model for simulation which will not precisely model memory collision behavior.
Sent data to addr 00000: 07060504
Sent data to addr 00004: 0b0a0908
Sent data to addr 00008: 0f0e0d0c
Sent data to addr 0000c: 13121110
Sent data to addr 00010: 17161514
Sent data to addr 00014: 1b1a1918
Sent data to addr 00018: 1f1e1d1c
Sent data to addr 0001c: 23222120
Sent data to addr 00020: 27262524
Sent data to addr 00024: 2b2a2928
Sent data to addr 00028: 2f2e2d2c
Sent data to addr 0002c: 33323130
Sent data to addr 00030: 37363534
Sent data to addr 00034: 3b3a3938
Sent data to addr 00038: 3f3e3d3c
Sent data to addr 0003c: 43424140
Sent data to addr 00040: 47464544
Sent data to addr 00044: 4b4a4948
Sent data to addr 00048: 4f4e4d4c
Sent data to addr 0004c: 53525150
Sent data to addr 00050: 57565554
Sent data to addr 00054: 5b5a5958
Sent data to addr 00058: 5f5e5d5c
Sent data to addr 0005c: 63626160
Sent data to addr 00060: 67666564
Sent data to addr 00064: 6b6a6968
Sent data to addr 00068: 6f6e6d6c
Sent data to addr 0006c: 73727170
Sent data to addr 00070: 77767574
Sent data to addr 00074: 7b7a7978
Sent data to addr 00078: 7f7e7d7c
Sent data to addr 0007c: 83828180
Sent data to addr 00080: 87868584
Sent data to addr 00084: 8b8a8988
Sent data to addr 00088: 8f8e8d8c
Sent data to addr 0008c: 93929190
Sent data to addr 00090: 97969594
Sent data to addr 00094: 9b9a9998
Sent data to addr 00098: 9f9e9d9c
Sent data to addr 0009c: a3a2a1a0
Sent data to addr 000a0: a7a6a5a4
Sent data to addr 000a4: abaaa9a8
Sent data to addr 000a8: afaeadac
Sent data to addr 000ac: b3b2b1b0
Sent data to addr 000b0: b7b6b5b4
Sent data to addr 000b4: bbbab9b8
Sent data to addr 000b8: bfbebdbc
Sent data to addr 000bc: c3c2c1c0
Sent data to addr 000c0: c7c6c5c4
Sent data to addr 000c4: cbcac9c8
Sent data to addr 000c8: cfcecdcc
Sent data to addr 000cc: d3d2d1d0
Sent data to addr 000d0: d7d6d5d4
Sent data to addr 000d4: dbdad9d8
Sent data to addr 000d8: dfdedddc
Sent data to addr 000dc: e3e2e1e0
Sent data to addr 000e0: e7e6e5e4
Sent data to addr 000e4: ebeae9e8
Sent data to addr 000e8: efeeedec
Sent data to addr 000ec: f3f2f1f0
Sent data to addr 000f0: f7f6f5f4
Sent data to addr 000f4: fbfaf9f8
Sent data to addr 000f8: fffefdfc
Sent data to addr 000fc: 03030100
Sent data to addr 00100: 07070504
Sent data to addr 00104: 0b0b0908
Sent data to addr 00108: 0f0f0d0c
Sent data to addr 0010c: 13131110
Sent data to addr 00110: 17171514
Sent data to addr 00114: 1b1b1918
Sent data to addr 00118: 1f1f1d1c
Sent data to addr 0011c: 23232120
Sent data to addr 00120: 27272524
Sent data to addr 00124: 2b2b2928
Sent data to addr 00128: 2f2f2d2c
Sent data to addr 0012c: 33333130
Sent data to addr 00130: 37373534
Sent data to addr 00134: 3b3b3938
Sent data to addr 00138: 3f3f3d3c
Sent data to addr 0013c: 43434140
Sent data to addr 00140: 47474544
Sent data to addr 00144: 4b4b4948
Sent data to addr 00148: 4f4f4d4c
Sent data to addr 0014c: 53535150
Sent data to addr 00150: 57575554
Sent data to addr 00154: 5b5b5958
Sent data to addr 00158: 5f5f5d5c
Sent data to addr 0015c: 63636160
Sent data to addr 00160: 67676564
Sent data to addr 00164: 6b6b6968
Sent data to addr 00168: 6f6f6d6c
Sent data to addr 0016c: 73737170
Sent data to addr 00170: 77777574
Sent data to addr 00174: 7b7b7978
Sent data to addr 00178: 7f7f7d7c
Sent data to addr 0017c: 83838180
Sent data to addr 00180: 87878584
Sent data to addr 00184: 8b8b8988
Sent data to addr 00188: 8f8f8d8c
Sent data to addr 0018c: 93939190
Sent data to addr 00190: 97979594
Sent data to addr 00194: 9b9b9998
Sent data to addr 00198: 9f9f9d9c
Sent data to addr 0019c: a3a3a1a0
Sent data to addr 001a0: a7a7a5a4
Sent data to addr 001a4: ababa9a8
Sent data to addr 001a8: afafadac
Sent data to addr 001ac: b3b3b1b0
Sent data to addr 001b0: b7b7b5b4
Sent data to addr 001b4: bbbbb9b8
Sent data to addr 001b8: bfbfbdbc
Sent data to addr 001bc: c3c3c1c0
Sent data to addr 001c0: c7c7c5c4
Sent data to addr 001c4: cbcbc9c8
Sent data to addr 001c8: cfcfcdcc
Sent data to addr 001cc: d3d3d1d0
Sent data to addr 001d0: d7d7d5d4
Sent data to addr 001d4: dbdbd9d8
Sent data to addr 001d8: dfdfdddc
Sent data to addr 001dc: e3e3e1e0
Sent data to addr 001e0: e7e7e5e4
Sent data to addr 001e4: ebebe9e8
Sent data to addr 001e8: efefedec
Sent data to addr 001ec: f3f3f1f0
Sent data to addr 001f0: f7f7f5f4
Sent data to addr 001f4: fbfbf9f8
Sent data to addr 001f8: fffffdfc
Sent data to addr 001fc: 03020300
Sent data to addr 00200: 07060704
Sent data to addr 00204: 0b0a0b08
Sent data to addr 00208: 0f0e0f0c
Sent data to addr 0020c: 13121310
Sent data to addr 00210: 17161714
Sent data to addr 00214: 1b1a1b18
Sent data to addr 00218: 1f1e1f1c
Sent data to addr 0021c: 23222320
Sent data to addr 00220: 27262724
Sent data to addr 00224: 2b2a2b28
Sent data to addr 00228: 2f2e2f2c
Sent data to addr 0022c: 33323330
Sent data to addr 00230: 37363734
Sent data to addr 00234: 3b3a3b38
Sent data to addr 00238: 3f3e3f3c
Sent data to addr 0023c: 43424340
Sent data to addr 00240: 47464744
Sent data to addr 00244: 4b4a4b48
Sent data to addr 00248: 4f4e4f4c
Sent data to addr 0024c: 53525350
Sent data to addr 00250: 57565754
Sent data to addr 00254: 5b5a5b58
Sent data to addr 00258: 5f5e5f5c
Sent data to addr 0025c: 63626360
Sent data to addr 00260: 67666764
Sent data to addr 00264: 6b6a6b68
Sent data to addr 00268: 6f6e6f6c
Sent data to addr 0026c: 73727370
Sent data to addr 00270: 77767774
Sent data to addr 00274: 7b7a7b78
Sent data to addr 00278: 7f7e7f7c
Sent data to addr 0027c: 83828380
Sent data to addr 00280: 87868784
Sent data to addr 00284: 8b8a8b88
Sent data to addr 00288: 8f8e8f8c
Sent data to addr 0028c: 93929390
Sent data to addr 00290: 97969794
Sent data to addr 00294: 9b9a9b98
Sent data to addr 00298: 9f9e9f9c
Sent data to addr 0029c: a3a2a3a0
Sent data to addr 002a0: a7a6a7a4
Sent data to addr 002a4: abaaaba8
Sent data to addr 002a8: afaeafac
Sent data to addr 002ac: b3b2b3b0
Sent data to addr 002b0: b7b6b7b4
Sent data to addr 002b4: bbbabbb8
Sent data to addr 002b8: bfbebfbc
Sent data to addr 002bc: c3c2c3c0
Sent data to addr 002c0: c7c6c7c4
Sent data to addr 002c4: cbcacbc8
Sent data to addr 002c8: cfcecfcc
Sent data to addr 002cc: d3d2d3d0
Sent data to addr 002d0: d7d6d7d4
Sent data to addr 002d4: dbdadbd8
Sent data to addr 002d8: dfdedfdc
Sent data to addr 002dc: e3e2e3e0
Sent data to addr 002e0: e7e6e7e4
Sent data to addr 002e4: ebeaebe8
Sent data to addr 002e8: efeeefec
Sent data to addr 002ec: f3f2f3f0
Sent data to addr 002f0: f7f6f7f4
Sent data to addr 002f4: fbfafbf8
Sent data to addr 002f8: fffefffc
Sent data to addr 002fc: 03030300
Sent data to addr 00300: 07070704
Sent data to addr 00304: 0b0b0b08
Sent data to addr 00308: 0f0f0f0c
Sent data to addr 0030c: 13131310
Sent data to addr 00310: 17171714
Sent data to addr 00314: 1b1b1b18
Sent data to addr 00318: 1f1f1f1c
Sent data to addr 0031c: 23232320
Sent data to addr 00320: 27272724
Sent data to addr 00324: 2b2b2b28
Sent data to addr 00328: 2f2f2f2c
Sent data to addr 0032c: 33333330
Sent data to addr 00330: 37373734
Sent data to addr 00334: 3b3b3b38
Sent data to addr 00338: 3f3f3f3c
Sent data to addr 0033c: 43434340
Sent data to addr 00340: 47474744
Sent data to addr 00344: 4b4b4b48
Sent data to addr 00348: 4f4f4f4c
Sent data to addr 0034c: 53535350
Sent data to addr 00350: 57575754
Sent data to addr 00354: 5b5b5b58
Sent data to addr 00358: 5f5f5f5c
Sent data to addr 0035c: 63636360
Sent data to addr 00360: 67676764
Sent data to addr 00364: 6b6b6b68
Sent data to addr 00368: 6f6f6f6c
Sent data to addr 0036c: 73737370
Sent data to addr 00370: 77777774
Sent data to addr 00374: 7b7b7b78
Sent data to addr 00378: 7f7f7f7c
Sent data to addr 0037c: 83838380
Sent data to addr 00380: 87878784
Sent data to addr 00384: 8b8b8b88
Sent data to addr 00388: 8f8f8f8c
Sent data to addr 0038c: 93939390
Sent data to addr 00390: 97979794
Sent data to addr 00394: 9b9b9b98
Sent data to addr 00398: 9f9f9f9c
Sent data to addr 0039c: a3a3a3a0
Sent data to addr 003a0: a7a7a7a4
Sent data to addr 003a4: abababa8
Sent data to addr 003a8: afafafac
Sent data to addr 003ac: b3b3b3b0
Sent data to addr 003b0: b7b7b7b4
Sent data to addr 003b4: bbbbbbb8
Sent data to addr 003b8: bfbfbfbc
Sent data to addr 003bc: c3c3c3c0
Sent data to addr 003c0: c7c7c7c4
Sent data to addr 003c4: cbcbcbc8
Sent data to addr 003c8: cfcfcfcc
Sent data to addr 003cc: d3d3d3d0
Sent data to addr 003d0: d7d7d7d4
Sent data to addr 003d4: dbdbdbd8
Sent data to addr 003d8: dfdfdfdc
Sent data to addr 003dc: e3e3e3e0
Sent data to addr 003e0: e7e7e7e4
Sent data to addr 003e4: ebebebe8
Sent data to addr 003e8: efefefec
Sent data to addr 003ec: f3f3f3f0
Sent data to addr 003f0: f7f7f7f4
Sent data to addr 003f4: fbfbfbf8
Sent data to addr 003f8: fffffffc
Sent data to addr 003fc: 07060500
Sent data to addr 00400: 07060504
Sent data to addr 00404: 0f0e0d08
Sent data to addr 00408: 0f0e0d0c
Sent data to addr 0040c: 17161510
Sent data to addr 00410: 17161514
Sent data to addr 00414: 1f1e1d18
Sent data to addr 00418: 1f1e1d1c
Sent data to addr 0041c: 27262520
Sent data to addr 00420: 27262524
Sent data to addr 00424: 2f2e2d28
Sent data to addr 00428: 2f2e2d2c
Sent data to addr 0042c: 37363530
Sent data to addr 00430: 37363534
Sent data to addr 00434: 3f3e3d38
Sent data to addr 00438: 3f3e3d3c
Sent data to addr 0043c: 47464540
Sent data to addr 00440: 47464544
Sent data to addr 00444: 4f4e4d48
Sent data to addr 00448: 4f4e4d4c
Sent data to addr 0044c: 57565550
Sent data to addr 00450: 57565554
Sent data to addr 00454: 5f5e5d58
Sent data to addr 00458: 5f5e5d5c
Sent data to addr 0045c: 67666560
Sent data to addr 00460: 67666564
Sent data to addr 00464: 6f6e6d68
Sent data to addr 00468: 6f6e6d6c
Sent data to addr 0046c: 77767570
Sent data to addr 00470: 77767574
Sent data to addr 00474: 7f7e7d78
Sent data to addr 00478: 7f7e7d7c
Sent data to addr 0047c: 87868580
Sent data to addr 00480: 87868584
Sent data to addr 00484: 8f8e8d88
Sent data to addr 00488: 8f8e8d8c
Sent data to addr 0048c: 97969590
Sent data to addr 00490: 97969594
Sent data to addr 00494: 9f9e9d98
Sent data to addr 00498: 9f9e9d9c
Sent data to addr 0049c: a7a6a5a0
Sent data to addr 004a0: a7a6a5a4
Sent data to addr 004a4: afaeada8
Sent data to addr 004a8: afaeadac
Sent data to addr 004ac: b7b6b5b0
Sent data to addr 004b0: b7b6b5b4
Sent data to addr 004b4: bfbebdb8
Sent data to addr 004b8: bfbebdbc
Sent data to addr 004bc: c7c6c5c0
Sent data to addr 004c0: c7c6c5c4
Sent data to addr 004c4: cfcecdc8
Sent data to addr 004c8: cfcecdcc
Sent data to addr 004cc: d7d6d5d0
Sent data to addr 004d0: d7d6d5d4
Sent data to addr 004d4: dfdeddd8
Sent data to addr 004d8: dfdedddc
Sent data to addr 004dc: e7e6e5e0
Sent data to addr 004e0: e7e6e5e4
Sent data to addr 004e4: efeeede8
Sent data to addr 004e8: efeeedec
Sent data to addr 004ec: f7f6f5f0
Sent data to addr 004f0: f7f6f5f4
Sent data to addr 004f4: fffefdf8
Sent data to addr 004f8: fffefdfc
Sent data to addr 004fc: 07070500
Sent data to addr 00500: 07070504
Sent data to addr 00504: 0f0f0d08
Sent data to addr 00508: 0f0f0d0c
Sent data to addr 0050c: 17171510
Sent data to addr 00510: 17171514
Sent data to addr 00514: 1f1f1d18
Sent data to addr 00518: 1f1f1d1c
Sent data to addr 0051c: 27272520
Sent data to addr 00520: 27272524
Sent data to addr 00524: 2f2f2d28
Sent data to addr 00528: 2f2f2d2c
Sent data to addr 0052c: 37373530
Sent data to addr 00530: 37373534
Sent data to addr 00534: 3f3f3d38
Sent data to addr 00538: 3f3f3d3c
Sent data to addr 0053c: 47474540
Sent data to addr 00540: 47474544
Sent data to addr 00544: 4f4f4d48
Sent data to addr 00548: 4f4f4d4c
Sent data to addr 0054c: 57575550
Sent data to addr 00550: 57575554
Sent data to addr 00554: 5f5f5d58
Sent data to addr 00558: 5f5f5d5c
Sent data to addr 0055c: 67676560
Sent data to addr 00560: 67676564
Sent data to addr 00564: 6f6f6d68
Sent data to addr 00568: 6f6f6d6c
Sent data to addr 0056c: 77777570
Sent data to addr 00570: 77777574
Sent data to addr 00574: 7f7f7d78
Sent data to addr 00578: 7f7f7d7c
Sent data to addr 0057c: 87878580
Sent data to addr 00580: 87878584
Sent data to addr 00584: 8f8f8d88
Sent data to addr 00588: 8f8f8d8c
Sent data to addr 0058c: 97979590
Sent data to addr 00590: 97979594
Sent data to addr 00594: 9f9f9d98
Sent data to addr 00598: 9f9f9d9c
Sent data to addr 0059c: a7a7a5a0
Sent data to addr 005a0: a7a7a5a4
Sent data to addr 005a4: afafada8
Sent data to addr 005a8: afafadac
Sent data to addr 005ac: b7b7b5b0
Sent data to addr 005b0: b7b7b5b4
Sent data to addr 005b4: bfbfbdb8
Sent data to addr 005b8: bfbfbdbc
Sent data to addr 005bc: c7c7c5c0
Sent data to addr 005c0: c7c7c5c4
Sent data to addr 005c4: cfcfcdc8
Sent data to addr 005c8: cfcfcdcc
Sent data to addr 005cc: d7d7d5d0
Sent data to addr 005d0: d7d7d5d4
Sent data to addr 005d4: dfdfddd8
Sent data to addr 005d8: dfdfdddc
Sent data to addr 005dc: e7e7e5e0
Sent data to addr 005e0: e7e7e5e4
Sent data to addr 005e4: efefede8
Sent data to addr 005e8: efefedec
Sent data to addr 005ec: f7f7f5f0
Sent data to addr 005f0: f7f7f5f4
Sent data to addr 005f4: fffffdf8
Sent data to addr 005f8: fffffdfc
Sent data to addr 005fc: 07060700
Sent data to addr 00600: 07060704
Sent data to addr 00604: 0f0e0f08
Sent data to addr 00608: 0f0e0f0c
Sent data to addr 0060c: 17161710
Sent data to addr 00610: 17161714
Sent data to addr 00614: 1f1e1f18
Sent data to addr 00618: 1f1e1f1c
Sent data to addr 0061c: 27262720
Sent data to addr 00620: 27262724
Sent data to addr 00624: 2f2e2f28
Sent data to addr 00628: 2f2e2f2c
Sent data to addr 0062c: 37363730
Sent data to addr 00630: 37363734
Sent data to addr 00634: 3f3e3f38
Sent data to addr 00638: 3f3e3f3c
Sent data to addr 0063c: 47464740
Sent data to addr 00640: 47464744
Sent data to addr 00644: 4f4e4f48
Sent data to addr 00648: 4f4e4f4c
Sent data to addr 0064c: 57565750
Sent data to addr 00650: 57565754
Sent data to addr 00654: 5f5e5f58
Sent data to addr 00658: 5f5e5f5c
Sent data to addr 0065c: 67666760
Sent data to addr 00660: 67666764
Sent data to addr 00664: 6f6e6f68
Sent data to addr 00668: 6f6e6f6c
Sent data to addr 0066c: 77767770
Sent data to addr 00670: 77767774
Sent data to addr 00674: 7f7e7f78
Sent data to addr 00678: 7f7e7f7c
Sent data to addr 0067c: 87868780
Sent data to addr 00680: 87868784
Sent data to addr 00684: 8f8e8f88
Sent data to addr 00688: 8f8e8f8c
Sent data to addr 0068c: 97969790
Sent data to addr 00690: 97969794
Sent data to addr 00694: 9f9e9f98
Sent data to addr 00698: 9f9e9f9c
Sent data to addr 0069c: a7a6a7a0
Sent data to addr 006a0: a7a6a7a4
Sent data to addr 006a4: afaeafa8
Sent data to addr 006a8: afaeafac
Sent data to addr 006ac: b7b6b7b0
Sent data to addr 006b0: b7b6b7b4
Sent data to addr 006b4: bfbebfb8
Sent data to addr 006b8: bfbebfbc
Sent data to addr 006bc: c7c6c7c0
Sent data to addr 006c0: c7c6c7c4
Sent data to addr 006c4: cfcecfc8
Sent data to addr 006c8: cfcecfcc
Sent data to addr 006cc: d7d6d7d0
Sent data to addr 006d0: d7d6d7d4
Sent data to addr 006d4: dfdedfd8
Sent data to addr 006d8: dfdedfdc
Sent data to addr 006dc: e7e6e7e0
Sent data to addr 006e0: e7e6e7e4
Sent data to addr 006e4: efeeefe8
Sent data to addr 006e8: efeeefec
Sent data to addr 006ec: f7f6f7f0
Sent data to addr 006f0: f7f6f7f4
Sent data to addr 006f4: fffefff8
Sent data to addr 006f8: fffefffc
Sent data to addr 006fc: 07070700
Sent data to addr 00700: 07070704
Sent data to addr 00704: 0f0f0f08
Sent data to addr 00708: 0f0f0f0c
Sent data to addr 0070c: 17171710
Sent data to addr 00710: 17171714
Sent data to addr 00714: 1f1f1f18
Sent data to addr 00718: 1f1f1f1c
Sent data to addr 0071c: 27272720
Sent data to addr 00720: 27272724
Sent data to addr 00724: 2f2f2f28
Sent data to addr 00728: 2f2f2f2c
Sent data to addr 0072c: 37373730
Sent data to addr 00730: 37373734
Sent data to addr 00734: 3f3f3f38
Sent data to addr 00738: 3f3f3f3c
Sent data to addr 0073c: 47474740
Sent data to addr 00740: 47474744
Sent data to addr 00744: 4f4f4f48
Sent data to addr 00748: 4f4f4f4c
Sent data to addr 0074c: 57575750
Sent data to addr 00750: 57575754
Sent data to addr 00754: 5f5f5f58
Sent data to addr 00758: 5f5f5f5c
Sent data to addr 0075c: 67676760
Sent data to addr 00760: 67676764
Sent data to addr 00764: 6f6f6f68
Sent data to addr 00768: 6f6f6f6c
Sent data to addr 0076c: 77777770
Sent data to addr 00770: 77777774
Sent data to addr 00774: 7f7f7f78
Sent data to addr 00778: 7f7f7f7c
Sent data to addr 0077c: 87878780
Sent data to addr 00780: 87878784
Sent data to addr 00784: 8f8f8f88
Sent data to addr 00788: 8f8f8f8c
Sent data to addr 0078c: 97979790
Sent data to addr 00790: 97979794
Sent data to addr 00794: 9f9f9f98
Sent data to addr 00798: 9f9f9f9c
Sent data to addr 0079c: a7a7a7a0
Sent data to addr 007a0: a7a7a7a4
Sent data to addr 007a4: afafafa8
Sent data to addr 007a8: afafafac
Sent data to addr 007ac: b7b7b7b0
Sent data to addr 007b0: b7b7b7b4
Sent data to addr 007b4: bfbfbfb8
Sent data to addr 007b8: bfbfbfbc
Sent data to addr 007bc: c7c7c7c0
Sent data to addr 007c0: c7c7c7c4
Sent data to addr 007c4: cfcfcfc8
Sent data to addr 007c8: cfcfcfcc
Sent data to addr 007cc: d7d7d7d0
Sent data to addr 007d0: d7d7d7d4
Sent data to addr 007d4: dfdfdfd8
Sent data to addr 007d8: dfdfdfdc
Sent data to addr 007dc: e7e7e7e0
Sent data to addr 007e0: e7e7e7e4
Sent data to addr 007e4: efefefe8
Sent data to addr 007e8: efefefec
Sent data to addr 007ec: f7f7f7f0
Sent data to addr 007f0: f7f7f7f4
Sent data to addr 007f4: fffffff8
Sent data to addr 007f8: fffffffc
Sent data to addr 007fc: 0b0a0900
Sent data to addr 00800: 0f0e0d04
Sent data to addr 00804: 0b0a0908
Sent data to addr 00808: 0f0e0d0c
Sent data to addr 0080c: 1b1a1910
Sent data to addr 00810: 1f1e1d14
Sent data to addr 00814: 1b1a1918
Sent data to addr 00818: 1f1e1d1c
Sent data to addr 0081c: 2b2a2920
Sent data to addr 00820: 2f2e2d24
Sent data to addr 00824: 2b2a2928
Sent data to addr 00828: 2f2e2d2c
Sent data to addr 0082c: 3b3a3930
Sent data to addr 00830: 3f3e3d34
Sent data to addr 00834: 3b3a3938
Sent data to addr 00838: 3f3e3d3c
Sent data to addr 0083c: 4b4a4940
Sent data to addr 00840: 4f4e4d44
Sent data to addr 00844: 4b4a4948
Sent data to addr 00848: 4f4e4d4c
Sent data to addr 0084c: 5b5a5950
Sent data to addr 00850: 5f5e5d54
Sent data to addr 00854: 5b5a5958
Sent data to addr 00858: 5f5e5d5c
Sent data to addr 0085c: 6b6a6960
Sent data to addr 00860: 6f6e6d64
Sent data to addr 00864: 6b6a6968
Sent data to addr 00868: 6f6e6d6c
Sent data to addr 0086c: 7b7a7970
Sent data to addr 00870: 7f7e7d74
Sent data to addr 00874: 7b7a7978
Sent data to addr 00878: 7f7e7d7c
Sent data to addr 0087c: 8b8a8980
Sent data to addr 00880: 8f8e8d84
Sent data to addr 00884: 8b8a8988
Sent data to addr 00888: 8f8e8d8c
Sent data to addr 0088c: 9b9a9990
Sent data to addr 00890: 9f9e9d94
Sent data to addr 00894: 9b9a9998
Sent data to addr 00898: 9f9e9d9c
Sent data to addr 0089c: abaaa9a0
Sent data to addr 008a0: afaeada4
Sent data to addr 008a4: abaaa9a8
Sent data to addr 008a8: afaeadac
Sent data to addr 008ac: bbbab9b0
Sent data to addr 008b0: bfbebdb4
Sent data to addr 008b4: bbbab9b8
Sent data to addr 008b8: bfbebdbc
Sent data to addr 008bc: cbcac9c0
Sent data to addr 008c0: cfcecdc4
Sent data to addr 008c4: cbcac9c8
Sent data to addr 008c8: cfcecdcc
Sent data to addr 008cc: dbdad9d0
Sent data to addr 008d0: dfdeddd4
Sent data to addr 008d4: dbdad9d8
Sent data to addr 008d8: dfdedddc
Sent data to addr 008dc: ebeae9e0
Sent data to addr 008e0: efeeede4
Sent data to addr 008e4: ebeae9e8
Sent data to addr 008e8: efeeedec
Sent data to addr 008ec: fbfaf9f0
Sent data to addr 008f0: fffefdf4
Sent data to addr 008f4: fbfaf9f8
Sent data to addr 008f8: fffefdfc
Sent data to addr 008fc: 0b0b0900
Sent data to addr 00900: 0f0f0d04
Sent data to addr 00904: 0b0b0908
Sent data to addr 00908: 0f0f0d0c
Sent data to addr 0090c: 1b1b1910
Sent data to addr 00910: 1f1f1d14
Sent data to addr 00914: 1b1b1918
Sent data to addr 00918: 1f1f1d1c
Sent data to addr 0091c: 2b2b2920
Sent data to addr 00920: 2f2f2d24
Sent data to addr 00924: 2b2b2928
Sent data to addr 00928: 2f2f2d2c
Sent data to addr 0092c: 3b3b3930
Sent data to addr 00930: 3f3f3d34
Sent data to addr 00934: 3b3b3938
Sent data to addr 00938: 3f3f3d3c
Sent data to addr 0093c: 4b4b4940
Sent data to addr 00940: 4f4f4d44
Sent data to addr 00944: 4b4b4948
Sent data to addr 00948: 4f4f4d4c
Sent data to addr 0094c: 5b5b5950
Sent data to addr 00950: 5f5f5d54
Sent data to addr 00954: 5b5b5958
Sent data to addr 00958: 5f5f5d5c
Sent data to addr 0095c: 6b6b6960
Sent data to addr 00960: 6f6f6d64
Sent data to addr 00964: 6b6b6968
Sent data to addr 00968: 6f6f6d6c
Sent data to addr 0096c: 7b7b7970
Sent data to addr 00970: 7f7f7d74
Sent data to addr 00974: 7b7b7978
Sent data to addr 00978: 7f7f7d7c
Sent data to addr 0097c: 8b8b8980
Sent data to addr 00980: 8f8f8d84
Sent data to addr 00984: 8b8b8988
Sent data to addr 00988: 8f8f8d8c
Sent data to addr 0098c: 9b9b9990
Sent data to addr 00990: 9f9f9d94
Sent data to addr 00994: 9b9b9998
Sent data to addr 00998: 9f9f9d9c
Sent data to addr 0099c: ababa9a0
Sent data to addr 009a0: afafada4
Sent data to addr 009a4: ababa9a8
Sent data to addr 009a8: afafadac
Sent data to addr 009ac: bbbbb9b0
Sent data to addr 009b0: bfbfbdb4
Sent data to addr 009b4: bbbbb9b8
Sent data to addr 009b8: bfbfbdbc
Sent data to addr 009bc: cbcbc9c0
Sent data to addr 009c0: cfcfcdc4
Sent data to addr 009c4: cbcbc9c8
Sent data to addr 009c8: cfcfcdcc
Sent data to addr 009cc: dbdbd9d0
Sent data to addr 009d0: dfdfddd4
Sent data to addr 009d4: dbdbd9d8
Sent data to addr 009d8: dfdfdddc
Sent data to addr 009dc: ebebe9e0
Sent data to addr 009e0: efefede4
Sent data to addr 009e4: ebebe9e8
Sent data to addr 009e8: efefedec
Sent data to addr 009ec: fbfbf9f0
Sent data to addr 009f0: fffffdf4
Sent data to addr 009f4: fbfbf9f8
Sent data to addr 009f8: fffffdfc
Sent data to addr 009fc: 0b0a0b00
Sent data to addr 00a00: 0f0e0f04
Sent data to addr 00a04: 0b0a0b08
Sent data to addr 00a08: 0f0e0f0c
Sent data to addr 00a0c: 1b1a1b10
Sent data to addr 00a10: 1f1e1f14
Sent data to addr 00a14: 1b1a1b18
Sent data to addr 00a18: 1f1e1f1c
Sent data to addr 00a1c: 2b2a2b20
Sent data to addr 00a20: 2f2e2f24
Sent data to addr 00a24: 2b2a2b28
Sent data to addr 00a28: 2f2e2f2c
Sent data to addr 00a2c: 3b3a3b30
Sent data to addr 00a30: 3f3e3f34
Sent data to addr 00a34: 3b3a3b38
Sent data to addr 00a38: 3f3e3f3c
Sent data to addr 00a3c: 4b4a4b40
Sent data to addr 00a40: 4f4e4f44
Sent data to addr 00a44: 4b4a4b48
Sent data to addr 00a48: 4f4e4f4c
Sent data to addr 00a4c: 5b5a5b50
Sent data to addr 00a50: 5f5e5f54
Sent data to addr 00a54: 5b5a5b58
Sent data to addr 00a58: 5f5e5f5c
Sent data to addr 00a5c: 6b6a6b60
Sent data to addr 00a60: 6f6e6f64
Sent data to addr 00a64: 6b6a6b68
Sent data to addr 00a68: 6f6e6f6c
Sent data to addr 00a6c: 7b7a7b70
Sent data to addr 00a70: 7f7e7f74
Sent data to addr 00a74: 7b7a7b78
Sent data to addr 00a78: 7f7e7f7c
Sent data to addr 00a7c: 8b8a8b80
Sent data to addr 00a80: 8f8e8f84
Sent data to addr 00a84: 8b8a8b88
Sent data to addr 00a88: 8f8e8f8c
Sent data to addr 00a8c: 9b9a9b90
Sent data to addr 00a90: 9f9e9f94
Sent data to addr 00a94: 9b9a9b98
Sent data to addr 00a98: 9f9e9f9c
Sent data to addr 00a9c: abaaaba0
Sent data to addr 00aa0: afaeafa4
Sent data to addr 00aa4: abaaaba8
Sent data to addr 00aa8: afaeafac
Sent data to addr 00aac: bbbabbb0
Sent data to addr 00ab0: bfbebfb4
Sent data to addr 00ab4: bbbabbb8
Sent data to addr 00ab8: bfbebfbc
Sent data to addr 00abc: cbcacbc0
Sent data to addr 00ac0: cfcecfc4
Sent data to addr 00ac4: cbcacbc8
Sent data to addr 00ac8: cfcecfcc
Sent data to addr 00acc: dbdadbd0
Sent data to addr 00ad0: dfdedfd4
Sent data to addr 00ad4: dbdadbd8
Sent data to addr 00ad8: dfdedfdc
Sent data to addr 00adc: ebeaebe0
Sent data to addr 00ae0: efeeefe4
Sent data to addr 00ae4: ebeaebe8
Sent data to addr 00ae8: efeeefec
Sent data to addr 00aec: fbfafbf0
Sent data to addr 00af0: fffefff4
Sent data to addr 00af4: fbfafbf8
Sent data to addr 00af8: fffefffc
Sent data to addr 00afc: 0b0b0b00
Sent data to addr 00b00: 0f0f0f04
Sent data to addr 00b04: 0b0b0b08
Sent data to addr 00b08: 0f0f0f0c
Sent data to addr 00b0c: 1b1b1b10
Sent data to addr 00b10: 1f1f1f14
Sent data to addr 00b14: 1b1b1b18
Sent data to addr 00b18: 1f1f1f1c
Sent data to addr 00b1c: 2b2b2b20
Sent data to addr 00b20: 2f2f2f24
Sent data to addr 00b24: 2b2b2b28
Sent data to addr 00b28: 2f2f2f2c
Sent data to addr 00b2c: 3b3b3b30
Sent data to addr 00b30: 3f3f3f34
Sent data to addr 00b34: 3b3b3b38
Sent data to addr 00b38: 3f3f3f3c
Sent data to addr 00b3c: 4b4b4b40
Sent data to addr 00b40: 4f4f4f44
Sent data to addr 00b44: 4b4b4b48
Sent data to addr 00b48: 4f4f4f4c
Sent data to addr 00b4c: 5b5b5b50
Sent data to addr 00b50: 5f5f5f54
Sent data to addr 00b54: 5b5b5b58
Sent data to addr 00b58: 5f5f5f5c
Sent data to addr 00b5c: 6b6b6b60
Sent data to addr 00b60: 6f6f6f64
Sent data to addr 00b64: 6b6b6b68
Sent data to addr 00b68: 6f6f6f6c
Sent data to addr 00b6c: 7b7b7b70
Sent data to addr 00b70: 7f7f7f74
Sent data to addr 00b74: 7b7b7b78
Sent data to addr 00b78: 7f7f7f7c
Sent data to addr 00b7c: 8b8b8b80
Sent data to addr 00b80: 8f8f8f84
Sent data to addr 00b84: 8b8b8b88
Sent data to addr 00b88: 8f8f8f8c
Sent data to addr 00b8c: 9b9b9b90
Sent data to addr 00b90: 9f9f9f94
Sent data to addr 00b94: 9b9b9b98
Sent data to addr 00b98: 9f9f9f9c
Sent data to addr 00b9c: abababa0
Sent data to addr 00ba0: afafafa4
Sent data to addr 00ba4: abababa8
Sent data to addr 00ba8: afafafac
Sent data to addr 00bac: bbbbbbb0
Sent data to addr 00bb0: bfbfbfb4
Sent data to addr 00bb4: bbbbbbb8
Sent data to addr 00bb8: bfbfbfbc
Sent data to addr 00bbc: cbcbcbc0
Sent data to addr 00bc0: cfcfcfc4
Sent data to addr 00bc4: cbcbcbc8
Sent data to addr 00bc8: cfcfcfcc
Sent data to addr 00bcc: dbdbdbd0
Sent data to addr 00bd0: dfdfdfd4
Sent data to addr 00bd4: dbdbdbd8
Sent data to addr 00bd8: dfdfdfdc
Sent data to addr 00bdc: ebebebe0
Sent data to addr 00be0: efefefe4
Sent data to addr 00be4: ebebebe8
Sent data to addr 00be8: efefefec
Sent data to addr 00bec: fbfbfbf0
Sent data to addr 00bf0: fffffff4
Sent data to addr 00bf4: fbfbfbf8
Sent data to addr 00bf8: fffffffc
Sent data to addr 00bfc: 0f0e0d00
Sent data to addr 00c00: 0f0e0d04
Sent data to addr 00c04: 0f0e0d08
Sent data to addr 00c08: 0f0e0d0c
Sent data to addr 00c0c: 1f1e1d10
Sent data to addr 00c10: 1f1e1d14
Sent data to addr 00c14: 1f1e1d18
Sent data to addr 00c18: 1f1e1d1c
Sent data to addr 00c1c: 2f2e2d20
Sent data to addr 00c20: 2f2e2d24
Sent data to addr 00c24: 2f2e2d28
Sent data to addr 00c28: 2f2e2d2c
Sent data to addr 00c2c: 3f3e3d30
Sent data to addr 00c30: 3f3e3d34
Sent data to addr 00c34: 3f3e3d38
Sent data to addr 00c38: 3f3e3d3c
Sent data to addr 00c3c: 4f4e4d40
Sent data to addr 00c40: 4f4e4d44
Sent data to addr 00c44: 4f4e4d48
Sent data to addr 00c48: 4f4e4d4c
Sent data to addr 00c4c: 5f5e5d50
Sent data to addr 00c50: 5f5e5d54
Sent data to addr 00c54: 5f5e5d58
Sent data to addr 00c58: 5f5e5d5c
Sent data to addr 00c5c: 6f6e6d60
Sent data to addr 00c60: 6f6e6d64
Sent data to addr 00c64: 6f6e6d68
Sent data to addr 00c68: 6f6e6d6c
Sent data to addr 00c6c: 7f7e7d70
Sent data to addr 00c70: 7f7e7d74
Sent data to addr 00c74: 7f7e7d78
Sent data to addr 00c78: 7f7e7d7c
Sent data to addr 00c7c: 8f8e8d80
Sent data to addr 00c80: 8f8e8d84
Sent data to addr 00c84: 8f8e8d88
Sent data to addr 00c88: 8f8e8d8c
Sent data to addr 00c8c: 9f9e9d90
Sent data to addr 00c90: 9f9e9d94
Sent data to addr 00c94: 9f9e9d98
Sent data to addr 00c98: 9f9e9d9c
Sent data to addr 00c9c: afaeada0
Sent data to addr 00ca0: afaeada4
Sent data to addr 00ca4: afaeada8
Sent data to addr 00ca8: afaeadac
Sent data to addr 00cac: bfbebdb0
Sent data to addr 00cb0: bfbebdb4
Sent data to addr 00cb4: bfbebdb8
Sent data to addr 00cb8: bfbebdbc
Sent data to addr 00cbc: cfcecdc0
Sent data to addr 00cc0: cfcecdc4
Sent data to addr 00cc4: cfcecdc8
Sent data to addr 00cc8: cfcecdcc
Sent data to addr 00ccc: dfdeddd0
Sent data to addr 00cd0: dfdeddd4
Sent data to addr 00cd4: dfdeddd8
Sent data to addr 00cd8: dfdedddc
Sent data to addr 00cdc: efeeede0
Sent data to addr 00ce0: efeeede4
Sent data to addr 00ce4: efeeede8
Sent data to addr 00ce8: efeeedec
Sent data to addr 00cec: fffefdf0
Sent data to addr 00cf0: fffefdf4
Sent data to addr 00cf4: fffefdf8
Sent data to addr 00cf8: fffefdfc
Sent data to addr 00cfc: 0f0f0d00
Sent data to addr 00d00: 0f0f0d04
Sent data to addr 00d04: 0f0f0d08
Sent data to addr 00d08: 0f0f0d0c
Sent data to addr 00d0c: 1f1f1d10
Sent data to addr 00d10: 1f1f1d14
Sent data to addr 00d14: 1f1f1d18
Sent data to addr 00d18: 1f1f1d1c
Sent data to addr 00d1c: 2f2f2d20
Sent data to addr 00d20: 2f2f2d24
Sent data to addr 00d24: 2f2f2d28
Sent data to addr 00d28: 2f2f2d2c
Sent data to addr 00d2c: 3f3f3d30
Sent data to addr 00d30: 3f3f3d34
Sent data to addr 00d34: 3f3f3d38
Sent data to addr 00d38: 3f3f3d3c
Sent data to addr 00d3c: 4f4f4d40
Sent data to addr 00d40: 4f4f4d44
Sent data to addr 00d44: 4f4f4d48
Sent data to addr 00d48: 4f4f4d4c
Sent data to addr 00d4c: 5f5f5d50
Sent data to addr 00d50: 5f5f5d54
Sent data to addr 00d54: 5f5f5d58
Sent data to addr 00d58: 5f5f5d5c
Sent data to addr 00d5c: 6f6f6d60
Sent data to addr 00d60: 6f6f6d64
Sent data to addr 00d64: 6f6f6d68
Sent data to addr 00d68: 6f6f6d6c
Sent data to addr 00d6c: 7f7f7d70
Sent data to addr 00d70: 7f7f7d74
Sent data to addr 00d74: 7f7f7d78
Sent data to addr 00d78: 7f7f7d7c
Sent data to addr 00d7c: 8f8f8d80
Sent data to addr 00d80: 8f8f8d84
Sent data to addr 00d84: 8f8f8d88
Sent data to addr 00d88: 8f8f8d8c
Sent data to addr 00d8c: 9f9f9d90
Sent data to addr 00d90: 9f9f9d94
Sent data to addr 00d94: 9f9f9d98
Sent data to addr 00d98: 9f9f9d9c
Sent data to addr 00d9c: afafada0
Sent data to addr 00da0: afafada4
Sent data to addr 00da4: afafada8
Sent data to addr 00da8: afafadac
Sent data to addr 00dac: bfbfbdb0
Sent data to addr 00db0: bfbfbdb4
Sent data to addr 00db4: bfbfbdb8
Sent data to addr 00db8: bfbfbdbc
Sent data to addr 00dbc: cfcfcdc0
Sent data to addr 00dc0: cfcfcdc4
Sent data to addr 00dc4: cfcfcdc8
Sent data to addr 00dc8: cfcfcdcc
Sent data to addr 00dcc: dfdfddd0
Sent data to addr 00dd0: dfdfddd4
Sent data to addr 00dd4: dfdfddd8
Sent data to addr 00dd8: dfdfdddc
Sent data to addr 00ddc: efefede0
Sent data to addr 00de0: efefede4
Sent data to addr 00de4: efefede8
Sent data to addr 00de8: efefedec
Sent data to addr 00dec: fffffdf0
Sent data to addr 00df0: fffffdf4
Sent data to addr 00df4: fffffdf8
Sent data to addr 00df8: fffffdfc
Sent data to addr 00dfc: 0f0e0f00
Sent data to addr 00e00: 0f0e0f04
Sent data to addr 00e04: 0f0e0f08
Sent data to addr 00e08: 0f0e0f0c
Sent data to addr 00e0c: 1f1e1f10
Sent data to addr 00e10: 1f1e1f14
Sent data to addr 00e14: 1f1e1f18
Sent data to addr 00e18: 1f1e1f1c
Sent data to addr 00e1c: 2f2e2f20
Sent data to addr 00e20: 2f2e2f24
Sent data to addr 00e24: 2f2e2f28
Sent data to addr 00e28: 2f2e2f2c
Sent data to addr 00e2c: 3f3e3f30
Sent data to addr 00e30: 3f3e3f34
Sent data to addr 00e34: 3f3e3f38
Sent data to addr 00e38: 3f3e3f3c
Sent data to addr 00e3c: 4f4e4f40
Sent data to addr 00e40: 4f4e4f44
Sent data to addr 00e44: 4f4e4f48
Sent data to addr 00e48: 4f4e4f4c
Sent data to addr 00e4c: 5f5e5f50
Sent data to addr 00e50: 5f5e5f54
Sent data to addr 00e54: 5f5e5f58
Sent data to addr 00e58: 5f5e5f5c
Sent data to addr 00e5c: 6f6e6f60
Sent data to addr 00e60: 6f6e6f64
Sent data to addr 00e64: 6f6e6f68
Sent data to addr 00e68: 6f6e6f6c
Sent data to addr 00e6c: 7f7e7f70
Sent data to addr 00e70: 7f7e7f74
Sent data to addr 00e74: 7f7e7f78
Sent data to addr 00e78: 7f7e7f7c
Sent data to addr 00e7c: 8f8e8f80
Sent data to addr 00e80: 8f8e8f84
Sent data to addr 00e84: 8f8e8f88
Sent data to addr 00e88: 8f8e8f8c
Sent data to addr 00e8c: 9f9e9f90
Sent data to addr 00e90: 9f9e9f94
Sent data to addr 00e94: 9f9e9f98
Sent data to addr 00e98: 9f9e9f9c
Sent data to addr 00e9c: afaeafa0
Sent data to addr 00ea0: afaeafa4
Sent data to addr 00ea4: afaeafa8
Sent data to addr 00ea8: afaeafac
Sent data to addr 00eac: bfbebfb0
Sent data to addr 00eb0: bfbebfb4
Sent data to addr 00eb4: bfbebfb8
Sent data to addr 00eb8: bfbebfbc
Sent data to addr 00ebc: cfcecfc0
Sent data to addr 00ec0: cfcecfc4
Sent data to addr 00ec4: cfcecfc8
Sent data to addr 00ec8: cfcecfcc
Sent data to addr 00ecc: dfdedfd0
Sent data to addr 00ed0: dfdedfd4
Sent data to addr 00ed4: dfdedfd8
Sent data to addr 00ed8: dfdedfdc
Sent data to addr 00edc: efeeefe0
Sent data to addr 00ee0: efeeefe4
Sent data to addr 00ee4: efeeefe8
Sent data to addr 00ee8: efeeefec
Sent data to addr 00eec: fffefff0
Sent data to addr 00ef0: fffefff4
Sent data to addr 00ef4: fffefff8
Sent data to addr 00ef8: fffefffc
Sent data to addr 00efc: 0f0f0f00
Sent data to addr 00f00: 0f0f0f04
Sent data to addr 00f04: 0f0f0f08
Sent data to addr 00f08: 0f0f0f0c
Sent data to addr 00f0c: 1f1f1f10
Sent data to addr 00f10: 1f1f1f14
Sent data to addr 00f14: 1f1f1f18
Sent data to addr 00f18: 1f1f1f1c
Sent data to addr 00f1c: 2f2f2f20
Sent data to addr 00f20: 2f2f2f24
Sent data to addr 00f24: 2f2f2f28
Sent data to addr 00f28: 2f2f2f2c
Sent data to addr 00f2c: 3f3f3f30
Sent data to addr 00f30: 3f3f3f34
Sent data to addr 00f34: 3f3f3f38
Sent data to addr 00f38: 3f3f3f3c
Sent data to addr 00f3c: 4f4f4f40
Sent data to addr 00f40: 4f4f4f44
Sent data to addr 00f44: 4f4f4f48
Sent data to addr 00f48: 4f4f4f4c
Sent data to addr 00f4c: 5f5f5f50
Sent data to addr 00f50: 5f5f5f54
Sent data to addr 00f54: 5f5f5f58
Sent data to addr 00f58: 5f5f5f5c
Sent data to addr 00f5c: 6f6f6f60
Sent data to addr 00f60: 6f6f6f64
Sent data to addr 00f64: 6f6f6f68
Sent data to addr 00f68: 6f6f6f6c
Sent data to addr 00f6c: 7f7f7f70
Sent data to addr 00f70: 7f7f7f74
Sent data to addr 00f74: 7f7f7f78
Sent data to addr 00f78: 7f7f7f7c
Sent data to addr 00f7c: 8f8f8f80
Sent data to addr 00f80: 8f8f8f84
Sent data to addr 00f84: 8f8f8f88
Sent data to addr 00f88: 8f8f8f8c
Sent data to addr 00f8c: 9f9f9f90
Sent data to addr 00f90: 9f9f9f94
Sent data to addr 00f94: 9f9f9f98
Sent data to addr 00f98: 9f9f9f9c
Sent data to addr 00f9c: afafafa0
Sent data to addr 00fa0: afafafa4
Sent data to addr 00fa4: afafafa8
Sent data to addr 00fa8: afafafac
Sent data to addr 00fac: bfbfbfb0
Sent data to addr 00fb0: bfbfbfb4
Sent data to addr 00fb4: bfbfbfb8
Sent data to addr 00fb8: bfbfbfbc
Sent data to addr 00fbc: cfcfcfc0
Sent data to addr 00fc0: cfcfcfc4
Sent data to addr 00fc4: cfcfcfc8
Sent data to addr 00fc8: cfcfcfcc
Sent data to addr 00fcc: dfdfdfd0
Sent data to addr 00fd0: dfdfdfd4
Sent data to addr 00fd4: dfdfdfd8
Sent data to addr 00fd8: dfdfdfdc
Sent data to addr 00fdc: efefefe0
Sent data to addr 00fe0: efefefe4
Sent data to addr 00fe4: efefefe8
Sent data to addr 00fe8: efefefec
Sent data to addr 00fec: fffffff0
Sent data to addr 00ff0: fffffff4
Sent data to addr 00ff4: fffffff8
Sent data to addr 00ff8: fffffffc
Read data from addr 00004: 07060504
Read data from addr 00008: 0b0a0908
Sent data to addr 00ffc: 13121100
Read data from addr 0000c: 0f0e0d0c
Read data from addr 00010: 13121110
Read data from addr 00014: 17161514
Read data from addr 00018: 1b1a1918
Read data from addr 0001c: 1f1e1d1c
Read data from addr 00020: 23222120
Read data from addr 00024: 27262524
Read data from addr 00028: 2b2a2928
Read data from addr 0002c: 2f2e2d2c
Read data from addr 00030: 33323130
Read data from addr 00034: 37363534
Read data from addr 00038: 3b3a3938
Read data from addr 0003c: 3f3e3d3c
Read data from addr 00040: 43424140
Read data from addr 00044: 47464544
Read data from addr 00048: 4b4a4948
Read data from addr 0004c: 4f4e4d4c
Read data from addr 00050: 53525150
Read data from addr 00054: 57565554
Read data from addr 00058: 5b5a5958
Read data from addr 0005c: 5f5e5d5c
Read data from addr 00060: 63626160
Read data from addr 00064: 67666564
Read data from addr 00068: 6b6a6968
Read data from addr 0006c: 6f6e6d6c
Read data from addr 00070: 73727170
Read data from addr 00074: 77767574
Read data from addr 00078: 7b7a7978
Read data from addr 0007c: 7f7e7d7c
Read data from addr 00080: 83828180
Read data from addr 00084: 87868584
Read data from addr 00088: 8b8a8988
Read data from addr 0008c: 8f8e8d8c
Read data from addr 00090: 93929190
Read data from addr 00094: 97969594
Read data from addr 00098: 9b9a9998
Read data from addr 0009c: 9f9e9d9c
Read data from addr 000a0: a3a2a1a0
Read data from addr 000a4: a7a6a5a4
Read data from addr 000a8: abaaa9a8
Read data from addr 000ac: afaeadac
Read data from addr 000b0: b3b2b1b0
Read data from addr 000b4: b7b6b5b4
Read data from addr 000b8: bbbab9b8
Read data from addr 000bc: bfbebdbc
Read data from addr 000c0: c3c2c1c0
Read data from addr 000c4: c7c6c5c4
Read data from addr 000c8: cbcac9c8
Read data from addr 000cc: cfcecdcc
Read data from addr 000d0: d3d2d1d0
Read data from addr 000d4: d7d6d5d4
Read data from addr 000d8: dbdad9d8
Read data from addr 000dc: dfdedddc
Read data from addr 000e0: e3e2e1e0
Read data from addr 000e4: e7e6e5e4
Read data from addr 000e8: ebeae9e8
Read data from addr 000ec: efeeedec
Read data from addr 000f0: f3f2f1f0
Read data from addr 000f4: f7f6f5f4
Read data from addr 000f8: fbfaf9f8
Read data from addr 000fc: fffefdfc
Read data from addr 00100: 03030100
Read data from addr 00104: 07070504
Read data from addr 00108: 0b0b0908
Read data from addr 0010c: 0f0f0d0c
Read data from addr 00110: 13131110
Read data from addr 00114: 17171514
Read data from addr 00118: 1b1b1918
Read data from addr 0011c: 1f1f1d1c
Read data from addr 00120: 23232120
Read data from addr 00124: 27272524
Read data from addr 00128: 2b2b2928
Read data from addr 0012c: 2f2f2d2c
Read data from addr 00130: 33333130
Read data from addr 00134: 37373534
Read data from addr 00138: 3b3b3938
Read data from addr 0013c: 3f3f3d3c
Read data from addr 00140: 43434140
Read data from addr 00144: 47474544
Read data from addr 00148: 4b4b4948
Read data from addr 0014c: 4f4f4d4c
Read data from addr 00150: 53535150
Read data from addr 00154: 57575554
Read data from addr 00158: 5b5b5958
Read data from addr 0015c: 5f5f5d5c
Read data from addr 00160: 63636160
Read data from addr 00164: 67676564
Read data from addr 00168: 6b6b6968
Read data from addr 0016c: 6f6f6d6c
Read data from addr 00170: 73737170
Read data from addr 00174: 77777574
Read data from addr 00178: 7b7b7978
Read data from addr 0017c: 7f7f7d7c
Read data from addr 00180: 83838180
Read data from addr 00184: 87878584
Read data from addr 00188: 8b8b8988
Read data from addr 0018c: 8f8f8d8c
Read data from addr 00190: 93939190
Read data from addr 00194: 97979594
Read data from addr 00198: 9b9b9998
Read data from addr 0019c: 9f9f9d9c
Read data from addr 001a0: a3a3a1a0
Read data from addr 001a4: a7a7a5a4
Read data from addr 001a8: ababa9a8
Read data from addr 001ac: afafadac
Read data from addr 001b0: b3b3b1b0
Read data from addr 001b4: b7b7b5b4
Read data from addr 001b8: bbbbb9b8
Read data from addr 001bc: bfbfbdbc
Read data from addr 001c0: c3c3c1c0
Read data from addr 001c4: c7c7c5c4
Read data from addr 001c8: cbcbc9c8
Read data from addr 001cc: cfcfcdcc
Read data from addr 001d0: d3d3d1d0
Read data from addr 001d4: d7d7d5d4
Read data from addr 001d8: dbdbd9d8
Read data from addr 001dc: dfdfdddc
Read data from addr 001e0: e3e3e1e0
Read data from addr 001e4: e7e7e5e4
Read data from addr 001e8: ebebe9e8
Read data from addr 001ec: efefedec
Read data from addr 001f0: f3f3f1f0
Read data from addr 001f4: f7f7f5f4
Read data from addr 001f8: fbfbf9f8
Read data from addr 001fc: fffffdfc
Read data from addr 00200: 03020300
Read data from addr 00204: 07060704
Read data from addr 00208: 0b0a0b08
Read data from addr 0020c: 0f0e0f0c
Read data from addr 00210: 13121310
Read data from addr 00214: 17161714
Read data from addr 00218: 1b1a1b18
Read data from addr 0021c: 1f1e1f1c
Read data from addr 00220: 23222320
Read data from addr 00224: 27262724
Read data from addr 00228: 2b2a2b28
Read data from addr 0022c: 2f2e2f2c
Read data from addr 00230: 33323330
Read data from addr 00234: 37363734
Read data from addr 00238: 3b3a3b38
Read data from addr 0023c: 3f3e3f3c
Read data from addr 00240: 43424340
Read data from addr 00244: 47464744
Read data from addr 00248: 4b4a4b48
Read data from addr 0024c: 4f4e4f4c
Read data from addr 00250: 53525350
Read data from addr 00254: 57565754
Read data from addr 00258: 5b5a5b58
Read data from addr 0025c: 5f5e5f5c
Read data from addr 00260: 63626360
Read data from addr 00264: 67666764
Read data from addr 00268: 6b6a6b68
Read data from addr 0026c: 6f6e6f6c
Read data from addr 00270: 73727370
Read data from addr 00274: 77767774
Read data from addr 00278: 7b7a7b78
Read data from addr 0027c: 7f7e7f7c
Read data from addr 00280: 83828380
Read data from addr 00284: 87868784
Read data from addr 00288: 8b8a8b88
Read data from addr 0028c: 8f8e8f8c
Read data from addr 00290: 93929390
Read data from addr 00294: 97969794
Read data from addr 00298: 9b9a9b98
Read data from addr 0029c: 9f9e9f9c
Read data from addr 002a0: a3a2a3a0
Read data from addr 002a4: a7a6a7a4
Read data from addr 002a8: abaaaba8
Read data from addr 002ac: afaeafac
Read data from addr 002b0: b3b2b3b0
Read data from addr 002b4: b7b6b7b4
Read data from addr 002b8: bbbabbb8
Read data from addr 002bc: bfbebfbc
Read data from addr 002c0: c3c2c3c0
Read data from addr 002c4: c7c6c7c4
Read data from addr 002c8: cbcacbc8
Read data from addr 002cc: cfcecfcc
Read data from addr 002d0: d3d2d3d0
Read data from addr 002d4: d7d6d7d4
Read data from addr 002d8: dbdadbd8
Read data from addr 002dc: dfdedfdc
Read data from addr 002e0: e3e2e3e0
Read data from addr 002e4: e7e6e7e4
Read data from addr 002e8: ebeaebe8
Read data from addr 002ec: efeeefec
Read data from addr 002f0: f3f2f3f0
Read data from addr 002f4: f7f6f7f4
Read data from addr 002f8: fbfafbf8
Read data from addr 002fc: fffefffc
Read data from addr 00300: 03030300
Read data from addr 00304: 07070704
Read data from addr 00308: 0b0b0b08
Read data from addr 0030c: 0f0f0f0c
Read data from addr 00310: 13131310
Read data from addr 00314: 17171714
Read data from addr 00318: 1b1b1b18
Read data from addr 0031c: 1f1f1f1c
Read data from addr 00320: 23232320
Read data from addr 00324: 27272724
Read data from addr 00328: 2b2b2b28
Read data from addr 0032c: 2f2f2f2c
Read data from addr 00330: 33333330
Read data from addr 00334: 37373734
Read data from addr 00338: 3b3b3b38
Read data from addr 0033c: 3f3f3f3c
Read data from addr 00340: 43434340
Read data from addr 00344: 47474744
Read data from addr 00348: 4b4b4b48
Read data from addr 0034c: 4f4f4f4c
Read data from addr 00350: 53535350
Read data from addr 00354: 57575754
Read data from addr 00358: 5b5b5b58
Read data from addr 0035c: 5f5f5f5c
Read data from addr 00360: 63636360
Read data from addr 00364: 67676764
Read data from addr 00368: 6b6b6b68
Read data from addr 0036c: 6f6f6f6c
Read data from addr 00370: 73737370
Read data from addr 00374: 77777774
Read data from addr 00378: 7b7b7b78
Read data from addr 0037c: 7f7f7f7c
Read data from addr 00380: 83838380
Read data from addr 00384: 87878784
Read data from addr 00388: 8b8b8b88
Read data from addr 0038c: 8f8f8f8c
Read data from addr 00390: 93939390
Read data from addr 00394: 97979794
Read data from addr 00398: 9b9b9b98
Read data from addr 0039c: 9f9f9f9c
Read data from addr 003a0: a3a3a3a0
Read data from addr 003a4: a7a7a7a4
Read data from addr 003a8: abababa8
Read data from addr 003ac: afafafac
Read data from addr 003b0: b3b3b3b0
Read data from addr 003b4: b7b7b7b4
Read data from addr 003b8: bbbbbbb8
Read data from addr 003bc: bfbfbfbc
Read data from addr 003c0: c3c3c3c0
Read data from addr 003c4: c7c7c7c4
Read data from addr 003c8: cbcbcbc8
Read data from addr 003cc: cfcfcfcc
Read data from addr 003d0: d3d3d3d0
Read data from addr 003d4: d7d7d7d4
Read data from addr 003d8: dbdbdbd8
Read data from addr 003dc: dfdfdfdc
Read data from addr 003e0: e3e3e3e0
Read data from addr 003e4: e7e7e7e4
Read data from addr 003e8: ebebebe8
Read data from addr 003ec: efefefec
Read data from addr 003f0: f3f3f3f0
Read data from addr 003f4: f7f7f7f4
Read data from addr 003f8: fbfbfbf8
Read data from addr 003fc: fffffffc
Read data from addr 00400: 07060500
Read data from addr 00404: 07060504
Read data from addr 00408: 0f0e0d08
Read data from addr 0040c: 0f0e0d0c
Read data from addr 00410: 17161510
Read data from addr 00414: 17161514
Read data from addr 00418: 1f1e1d18
Read data from addr 0041c: 1f1e1d1c
Read data from addr 00420: 27262520
Read data from addr 00424: 27262524
Read data from addr 00428: 2f2e2d28
Read data from addr 0042c: 2f2e2d2c
Read data from addr 00430: 37363530
Read data from addr 00434: 37363534
Read data from addr 00438: 3f3e3d38
Read data from addr 0043c: 3f3e3d3c
Read data from addr 00440: 47464540
Read data from addr 00444: 47464544
Read data from addr 00448: 4f4e4d48
Read data from addr 0044c: 4f4e4d4c
Read data from addr 00450: 57565550
Read data from addr 00454: 57565554
Read data from addr 00458: 5f5e5d58
Read data from addr 0045c: 5f5e5d5c
Read data from addr 00460: 67666560
Read data from addr 00464: 67666564
Read data from addr 00468: 6f6e6d68
Read data from addr 0046c: 6f6e6d6c
Read data from addr 00470: 77767570
Read data from addr 00474: 77767574
Read data from addr 00478: 7f7e7d78
Read data from addr 0047c: 7f7e7d7c
Read data from addr 00480: 87868580
Read data from addr 00484: 87868584
Read data from addr 00488: 8f8e8d88
Read data from addr 0048c: 8f8e8d8c
Read data from addr 00490: 97969590
Read data from addr 00494: 97969594
Read data from addr 00498: 9f9e9d98
Read data from addr 0049c: 9f9e9d9c
Read data from addr 004a0: a7a6a5a0
Read data from addr 004a4: a7a6a5a4
Read data from addr 004a8: afaeada8
Read data from addr 004ac: afaeadac
Read data from addr 004b0: b7b6b5b0
Read data from addr 004b4: b7b6b5b4
Read data from addr 004b8: bfbebdb8
Read data from addr 004bc: bfbebdbc
Read data from addr 004c0: c7c6c5c0
Read data from addr 004c4: c7c6c5c4
Read data from addr 004c8: cfcecdc8
Read data from addr 004cc: cfcecdcc
Read data from addr 004d0: d7d6d5d0
Read data from addr 004d4: d7d6d5d4
Read data from addr 004d8: dfdeddd8
Read data from addr 004dc: dfdedddc
Read data from addr 004e0: e7e6e5e0
Read data from addr 004e4: e7e6e5e4
Read data from addr 004e8: efeeede8
Read data from addr 004ec: efeeedec
Read data from addr 004f0: f7f6f5f0
Read data from addr 004f4: f7f6f5f4
Read data from addr 004f8: fffefdf8
Read data from addr 004fc: fffefdfc
Read data from addr 00500: 07070500
Read data from addr 00504: 07070504
Read data from addr 00508: 0f0f0d08
Read data from addr 0050c: 0f0f0d0c
Read data from addr 00510: 17171510
Read data from addr 00514: 17171514
Read data from addr 00518: 1f1f1d18
Read data from addr 0051c: 1f1f1d1c
Read data from addr 00520: 27272520
Read data from addr 00524: 27272524
Read data from addr 00528: 2f2f2d28
Read data from addr 0052c: 2f2f2d2c
Read data from addr 00530: 37373530
Read data from addr 00534: 37373534
Read data from addr 00538: 3f3f3d38
Read data from addr 0053c: 3f3f3d3c
Read data from addr 00540: 47474540
Read data from addr 00544: 47474544
Read data from addr 00548: 4f4f4d48
Read data from addr 0054c: 4f4f4d4c
Read data from addr 00550: 57575550
Read data from addr 00554: 57575554
Read data from addr 00558: 5f5f5d58
Read data from addr 0055c: 5f5f5d5c
Read data from addr 00560: 67676560
Read data from addr 00564: 67676564
Read data from addr 00568: 6f6f6d68
Read data from addr 0056c: 6f6f6d6c
Read data from addr 00570: 77777570
Read data from addr 00574: 77777574
Read data from addr 00578: 7f7f7d78
Read data from addr 0057c: 7f7f7d7c
Read data from addr 00580: 87878580
Read data from addr 00584: 87878584
Read data from addr 00588: 8f8f8d88
Read data from addr 0058c: 8f8f8d8c
Read data from addr 00590: 97979590
Read data from addr 00594: 97979594
Read data from addr 00598: 9f9f9d98
Read data from addr 0059c: 9f9f9d9c
Read data from addr 005a0: a7a7a5a0
Read data from addr 005a4: a7a7a5a4
Read data from addr 005a8: afafada8
Read data from addr 005ac: afafadac
Read data from addr 005b0: b7b7b5b0
Read data from addr 005b4: b7b7b5b4
Read data from addr 005b8: bfbfbdb8
Read data from addr 005bc: bfbfbdbc
Read data from addr 005c0: c7c7c5c0
Read data from addr 005c4: c7c7c5c4
Read data from addr 005c8: cfcfcdc8
Read data from addr 005cc: cfcfcdcc
Read data from addr 005d0: d7d7d5d0
Read data from addr 005d4: d7d7d5d4
Read data from addr 005d8: dfdfddd8
Read data from addr 005dc: dfdfdddc
Read data from addr 005e0: e7e7e5e0
Read data from addr 005e4: e7e7e5e4
Read data from addr 005e8: efefede8
Read data from addr 005ec: efefedec
Read data from addr 005f0: f7f7f5f0
Read data from addr 005f4: f7f7f5f4
Read data from addr 005f8: fffffdf8
Read data from addr 005fc: fffffdfc
Read data from addr 00600: 07060700
Read data from addr 00604: 07060704
Read data from addr 00608: 0f0e0f08
Read data from addr 0060c: 0f0e0f0c
Read data from addr 00610: 17161710
Read data from addr 00614: 17161714
Read data from addr 00618: 1f1e1f18
Read data from addr 0061c: 1f1e1f1c
Read data from addr 00620: 27262720
Read data from addr 00624: 27262724
Read data from addr 00628: 2f2e2f28
Read data from addr 0062c: 2f2e2f2c
Read data from addr 00630: 37363730
Read data from addr 00634: 37363734
Read data from addr 00638: 3f3e3f38
Read data from addr 0063c: 3f3e3f3c
Read data from addr 00640: 47464740
Read data from addr 00644: 47464744
Read data from addr 00648: 4f4e4f48
Read data from addr 0064c: 4f4e4f4c
Read data from addr 00650: 57565750
Read data from addr 00654: 57565754
Read data from addr 00658: 5f5e5f58
Read data from addr 0065c: 5f5e5f5c
Read data from addr 00660: 67666760
Read data from addr 00664: 67666764
Read data from addr 00668: 6f6e6f68
Read data from addr 0066c: 6f6e6f6c
Read data from addr 00670: 77767770
Read data from addr 00674: 77767774
Read data from addr 00678: 7f7e7f78
Read data from addr 0067c: 7f7e7f7c
Read data from addr 00680: 87868780
Read data from addr 00684: 87868784
Read data from addr 00688: 8f8e8f88
Read data from addr 0068c: 8f8e8f8c
Read data from addr 00690: 97969790
Read data from addr 00694: 97969794
Read data from addr 00698: 9f9e9f98
Read data from addr 0069c: 9f9e9f9c
Read data from addr 006a0: a7a6a7a0
Read data from addr 006a4: a7a6a7a4
Read data from addr 006a8: afaeafa8
Read data from addr 006ac: afaeafac
Read data from addr 006b0: b7b6b7b0
Read data from addr 006b4: b7b6b7b4
Read data from addr 006b8: bfbebfb8
Read data from addr 006bc: bfbebfbc
Read data from addr 006c0: c7c6c7c0
Read data from addr 006c4: c7c6c7c4
Read data from addr 006c8: cfcecfc8
Read data from addr 006cc: cfcecfcc
Read data from addr 006d0: d7d6d7d0
Read data from addr 006d4: d7d6d7d4
Read data from addr 006d8: dfdedfd8
Read data from addr 006dc: dfdedfdc
Read data from addr 006e0: e7e6e7e0
Read data from addr 006e4: e7e6e7e4
Read data from addr 006e8: efeeefe8
Read data from addr 006ec: efeeefec
Read data from addr 006f0: f7f6f7f0
Read data from addr 006f4: f7f6f7f4
Read data from addr 006f8: fffefff8
Read data from addr 006fc: fffefffc
Read data from addr 00700: 07070700
Read data from addr 00704: 07070704
Read data from addr 00708: 0f0f0f08
Read data from addr 0070c: 0f0f0f0c
Read data from addr 00710: 17171710
Read data from addr 00714: 17171714
Read data from addr 00718: 1f1f1f18
Read data from addr 0071c: 1f1f1f1c
Read data from addr 00720: 27272720
Read data from addr 00724: 27272724
Read data from addr 00728: 2f2f2f28
Read data from addr 0072c: 2f2f2f2c
Read data from addr 00730: 37373730
Read data from addr 00734: 37373734
Read data from addr 00738: 3f3f3f38
Read data from addr 0073c: 3f3f3f3c
Read data from addr 00740: 47474740
Read data from addr 00744: 47474744
Read data from addr 00748: 4f4f4f48
Read data from addr 0074c: 4f4f4f4c
Read data from addr 00750: 57575750
Read data from addr 00754: 57575754
Read data from addr 00758: 5f5f5f58
Read data from addr 0075c: 5f5f5f5c
Read data from addr 00760: 67676760
Read data from addr 00764: 67676764
Read data from addr 00768: 6f6f6f68
Read data from addr 0076c: 6f6f6f6c
Read data from addr 00770: 77777770
Read data from addr 00774: 77777774
Read data from addr 00778: 7f7f7f78
Read data from addr 0077c: 7f7f7f7c
Read data from addr 00780: 87878780
Read data from addr 00784: 87878784
Read data from addr 00788: 8f8f8f88
Read data from addr 0078c: 8f8f8f8c
Read data from addr 00790: 97979790
Read data from addr 00794: 97979794
Read data from addr 00798: 9f9f9f98
Read data from addr 0079c: 9f9f9f9c
Read data from addr 007a0: a7a7a7a0
Read data from addr 007a4: a7a7a7a4
Read data from addr 007a8: afafafa8
Read data from addr 007ac: afafafac
Read data from addr 007b0: b7b7b7b0
Read data from addr 007b4: b7b7b7b4
Read data from addr 007b8: bfbfbfb8
Read data from addr 007bc: bfbfbfbc
Read data from addr 007c0: c7c7c7c0
Read data from addr 007c4: c7c7c7c4
Read data from addr 007c8: cfcfcfc8
Read data from addr 007cc: cfcfcfcc
Read data from addr 007d0: d7d7d7d0
Read data from addr 007d4: d7d7d7d4
Read data from addr 007d8: dfdfdfd8
Read data from addr 007dc: dfdfdfdc
Read data from addr 007e0: e7e7e7e0
Read data from addr 007e4: e7e7e7e4
Read data from addr 007e8: efefefe8
Read data from addr 007ec: efefefec
Read data from addr 007f0: f7f7f7f0
Read data from addr 007f4: f7f7f7f4
Read data from addr 007f8: fffffff8
Read data from addr 007fc: fffffffc
Read data from addr 00800: 0b0a0900
Read data from addr 00804: 0f0e0d04
Read data from addr 00808: 0b0a0908
Read data from addr 0080c: 0f0e0d0c
Read data from addr 00810: 1b1a1910
Read data from addr 00814: 1f1e1d14
Read data from addr 00818: 1b1a1918
Read data from addr 0081c: 1f1e1d1c
Read data from addr 00820: 2b2a2920
Read data from addr 00824: 2f2e2d24
Read data from addr 00828: 2b2a2928
Read data from addr 0082c: 2f2e2d2c
Read data from addr 00830: 3b3a3930
Read data from addr 00834: 3f3e3d34
Read data from addr 00838: 3b3a3938
Read data from addr 0083c: 3f3e3d3c
Read data from addr 00840: 4b4a4940
Read data from addr 00844: 4f4e4d44
Read data from addr 00848: 4b4a4948
Read data from addr 0084c: 4f4e4d4c
Read data from addr 00850: 5b5a5950
Read data from addr 00854: 5f5e5d54
Read data from addr 00858: 5b5a5958
Read data from addr 0085c: 5f5e5d5c
Read data from addr 00860: 6b6a6960
Read data from addr 00864: 6f6e6d64
Read data from addr 00868: 6b6a6968
Read data from addr 0086c: 6f6e6d6c
Read data from addr 00870: 7b7a7970
Read data from addr 00874: 7f7e7d74
Read data from addr 00878: 7b7a7978
Read data from addr 0087c: 7f7e7d7c
Read data from addr 00880: 8b8a8980
Read data from addr 00884: 8f8e8d84
Read data from addr 00888: 8b8a8988
Read data from addr 0088c: 8f8e8d8c
Read data from addr 00890: 9b9a9990
Read data from addr 00894: 9f9e9d94
Read data from addr 00898: 9b9a9998
Read data from addr 0089c: 9f9e9d9c
Read data from addr 008a0: abaaa9a0
Read data from addr 008a4: afaeada4
Read data from addr 008a8: abaaa9a8
Read data from addr 008ac: afaeadac
Read data from addr 008b0: bbbab9b0
Read data from addr 008b4: bfbebdb4
Read data from addr 008b8: bbbab9b8
Read data from addr 008bc: bfbebdbc
Read data from addr 008c0: cbcac9c0
Read data from addr 008c4: cfcecdc4
Read data from addr 008c8: cbcac9c8
Read data from addr 008cc: cfcecdcc
Read data from addr 008d0: dbdad9d0
Read data from addr 008d4: dfdeddd4
Read data from addr 008d8: dbdad9d8
Read data from addr 008dc: dfdedddc
Read data from addr 008e0: ebeae9e0
Read data from addr 008e4: efeeede4
Read data from addr 008e8: ebeae9e8
Read data from addr 008ec: efeeedec
Read data from addr 008f0: fbfaf9f0
Read data from addr 008f4: fffefdf4
Read data from addr 008f8: fbfaf9f8
Read data from addr 008fc: fffefdfc
Read data from addr 00900: 0b0b0900
Read data from addr 00904: 0f0f0d04
Read data from addr 00908: 0b0b0908
Read data from addr 0090c: 0f0f0d0c
Read data from addr 00910: 1b1b1910
Read data from addr 00914: 1f1f1d14
Read data from addr 00918: 1b1b1918
Read data from addr 0091c: 1f1f1d1c
Read data from addr 00920: 2b2b2920
Read data from addr 00924: 2f2f2d24
Read data from addr 00928: 2b2b2928
Read data from addr 0092c: 2f2f2d2c
Read data from addr 00930: 3b3b3930
Read data from addr 00934: 3f3f3d34
Read data from addr 00938: 3b3b3938
Read data from addr 0093c: 3f3f3d3c
Read data from addr 00940: 4b4b4940
Read data from addr 00944: 4f4f4d44
Read data from addr 00948: 4b4b4948
Read data from addr 0094c: 4f4f4d4c
Read data from addr 00950: 5b5b5950
Read data from addr 00954: 5f5f5d54
Read data from addr 00958: 5b5b5958
Read data from addr 0095c: 5f5f5d5c
Read data from addr 00960: 6b6b6960
Read data from addr 00964: 6f6f6d64
Read data from addr 00968: 6b6b6968
Read data from addr 0096c: 6f6f6d6c
Read data from addr 00970: 7b7b7970
Read data from addr 00974: 7f7f7d74
Read data from addr 00978: 7b7b7978
Read data from addr 0097c: 7f7f7d7c
Read data from addr 00980: 8b8b8980
Read data from addr 00984: 8f8f8d84
Read data from addr 00988: 8b8b8988
Read data from addr 0098c: 8f8f8d8c
Read data from addr 00990: 9b9b9990
Read data from addr 00994: 9f9f9d94
Read data from addr 00998: 9b9b9998
Read data from addr 0099c: 9f9f9d9c
Read data from addr 009a0: ababa9a0
Read data from addr 009a4: afafada4
Read data from addr 009a8: ababa9a8
Read data from addr 009ac: afafadac
Read data from addr 009b0: bbbbb9b0
Read data from addr 009b4: bfbfbdb4
Read data from addr 009b8: bbbbb9b8
Read data from addr 009bc: bfbfbdbc
Read data from addr 009c0: cbcbc9c0
Read data from addr 009c4: cfcfcdc4
Read data from addr 009c8: cbcbc9c8
Read data from addr 009cc: cfcfcdcc
Read data from addr 009d0: dbdbd9d0
Read data from addr 009d4: dfdfddd4
Read data from addr 009d8: dbdbd9d8
Read data from addr 009dc: dfdfdddc
Read data from addr 009e0: ebebe9e0
Read data from addr 009e4: efefede4
Read data from addr 009e8: ebebe9e8
Read data from addr 009ec: efefedec
Read data from addr 009f0: fbfbf9f0
Read data from addr 009f4: fffffdf4
Read data from addr 009f8: fbfbf9f8
Read data from addr 009fc: fffffdfc
Read data from addr 00a00: 0b0a0b00
Read data from addr 00a04: 0f0e0f04
Read data from addr 00a08: 0b0a0b08
Read data from addr 00a0c: 0f0e0f0c
Read data from addr 00a10: 1b1a1b10
Read data from addr 00a14: 1f1e1f14
Read data from addr 00a18: 1b1a1b18
Read data from addr 00a1c: 1f1e1f1c
Read data from addr 00a20: 2b2a2b20
Read data from addr 00a24: 2f2e2f24
Read data from addr 00a28: 2b2a2b28
Read data from addr 00a2c: 2f2e2f2c
Read data from addr 00a30: 3b3a3b30
Read data from addr 00a34: 3f3e3f34
Read data from addr 00a38: 3b3a3b38
Read data from addr 00a3c: 3f3e3f3c
Read data from addr 00a40: 4b4a4b40
Read data from addr 00a44: 4f4e4f44
Read data from addr 00a48: 4b4a4b48
Read data from addr 00a4c: 4f4e4f4c
Read data from addr 00a50: 5b5a5b50
Read data from addr 00a54: 5f5e5f54
Read data from addr 00a58: 5b5a5b58
Read data from addr 00a5c: 5f5e5f5c
Read data from addr 00a60: 6b6a6b60
Read data from addr 00a64: 6f6e6f64
Read data from addr 00a68: 6b6a6b68
Read data from addr 00a6c: 6f6e6f6c
Read data from addr 00a70: 7b7a7b70
Read data from addr 00a74: 7f7e7f74
Read data from addr 00a78: 7b7a7b78
Read data from addr 00a7c: 7f7e7f7c
Read data from addr 00a80: 8b8a8b80
Read data from addr 00a84: 8f8e8f84
Read data from addr 00a88: 8b8a8b88
Read data from addr 00a8c: 8f8e8f8c
Read data from addr 00a90: 9b9a9b90
Read data from addr 00a94: 9f9e9f94
Read data from addr 00a98: 9b9a9b98
Read data from addr 00a9c: 9f9e9f9c
Read data from addr 00aa0: abaaaba0
Read data from addr 00aa4: afaeafa4
Read data from addr 00aa8: abaaaba8
Read data from addr 00aac: afaeafac
Read data from addr 00ab0: bbbabbb0
Read data from addr 00ab4: bfbebfb4
Read data from addr 00ab8: bbbabbb8
Read data from addr 00abc: bfbebfbc
Read data from addr 00ac0: cbcacbc0
Read data from addr 00ac4: cfcecfc4
Read data from addr 00ac8: cbcacbc8
Read data from addr 00acc: cfcecfcc
Read data from addr 00ad0: dbdadbd0
Read data from addr 00ad4: dfdedfd4
Read data from addr 00ad8: dbdadbd8
Read data from addr 00adc: dfdedfdc
Read data from addr 00ae0: ebeaebe0
Read data from addr 00ae4: efeeefe4
Read data from addr 00ae8: ebeaebe8
Read data from addr 00aec: efeeefec
Read data from addr 00af0: fbfafbf0
Read data from addr 00af4: fffefff4
Read data from addr 00af8: fbfafbf8
Read data from addr 00afc: fffefffc
Read data from addr 00b00: 0b0b0b00
Read data from addr 00b04: 0f0f0f04
Read data from addr 00b08: 0b0b0b08
Read data from addr 00b0c: 0f0f0f0c
Read data from addr 00b10: 1b1b1b10
Read data from addr 00b14: 1f1f1f14
Read data from addr 00b18: 1b1b1b18
Read data from addr 00b1c: 1f1f1f1c
Read data from addr 00b20: 2b2b2b20
Read data from addr 00b24: 2f2f2f24
Read data from addr 00b28: 2b2b2b28
Read data from addr 00b2c: 2f2f2f2c
Read data from addr 00b30: 3b3b3b30
Read data from addr 00b34: 3f3f3f34
Read data from addr 00b38: 3b3b3b38
Read data from addr 00b3c: 3f3f3f3c
Read data from addr 00b40: 4b4b4b40
Read data from addr 00b44: 4f4f4f44
Read data from addr 00b48: 4b4b4b48
Read data from addr 00b4c: 4f4f4f4c
Read data from addr 00b50: 5b5b5b50
Read data from addr 00b54: 5f5f5f54
Read data from addr 00b58: 5b5b5b58
Read data from addr 00b5c: 5f5f5f5c
Read data from addr 00b60: 6b6b6b60
Read data from addr 00b64: 6f6f6f64
Read data from addr 00b68: 6b6b6b68
Read data from addr 00b6c: 6f6f6f6c
Read data from addr 00b70: 7b7b7b70
Read data from addr 00b74: 7f7f7f74
Read data from addr 00b78: 7b7b7b78
Read data from addr 00b7c: 7f7f7f7c
Read data from addr 00b80: 8b8b8b80
Read data from addr 00b84: 8f8f8f84
Read data from addr 00b88: 8b8b8b88
Read data from addr 00b8c: 8f8f8f8c
Read data from addr 00b90: 9b9b9b90
Read data from addr 00b94: 9f9f9f94
Read data from addr 00b98: 9b9b9b98
Read data from addr 00b9c: 9f9f9f9c
Read data from addr 00ba0: abababa0
Read data from addr 00ba4: afafafa4
Read data from addr 00ba8: abababa8
Read data from addr 00bac: afafafac
Read data from addr 00bb0: bbbbbbb0
Read data from addr 00bb4: bfbfbfb4
Read data from addr 00bb8: bbbbbbb8
Read data from addr 00bbc: bfbfbfbc
Read data from addr 00bc0: cbcbcbc0
Read data from addr 00bc4: cfcfcfc4
Read data from addr 00bc8: cbcbcbc8
Read data from addr 00bcc: cfcfcfcc
Read data from addr 00bd0: dbdbdbd0
Read data from addr 00bd4: dfdfdfd4
Read data from addr 00bd8: dbdbdbd8
Read data from addr 00bdc: dfdfdfdc
Read data from addr 00be0: ebebebe0
Read data from addr 00be4: efefefe4
Read data from addr 00be8: ebebebe8
Read data from addr 00bec: efefefec
Read data from addr 00bf0: fbfbfbf0
Read data from addr 00bf4: fffffff4
Read data from addr 00bf8: fbfbfbf8
Read data from addr 00bfc: fffffffc
Read data from addr 00c00: 0f0e0d00
Read data from addr 00c04: 0f0e0d04
Read data from addr 00c08: 0f0e0d08
Read data from addr 00c0c: 0f0e0d0c
Read data from addr 00c10: 1f1e1d10
Read data from addr 00c14: 1f1e1d14
Read data from addr 00c18: 1f1e1d18
Read data from addr 00c1c: 1f1e1d1c
Read data from addr 00c20: 2f2e2d20
Read data from addr 00c24: 2f2e2d24
Read data from addr 00c28: 2f2e2d28
Read data from addr 00c2c: 2f2e2d2c
Read data from addr 00c30: 3f3e3d30
Read data from addr 00c34: 3f3e3d34
Read data from addr 00c38: 3f3e3d38
Read data from addr 00c3c: 3f3e3d3c
Read data from addr 00c40: 4f4e4d40
Read data from addr 00c44: 4f4e4d44
Read data from addr 00c48: 4f4e4d48
Read data from addr 00c4c: 4f4e4d4c
Read data from addr 00c50: 5f5e5d50
Read data from addr 00c54: 5f5e5d54
Read data from addr 00c58: 5f5e5d58
Read data from addr 00c5c: 5f5e5d5c
Read data from addr 00c60: 6f6e6d60
Read data from addr 00c64: 6f6e6d64
Read data from addr 00c68: 6f6e6d68
Read data from addr 00c6c: 6f6e6d6c
Read data from addr 00c70: 7f7e7d70
Read data from addr 00c74: 7f7e7d74
Read data from addr 00c78: 7f7e7d78
Read data from addr 00c7c: 7f7e7d7c
Read data from addr 00c80: 8f8e8d80
Read data from addr 00c84: 8f8e8d84
Read data from addr 00c88: 8f8e8d88
Read data from addr 00c8c: 8f8e8d8c
Read data from addr 00c90: 9f9e9d90
Read data from addr 00c94: 9f9e9d94
Read data from addr 00c98: 9f9e9d98
Read data from addr 00c9c: 9f9e9d9c
Read data from addr 00ca0: afaeada0
Read data from addr 00ca4: afaeada4
Read data from addr 00ca8: afaeada8
Read data from addr 00cac: afaeadac
Read data from addr 00cb0: bfbebdb0
Read data from addr 00cb4: bfbebdb4
Read data from addr 00cb8: bfbebdb8
Read data from addr 00cbc: bfbebdbc
Read data from addr 00cc0: cfcecdc0
Read data from addr 00cc4: cfcecdc4
Read data from addr 00cc8: cfcecdc8
Read data from addr 00ccc: cfcecdcc
Read data from addr 00cd0: dfdeddd0
Read data from addr 00cd4: dfdeddd4
Read data from addr 00cd8: dfdeddd8
Read data from addr 00cdc: dfdedddc
Read data from addr 00ce0: efeeede0
Read data from addr 00ce4: efeeede4
Read data from addr 00ce8: efeeede8
Read data from addr 00cec: efeeedec
Read data from addr 00cf0: fffefdf0
Read data from addr 00cf4: fffefdf4
Read data from addr 00cf8: fffefdf8
Read data from addr 00cfc: fffefdfc
Read data from addr 00d00: 0f0f0d00
Read data from addr 00d04: 0f0f0d04
Read data from addr 00d08: 0f0f0d08
Read data from addr 00d0c: 0f0f0d0c
Read data from addr 00d10: 1f1f1d10
Read data from addr 00d14: 1f1f1d14
Read data from addr 00d18: 1f1f1d18
Read data from addr 00d1c: 1f1f1d1c
Read data from addr 00d20: 2f2f2d20
Read data from addr 00d24: 2f2f2d24
Read data from addr 00d28: 2f2f2d28
Read data from addr 00d2c: 2f2f2d2c
Read data from addr 00d30: 3f3f3d30
Read data from addr 00d34: 3f3f3d34
Read data from addr 00d38: 3f3f3d38
Read data from addr 00d3c: 3f3f3d3c
Read data from addr 00d40: 4f4f4d40
Read data from addr 00d44: 4f4f4d44
Read data from addr 00d48: 4f4f4d48
Read data from addr 00d4c: 4f4f4d4c
Read data from addr 00d50: 5f5f5d50
Read data from addr 00d54: 5f5f5d54
Read data from addr 00d58: 5f5f5d58
Read data from addr 00d5c: 5f5f5d5c
Read data from addr 00d60: 6f6f6d60
Read data from addr 00d64: 6f6f6d64
Read data from addr 00d68: 6f6f6d68
Read data from addr 00d6c: 6f6f6d6c
Read data from addr 00d70: 7f7f7d70
Read data from addr 00d74: 7f7f7d74
Read data from addr 00d78: 7f7f7d78
Read data from addr 00d7c: 7f7f7d7c
Read data from addr 00d80: 8f8f8d80
Read data from addr 00d84: 8f8f8d84
Read data from addr 00d88: 8f8f8d88
Read data from addr 00d8c: 8f8f8d8c
Read data from addr 00d90: 9f9f9d90
Read data from addr 00d94: 9f9f9d94
Read data from addr 00d98: 9f9f9d98
Read data from addr 00d9c: 9f9f9d9c
Read data from addr 00da0: afafada0
Read data from addr 00da4: afafada4
Read data from addr 00da8: afafada8
Read data from addr 00dac: afafadac
Read data from addr 00db0: bfbfbdb0
Read data from addr 00db4: bfbfbdb4
Read data from addr 00db8: bfbfbdb8
Read data from addr 00dbc: bfbfbdbc
Read data from addr 00dc0: cfcfcdc0
Read data from addr 00dc4: cfcfcdc4
Read data from addr 00dc8: cfcfcdc8
Read data from addr 00dcc: cfcfcdcc
Read data from addr 00dd0: dfdfddd0
Read data from addr 00dd4: dfdfddd4
Read data from addr 00dd8: dfdfddd8
Read data from addr 00ddc: dfdfdddc
Read data from addr 00de0: efefede0
Read data from addr 00de4: efefede4
Read data from addr 00de8: efefede8
Read data from addr 00dec: efefedec
Read data from addr 00df0: fffffdf0
Read data from addr 00df4: fffffdf4
Read data from addr 00df8: fffffdf8
Read data from addr 00dfc: fffffdfc
Read data from addr 00e00: 0f0e0f00
Read data from addr 00e04: 0f0e0f04
Read data from addr 00e08: 0f0e0f08
Read data from addr 00e0c: 0f0e0f0c
Read data from addr 00e10: 1f1e1f10
Read data from addr 00e14: 1f1e1f14
Read data from addr 00e18: 1f1e1f18
Read data from addr 00e1c: 1f1e1f1c
Read data from addr 00e20: 2f2e2f20
Read data from addr 00e24: 2f2e2f24
Read data from addr 00e28: 2f2e2f28
Read data from addr 00e2c: 2f2e2f2c
Read data from addr 00e30: 3f3e3f30
Read data from addr 00e34: 3f3e3f34
Read data from addr 00e38: 3f3e3f38
Read data from addr 00e3c: 3f3e3f3c
Read data from addr 00e40: 4f4e4f40
Read data from addr 00e44: 4f4e4f44
Read data from addr 00e48: 4f4e4f48
Read data from addr 00e4c: 4f4e4f4c
Read data from addr 00e50: 5f5e5f50
Read data from addr 00e54: 5f5e5f54
Read data from addr 00e58: 5f5e5f58
Read data from addr 00e5c: 5f5e5f5c
Read data from addr 00e60: 6f6e6f60
Read data from addr 00e64: 6f6e6f64
Read data from addr 00e68: 6f6e6f68
Read data from addr 00e6c: 6f6e6f6c
Read data from addr 00e70: 7f7e7f70
Read data from addr 00e74: 7f7e7f74
Read data from addr 00e78: 7f7e7f78
Read data from addr 00e7c: 7f7e7f7c
Read data from addr 00e80: 8f8e8f80
Read data from addr 00e84: 8f8e8f84
Read data from addr 00e88: 8f8e8f88
Read data from addr 00e8c: 8f8e8f8c
Read data from addr 00e90: 9f9e9f90
Read data from addr 00e94: 9f9e9f94
Read data from addr 00e98: 9f9e9f98
Read data from addr 00e9c: 9f9e9f9c
Read data from addr 00ea0: afaeafa0
Read data from addr 00ea4: afaeafa4
Read data from addr 00ea8: afaeafa8
Read data from addr 00eac: afaeafac
Read data from addr 00eb0: bfbebfb0
Read data from addr 00eb4: bfbebfb4
Read data from addr 00eb8: bfbebfb8
Read data from addr 00ebc: bfbebfbc
Read data from addr 00ec0: cfcecfc0
Read data from addr 00ec4: cfcecfc4
Read data from addr 00ec8: cfcecfc8
Read data from addr 00ecc: cfcecfcc
Read data from addr 00ed0: dfdedfd0
Read data from addr 00ed4: dfdedfd4
Read data from addr 00ed8: dfdedfd8
Read data from addr 00edc: dfdedfdc
Read data from addr 00ee0: efeeefe0
Read data from addr 00ee4: efeeefe4
Read data from addr 00ee8: efeeefe8
Read data from addr 00eec: efeeefec
Read data from addr 00ef0: fffefff0
Read data from addr 00ef4: fffefff4
Read data from addr 00ef8: fffefff8
Read data from addr 00efc: fffefffc
Read data from addr 00f00: 0f0f0f00
Rea