INFO: [VRFC 10-2263] Analyzing Verilog file "C:/Users/marce/OneDrive/Dokumente/zynq_project/photonsorting/hist_stream/hist_stream.srcs/sources_1/new/histogram_sparse_writeout.v" into library xil_defaultlib
INFO: [VRFC 10-311] analyzing module HISTOGRAM_ARBITER_FSM
INFO: [VRFC 10-2263] Analyzing Verilog file "C:/Users/marce/OneDrive/Dokumente/zynq_project/photonsorting/hist_stream/hist_stream.srcs/sources_1/new/sorter.v" into library xil_defaultlib
INFO: [VRFC 10-311] analyzing module sorter
INFO: [VRFC 10-2263] Analyzing Verilog file "C:/Users/marce/OneDrive/Dokumente/zynq_project/photonsorting/hist_stream/hist_stream.srcs/sources_1/new/negedge_detect.v" into library xil_defaultlib
INFO: [VRFC 10-311] analyzing module negedge_detect
INFO: [VRFC 10-2263] Analyzing Verilog file "C:/Users/marce/OneDrive/Dokumente/zynq_project/photonsorting/hist_stream/hist_stream.srcs/sources_1/new/posedge_detect.v" into library xil_defaultlib
INFO: [VRFC 10-311] analyzing module posedge_detect
INFO: [VRFC 10-2263] Analyzing Verilog file "C:/Users/marce/OneDrive/Dokumente/zynq_project/photonsorting/hist_stream/hist_stream.ip_user_files/bd/histo/ip/histo_axis_data_fifo_0_0/sim/histo_axis_data_fifo_0_0.v" into library xil_defaultlib
INFO: [VRFC 10-311] analyzing module histo_axis_data_fifo_0_0
INFO: [VRFC 10-2263] Analyzing Verilog file "C:/Users/marce/OneDrive/Dokumente/zynq_project/photonsorting/hist_stream/hist_stream.ip_user_files/bd/histo/ip/histo_in_line_and_in_frame_0/sim/histo_in_line_and_in_frame_0.v" into library xil_defaultlib
INFO: [VRFC 10-311] analyzing module histo_in_line_and_in_frame_0
INFO: [VRFC 10-2263] Analyzing Verilog file "C:/Users/marce/OneDrive/Dokumente/zynq_project/photonsorting/hist_stream/hist_stream.ip_user_files/bd/histo/ip/histo_util_vector_logic_0_0/sim/histo_util_vector_logic_0_0.v" into library xil_defaultlib
INFO: [VRFC 10-311] analyzing module histo_util_vector_logic_0_0
INFO: [VRFC 10-2263] Analyzing Verilog file "C:/Users/marce/OneDrive/Dokumente/zynq_project/photonsorting/hist_stream/hist_stream.ip_user_files/bd/histo/ip/histo_util_vector_logic_1_1/sim/histo_util_vector_logic_1_1.v" into library xil_defaultlib
INFO: [VRFC 10-311] analyzing module histo_util_vector_logic_1_1
INFO: [VRFC 10-2263] Analyzing Verilog file "C:/Users/marce/OneDrive/Dokumente/zynq_project/photonsorting/hist_stream/hist_stream.ip_user_files/bd/histo/ip/histo_HISTOGRAM_ARBITER_FSM_0_0/sim/histo_HISTOGRAM_ARBITER_FSM_0_0.v" into library xil_defaultlib
INFO: [VRFC 10-311] analyzing module histo_HISTOGRAM_ARBITER_FSM_0_0
INFO: [VRFC 10-2263] Analyzing Verilog file "C:/Users/marce/OneDrive/Dokumente/zynq_project/photonsorting/hist_stream/hist_stream.ip_user_files/bd/histo/ip/histo_sorter_0_0/sim/histo_sorter_0_0.v" into library xil_defaultlib
INFO: [VRFC 10-311] analyzing module histo_sorter_0_0
INFO: [VRFC 10-2263] Analyzing Verilog file "C:/Users/marce/OneDrive/Dokumente/zynq_project/photonsorting/hist_stream/hist_stream.ip_user_files/bd/histo/ip/histo_negedge_detect_0_0/sim/histo_negedge_detect_0_0.v" into library xil_defaultlib
INFO: [VRFC 10-311] analyzing module histo_negedge_detect_0_0
INFO: [VRFC 10-2263] Analyzing Verilog file "C:/Users/marce/OneDrive/Dokumente/zynq_project/photonsorting/hist_stream/hist_stream.ip_user_files/bd/histo/ip/histo_xlconstant_0_0/sim/histo_xlconstant_0_0.v" into library xil_defaultlib
INFO: [VRFC 10-311] analyzing module histo_xlconstant_0_0
INFO: [VRFC 10-2263] Analyzing Verilog file "C:/Users/marce/OneDrive/Dokumente/zynq_project/photonsorting/hist_stream/hist_stream.ip_user_files/bd/histo/ip/histo_posedge_detect_0_0/sim/histo_posedge_detect_0_0.v" into library xil_defaultlib
INFO: [VRFC 10-311] analyzing module histo_posedge_detect_0_0
INFO: [VRFC 10-2263] Analyzing Verilog file "C:/Users/marce/OneDrive/Dokumente/zynq_project/photonsorting/hist_stream/hist_stream.ip_user_files/bd/histo/ip/histo_ila_0_0/sim/histo_ila_0_0.v" into library xil_defaultlib
INFO: [VRFC 10-311] analyzing module histo_ila_0_0
INFO: [VRFC 10-2263] Analyzing Verilog file "C:/Users/marce/OneDrive/Dokumente/zynq_project/photonsorting/hist_stream/hist_stream.ip_user_files/bd/histo/ip/histo_ila_0_1/sim/histo_ila_0_1.v" into library xil_defaultlib
INFO: [VRFC 10-311] analyzing module histo_ila_0_1
INFO: [VRFC 10-2263] Analyzing Verilog file "C:/Users/marce/OneDrive/Dokumente/zynq_project/photonsorting/hist_stream/hist_stream.ip_user_files/bd/histo/ip/histo_ila_sorter_0/sim/histo_ila_sorter_0.v" into library xil_defaultlib
INFO: [VRFC 10-311] analyzing module histo_ila_sorter_0
INFO: [VRFC 10-2263] Analyzing Verilog file "C:/Users/marce/OneDrive/Dokumente/zynq_project/photonsorting/hist_stream/hist_stream.ip_user_files/bd/histo/sim/histo.v" into library xil_defaultlib
INFO: [VRFC 10-311] analyzing module histo
INFO: [VRFC 10-2263] Analyzing Verilog file "C:/Users/marce/OneDrive/Dokumente/zynq_project/photonsorting/hist_stream/hist_stream.gen/sources_1/bd/histo/hdl/histo_wrapper.v" into library xil_defaultlib
INFO: [VRFC 10-311] analyzing module histo_wrapper
INFO: [VRFC 10-2263] Analyzing SystemVerilog file "C:/Users/marce/OneDrive/Dokumente/zynq_project/photonsorting/hist_stream/hist_stream.srcs/block_design_elaborate_new/new/laser_sim_new.sv" into library xil_defaultlib
INFO: [VRFC 10-311] analyzing module block_design_elaboreate_tb
