Nothing to build in platform 'DMA_SG'

19:10:33 **** Incremental Build of configuration Debug for project dma_sg_ ****
make all 
make --no-print-directory pre-build
a9-linaro-pre-build-step
' '
make --no-print-directory main-build
'Building file: ../src/gpx2/gpx2_if.c'
'Invoking: ARM v7 gcc compiler'
arm-none-eabi-gcc -Wall -O0 -g3 -c -fmessage-length=0 -MT"src/gpx2/gpx2_if.o" -mcpu=cortex-a9 -mfpu=vfpv3 -mfloat-abi=hard -IC:/Users/marce/OneDrive/Dokumente/zynq_project/LVDS/LVDS_DMA_SG/DMA_SG/export/DMA_SG/sw/DMA_SG/standalone_domain/bspinclude/include -MMD -MP -MF"src/gpx2/gpx2_if.d" -MT"src/gpx2/gpx2_if.o" -o "src/gpx2/gpx2_if.o" "../src/gpx2/gpx2_if.c"
../src/gpx2/gpx2_if.c: In function 'gpx2_Init':
../src/gpx2/gpx2_if.c:262:51: warning: passing argument 2 of 'gpx2_WriteBytesContinuously' from incompatible pointer type [-Wincompatible-pointer-types]
  262 |                 gpx2_WriteBytesContinuously(0x00, &GPX2_STARTUP_CONFIG ,17);
      |                                                   ^~~~~~~~~~~~~~~~~~~~
      |                                                   |
      |                                                   uint8_t (*)[17] {aka unsigned char (*)[17]}
In file included from ../src/gpx2/gpx2_if.c:38:
../src/gpx2/gpx2_if.h:171:61: note: expected 'uint8_t *' {aka 'unsigned char *'} but argument is of type 'uint8_t (*)[17]' {aka 'unsigned char (*)[17]'}
  171 | void gpx2_WriteBytesContinuously(uint8_t reg_addr, uint8_t* write_data, uint8_t nbytes);
      |                                                    ~~~~~~~~~^~~~~~~~~~
../src/gpx2/gpx2_if.c:264:50: warning: passing argument 2 of 'gpx2_ReadBytesContinuously' from incompatible pointer type [-Wincompatible-pointer-types]
  264 |                 gpx2_ReadBytesContinuously(0x00, &configReadBack,17);
      |                                                  ^~~~~~~~~~~~~~~
      |                                                  |
      |                                                  uint8_t (*)[17] {aka unsigned char (*)[17]}
../src/gpx2/gpx2_if.h:170:60: note: expected 'uint8_t *' {aka 'unsigned char *'} but argument is of type 'uint8_t (*)[17]' {aka 'unsigned char (*)[17]'}
  170 | void gpx2_ReadBytesContinuously(uint8_t reg_addr, uint8_t* read_data, uint8_t nbytes);
      |                                                   ~~~~~~~~~^~~~~~~~~
../src/gpx2/gpx2_if.c: In function 'gpx2_ReadByte':
../src/gpx2/gpx2_if.c:348:35: warning: passing argument 1 of 'spiReadBytes' from incompatible pointer type [-Wincompatible-pointer-types]
  348 |         read_data =  spiReadBytes(&tx_data, nbytes);
      |                                   ^~~~~~~~
      |                                   |
      |                                   uint8_t (*)[2] {aka unsigned char (*)[2]}
In file included from ../src/gpx2/gpx2_if.h:40:
../src/gpx2/../spi/axi_spi_if.h:84:32: note: expected 'uint8_t *' {aka 'unsigned char *'} but argument is of type 'uint8_t (*)[2]' {aka 'unsigned char (*)[2]'}
   84 | uint8_t* spiReadBytes(uint8_t* tx_data, uint8_t nbytes);
      |                       ~~~~~~~~~^~~~~~~
../src/gpx2/gpx2_if.c:349:17: warning: unused variable 'read_value' [-Wunused-variable]
  349 |         uint8_t read_value = read_data[1];
      |                 ^~~~~~~~~~
../src/gpx2/gpx2_if.c: In function 'gpx2_ReadBytesContinuously':
../src/gpx2/gpx2_if.c:384:41: warning: passing argument 1 of 'spiReadBytes' from incompatible pointer type [-Wincompatible-pointer-types]
  384 |     uint8_t* temp_buffer = spiReadBytes(&tx_data, nbytes+1);
      |                                         ^~~~~~~~
      |                                         |
      |                                         uint8_t (*)[(int)nbytes + 1] {aka unsigned char (*)[(int)nbytes + 1]}
../src/gpx2/../spi/axi_spi_if.h:84:32: note: expected 'uint8_t *' {aka 'unsigned char *'} but argument is of type 'uint8_t (*)[(int)nbytes + 1]' {aka 'unsigned char (*)[(int)nbytes + 1]'}
   84 | uint8_t* spiReadBytes(uint8_t* tx_data, uint8_t nbytes);
      |                       ~~~~~~~~~^~~~~~~
../src/gpx2/gpx2_if.c: In function 'gpx2_WriteBytesContinuously':
../src/gpx2/gpx2_if.c:448:19: warning: passing argument 1 of 'spiWriteBytes' from incompatible pointer type [-Wincompatible-pointer-types]
  448 |     spiWriteBytes(&tx_data, nbytes + 1);
      |                   ^~~~~~~~
      |                   |
      |                   uint8_t (*)[(int)nbytes + 1] {aka unsigned char (*)[(int)nbytes + 1]}
../src/gpx2/../spi/axi_spi_if.h:85:29: note: expected 'uint8_t *' {aka 'unsigned char *'} but argument is of type 'uint8_t (*)[(int)nbytes + 1]' {aka 'unsigned char (*)[(int)nbytes + 1]'}
   85 | void spiWriteBytes(uint8_t* tx_data, uint8_t nbytes);
      |                    ~~~~~~~~~^~~~~~~
'Finished building: ../src/gpx2/gpx2_if.c'
' '
'Building file: ../src/dma/dma.c'
'Invoking: ARM v7 gcc compiler'
arm-none-eabi-gcc -Wall -O0 -g3 -c -fmessage-length=0 -MT"src/dma/dma.o" -mcpu=cortex-a9 -mfpu=vfpv3 -mfloat-abi=hard -IC:/Users/marce/OneDrive/Dokumente/zynq_project/LVDS/LVDS_DMA_SG/DMA_SG/export/DMA_SG/sw/DMA_SG/standalone_domain/bspinclude/include -MMD -MP -MF"src/dma/dma.d" -MT"src/dma/dma.o" -o "src/dma/dma.o" "../src/dma/dma.c"
In file included from ../src/dma/dma.c:41:
../src/dma/dma.h:61:2: warning: #warning CHECK FOR THE VALID DDR ADDRESS IN XPARAMETERS.H, DEFAULT SET TO 0x01000000 [-Wcpp]
   61 | #warning CHECK FOR THE VALID DDR ADDRESS IN XPARAMETERS.H, \
      |  ^~~~~~~
../src/dma/dma.c: In function 'clear_ram_section':
../src/dma/dma.c:94:20: warning: comparison of distinct pointer types lacks a cast
   94 |     while (ram_ptr < end_ptr) {
      |                    ^
../src/dma/dma.c: In function 'DMA_IntrHandler':
../src/dma/dma.c:138:13: warning: unused variable 'rs2' [-Wunused-variable]
  138 |         int rs2 = (XAxiDma_ReadReg((InstancePtr)->RegBase + \
      |             ^~~
../src/dma/dma.c:129:13: warning: unused variable 'rs' [-Wunused-variable]
  129 |         int rs = (XAxiDma_ReadReg((InstancePtr)->RegBase + \
      |             ^~
../src/dma/dma.c: At top level:
../src/dma/dma.c:392:1: warning: "/*" within comment [-Wcomment]
  392 | /*****************************************************************************/
      |  
'Finished building: ../src/dma/dma.c'
' '
'Building file: ../src/intr_sys.c'
'Invoking: ARM v7 gcc compiler'
arm-none-eabi-gcc -Wall -O0 -g3 -c -fmessage-length=0 -MT"src/intr_sys.o" -mcpu=cortex-a9 -mfpu=vfpv3 -mfloat-abi=hard -IC:/Users/marce/OneDrive/Dokumente/zynq_project/LVDS/LVDS_DMA_SG/DMA_SG/export/DMA_SG/sw/DMA_SG/standalone_domain/bspinclude/include -MMD -MP -MF"src/intr_sys.d" -MT"src/intr_sys.o" -o "src/intr_sys.o" "../src/intr_sys.c"
In file included from ../src/intr_sys.h:44,
                 from ../src/intr_sys.c:35:
../src/dma/dma.h:61:2: warning: #warning CHECK FOR THE VALID DDR ADDRESS IN XPARAMETERS.H, DEFAULT SET TO 0x01000000 [-Wcpp]
   61 | #warning CHECK FOR THE VALID DDR ADDRESS IN XPARAMETERS.H, \
      |  ^~~~~~~
'Finished building: ../src/intr_sys.c'
' '
'Building file: ../src/main.c'
'Invoking: ARM v7 gcc compiler'
arm-none-eabi-gcc -Wall -O0 -g3 -c -fmessage-length=0 -MT"src/main.o" -mcpu=cortex-a9 -mfpu=vfpv3 -mfloat-abi=hard -IC:/Users/marce/OneDrive/Dokumente/zynq_project/LVDS/LVDS_DMA_SG/DMA_SG/export/DMA_SG/sw/DMA_SG/standalone_domain/bspinclude/include -MMD -MP -MF"src/main.d" -MT"src/main.o" -o "src/main.o" "../src/main.c"
In file included from ../src/system_config.h:49,
                 from ../src/main.h:47,
                 from ../src/main.c:36:
../src/dma/dma.h:61:2: warning: #warning CHECK FOR THE VALID DDR ADDRESS IN XPARAMETERS.H, DEFAULT SET TO 0x01000000 [-Wcpp]
   61 | #warning CHECK FOR THE VALID DDR ADDRESS IN XPARAMETERS.H, \
      |  ^~~~~~~
../src/main.c: In function 'main':
../src/main.c:210:38: warning: passing argument 1 of 'ReportDataPerPhoton' from incompatible pointer type [-Wincompatible-pointer-types]
  210 |         Status = ReportDataPerPhoton(global_destination, PRINT_REFINDICES, PRINT_STOPRESULTS, PRINT_STATISTICS);
      |                                      ^~~~~~~~~~~~~~~~~~
      |                                      |
      |                                      uint32_t * {aka long unsigned int *}
In file included from ../src/main.c:38:
../src/report.h:1:29: note: expected 'u8 *' {aka 'unsigned char *'} but argument is of type 'uint32_t *' {aka 'long unsigned int *'}
    1 | int ReportDataPerPhoton(u8 *global_destination, u8 print_refindices, u8 print_stopresults, u8 print_statistics);
      |                         ~~~~^~~~~~~~~~~~~~~~~~
../src/main.c:214:37: warning: passing argument 1 of 'ReportHistPerPixel' from incompatible pointer type [-Wincompatible-pointer-types]
  214 |         Status = ReportHistPerPixel(global_destination, PULSES_PER_PIXEL, PIXELS_IN_TOTAL, HIST_BIN_WIDTH);
      |                                     ^~~~~~~~~~~~~~~~~~
      |                                     |
      |                                     uint32_t * {aka long unsigned int *}
../src/report.h:2:34: note: expected 'const u8 *' {aka 'const unsigned char *'} but argument is of type 'uint32_t *' {aka 'long unsigned int *'}
    2 | int ReportHistPerPixel(const u8 *global_destination, u32 pulses_per_pixel, u32 pixels_in_total, u32 hist_bin_width);
      |                        ~~~~~~~~~~^~~~~~~~~~~~~~~~~~
'Finished building: ../src/main.c'
' '
'Building file: ../src/report.c'
'Invoking: ARM v7 gcc compiler'
arm-none-eabi-gcc -Wall -O0 -g3 -c -fmessage-length=0 -MT"src/report.o" -mcpu=cortex-a9 -mfpu=vfpv3 -mfloat-abi=hard -IC:/Users/marce/OneDrive/Dokumente/zynq_project/LVDS/LVDS_DMA_SG/DMA_SG/export/DMA_SG/sw/DMA_SG/standalone_domain/bspinclude/include -MMD -MP -MF"src/report.d" -MT"src/report.o" -o "src/report.o" "../src/report.c"
In file included from ../src/report.c:7:
../src/dma/dma.h:61:2: warning: #warning CHECK FOR THE VALID DDR ADDRESS IN XPARAMETERS.H, DEFAULT SET TO 0x01000000 [-Wcpp]
   61 | #warning CHECK FOR THE VALID DDR ADDRESS IN XPARAMETERS.H, \
      |  ^~~~~~~
../src/report.c: In function 'ReportDataPerPhoton':
../src/report.c:49:37: warning: unused variable 'debugvar' [-Wunused-variable]
   49 |                                 int debugvar = 1;
      |                                     ^~~~~~~~
'Finished building: ../src/report.c'
' '
'Building file: ../src/system_config.c'
'Invoking: ARM v7 gcc compiler'
arm-none-eabi-gcc -Wall -O0 -g3 -c -fmessage-length=0 -MT"src/system_config.o" -mcpu=cortex-a9 -mfpu=vfpv3 -mfloat-abi=hard -IC:/Users/marce/OneDrive/Dokumente/zynq_project/LVDS/LVDS_DMA_SG/DMA_SG/export/DMA_SG/sw/DMA_SG/standalone_domain/bspinclude/include -MMD -MP -MF"src/system_config.d" -MT"src/system_config.o" -o "src/system_config.o" "../src/system_config.c"
In file included from ../src/system_config.h:49,
                 from ../src/system_config.c:36:
../src/dma/dma.h:61:2: warning: #warning CHECK FOR THE VALID DDR ADDRESS IN XPARAMETERS.H, DEFAULT SET TO 0x01000000 [-Wcpp]
   61 | #warning CHECK FOR THE VALID DDR ADDRESS IN XPARAMETERS.H, \
      |  ^~~~~~~
'Finished building: ../src/system_config.c'
' '
'Building target: dma_sg_.elf'
'Invoking: ARM v7 gcc linker'
arm-none-eabi-gcc -mcpu=cortex-a9 -mfpu=vfpv3 -mfloat-abi=hard -Wl,-build-id=none -specs=Xilinx.spec -Wl,-T -Wl,../src/lscript.ld -LC:/Users/marce/OneDrive/Dokumente/zynq_project/LVDS/LVDS_DMA_SG/DMA_SG/export/DMA_SG/sw/DMA_SG/standalone_domain/bsplib/lib -o "dma_sg_.elf"  ./src/wdt/scuwdt_if.o  ./src/utilities/cmd_handler.o  ./src/uart/ps7_uart1_if.o  ./src/spi/axi_spi_if.o  ./src/gpx2/gpx2_if.o  ./src/gpio/axi_gpio_if.o ./src/gpio/ps7_gpio_if.o  ./src/dma/dma.o  ./src/intr_sys.o ./src/main.o ./src/platform.o ./src/report.o ./src/system_config.o   -lm -Wl,--start-group,-lxil,-lgcc,-lc,--end-group
'Finished building target: dma_sg_.elf'
' '
'Invoking: ARM v7 Print Size'
arm-none-eabi-size dma_sg_.elf  |tee "dma_sg_.elf.size"
   text	   data	    bss	    dec	    hex	filename
  84559	   2400	  58016	 144975	  2364f	dma_sg_.elf
'Finished building: dma_sg_.elf.size'
' '
