
*** Running vivado
    with args -log LVDS_to_AXIS_DDR_fabric_even_simp_0_0.vds -m64 -product Vivado -mode batch -messageDb vivado.pb -notrace -source LVDS_to_AXIS_DDR_fabric_even_simp_0_0.tcl



****** Vivado v2024.2 (64-bit)
  **** SW Build 5239630 on Fri Nov 08 22:35:27 MST 2024
  **** IP Build 5239520 on Sun Nov 10 16:12:51 MST 2024
  **** SharedData Build 5239561 on Fri Nov 08 14:39:27 MST 2024
  **** Start of session at: Mon Feb 23 15:14:51 2026
    ** Copyright 1986-2022 Xilinx, Inc. All Rights Reserved.
    ** Copyright 2022-2024 Advanced Micro Devices, Inc. All Rights Reserved.

source LVDS_to_AXIS_DDR_fabric_even_simp_0_0.tcl -notrace
WARNING: [Common 17-1361] You have specified a new message control rule that is equivalent to an existing rule with attributes ' -id {17-179}  -suppress '. The existing rule will be replaced.
WARNING: [Common 17-1361] You have specified a new message control rule that is equivalent to an existing rule with attributes ' -id {17-179}  -suppress '. The existing rule will be replaced.
WARNING: [Common 17-1361] You have specified a new message control rule that is equivalent to an existing rule with attributes ' -id {17-179}  -suppress '. The existing rule will be replaced.
WARNING: [Common 17-1361] You have specified a new message control rule that is equivalent to an existing rule with attributes ' -id {17-179}  -suppress '. The existing rule will be replaced.
INFO: [IP_Flow 19-234] Refreshing IP repositories
CRITICAL WARNING: [IP_Flow 19-11780] Skipping module reference component xilinx.com:module_ref:lvds_input:1.0 found in user repository c:/Users/marce/OneDrive/Dokumente/zynq_project/LVDS/DDR_LVDS_dual_clock 
CRITICAL WARNING: [IP_Flow 19-11780] Skipping module reference component xilinx.com:module_ref:lvds_master:1.0 found in user repository c:/Users/marce/OneDrive/Dokumente/zynq_project/LVDS/DDR_LVDS_dual_clock 
CRITICAL WARNING: [IP_Flow 19-11780] Skipping module reference component xilinx.com:module_ref:lvds_output:1.0 found in user repository c:/Users/marce/OneDrive/Dokumente/zynq_project/LVDS/DDR_LVDS_dual_clock 
INFO: [IP_Flow 19-1700] Loaded user IP repository 'c:/Users/marce/OneDrive/Dokumente/zynq_project/LVDS/DDR_LVDS_dual_clock'.
INFO: [IP_Flow 19-1700] Loaded user IP repository 'c:/Users/marce/AppData/Roaming/Xilinx/ip_repo'.
INFO: [IP_Flow 19-1700] Loaded user IP repository 'c:/Users/marce/OneDrive/Dokumente/zynq_project/LVDS/IP'.
INFO: [IP_Flow 19-1700] Loaded user IP repository 'c:/Users/marce/OneDrive/Dokumente/zynq_project/LVDS/LVDS_to_AXIS/IP'.
WARNING: [IP_Flow 19-3685] Ignored loading user repository 'c:/Users/marce/OneDrive/Dokumente/zynq_project/LVDS/IP/DDR_Fabric'. The path is contained within another repository.
INFO: [IP_Flow 19-2313] Loaded Vivado IP repository 'C:/Xilinx/Vivado/2024.2/data/ip'.
WARNING: [IP_Flow 19-1663] Duplicate IP found for 'xilinx.com:user:LVDS_to_AXIS:1.0'. The one found in IP location 'c:/Users/marce/OneDrive/Dokumente/zynq_project/LVDS/LVDS_to_AXIS/IP' will take precedence over the same IP in location c:/Users/marce/AppData/Roaming/Xilinx/ip_repo
WARNING: [IP_Flow 19-4995] The host OS only allows 260 characters in a normal path. The IP cache path is more than 80 characters. If you experience issues with IP caching, please consider changing the IP cache to a location with a shorter path. Alternately consider using the OS subst command to map part of the path to a drive letter. 
Current IP cache path is c:/Users/marce/OneDrive/Dokumente/zynq_project/LVDS/DDR_LVDS_FABRIC/DDR_LVDS_FABRIC.cache/ip 
Command: synth_design -top LVDS_to_AXIS_DDR_fabric_even_simp_0_0 -part xc7z020clg484-1 -incremental_mode off -mode out_of_context
Starting synth_design
Attempting to get a license for feature 'Synthesis' and/or device 'xc7z020'
INFO: [Common 17-349] Got license for feature 'Synthesis' and/or device 'xc7z020'
INFO: [Device 21-403] Loading part xc7z020clg484-1
INFO: [Synth 8-7079] Multithreading enabled for synth_design using a maximum of 2 processes.
INFO: [Synth 8-7078] Launching helper process for spawning children vivado processes
WARNING: [Common 17-1361] You have specified a new message control rule that is equivalent to an existing rule with attributes ' -id {17-179}  -suppress '. The existing rule will be replaced.
INFO: [Synth 8-7075] Helper process launched with PID 22180
---------------------------------------------------------------------------------
Starting RTL Elaboration : Time (s): cpu = 00:00:05 ; elapsed = 00:00:06 . Memory (MB): peak = 1104.879 ; gain = 465.922
---------------------------------------------------------------------------------
INFO: [Synth 8-6157] synthesizing module 'LVDS_to_AXIS_DDR_fabric_even_simp_0_0' [c:/Users/marce/OneDrive/Dokumente/zynq_project/LVDS/DDR_LVDS_FABRIC/DDR_LVDS_FABRIC.gen/sources_1/bd/LVDS_to_AXIS/ip/LVDS_to_AXIS_DDR_fabric_even_simp_0_0/synth/LVDS_to_AXIS_DDR_fabric_even_simp_0_0.v:53]
INFO: [Synth 8-6157] synthesizing module 'DDR_fabric_even_simpler' [C:/Users/marce/OneDrive/Dokumente/zynq_project/LVDS/DDR_LVDS_FABRIC/DDR_LVDS_FABRIC.srcs/sources_1/new/DDR_fabric_even_simpler.v:48]
	Parameter NUM_TRANSACTIONS bound to: 256 - type: integer 
	Parameter CLOCKRATIO bound to: 2 - type: integer 
INFO: [Synth 8-6157] synthesizing module 'zip_words' [C:/Users/marce/OneDrive/Dokumente/zynq_project/LVDS/DDR_LVDS_FABRIC/DDR_LVDS_FABRIC.srcs/sources_1/new/DDR_fabric_even_simpler.v:268]
INFO: [Synth 8-6155] done synthesizing module 'zip_words' (0#1) [C:/Users/marce/OneDrive/Dokumente/zynq_project/LVDS/DDR_LVDS_FABRIC/DDR_LVDS_FABRIC.srcs/sources_1/new/DDR_fabric_even_simpler.v:268]
INFO: [Synth 8-6157] synthesizing module 'delay_by_X_clocks' [C:/Users/marce/OneDrive/Dokumente/zynq_project/LVDS/DDR_LVDS_FABRIC/DDR_LVDS_FABRIC.srcs/sources_1/new/DDR_fabric_even_simpler.v:326]
INFO: [Synth 8-6155] done synthesizing module 'delay_by_X_clocks' (0#1) [C:/Users/marce/OneDrive/Dokumente/zynq_project/LVDS/DDR_LVDS_FABRIC/DDR_LVDS_FABRIC.srcs/sources_1/new/DDR_fabric_even_simpler.v:326]
INFO: [Synth 8-6157] synthesizing module 'delay_64bit_by_X_clocks' [C:/Users/marce/OneDrive/Dokumente/zynq_project/LVDS/DDR_LVDS_FABRIC/DDR_LVDS_FABRIC.srcs/sources_1/new/DDR_fabric_even_simpler.v:292]
INFO: [Synth 8-6155] done synthesizing module 'delay_64bit_by_X_clocks' (0#1) [C:/Users/marce/OneDrive/Dokumente/zynq_project/LVDS/DDR_LVDS_FABRIC/DDR_LVDS_FABRIC.srcs/sources_1/new/DDR_fabric_even_simpler.v:292]
INFO: [Synth 8-6155] done synthesizing module 'DDR_fabric_even_simpler' (0#1) [C:/Users/marce/OneDrive/Dokumente/zynq_project/LVDS/DDR_LVDS_FABRIC/DDR_LVDS_FABRIC.srcs/sources_1/new/DDR_fabric_even_simpler.v:48]
INFO: [Synth 8-6155] done synthesizing module 'LVDS_to_AXIS_DDR_fabric_even_simp_0_0' (0#1) [c:/Users/marce/OneDrive/Dokumente/zynq_project/LVDS/DDR_LVDS_FABRIC/DDR_LVDS_FABRIC.gen/sources_1/bd/LVDS_to_AXIS/ip/LVDS_to_AXIS_DDR_fabric_even_simp_0_0/synth/LVDS_to_AXIS_DDR_fabric_even_simp_0_0.v:53]
WARNING: [Synth 8-6014] Unused sequential element F_synchronised_negedge_delayed_reg was removed.  [C:/Users/marce/OneDrive/Dokumente/zynq_project/LVDS/DDR_LVDS_FABRIC/DDR_LVDS_FABRIC.srcs/sources_1/new/DDR_fabric_even_simpler.v:207]
WARNING: [Synth 8-7137] Register F_synchronised_posedge_delayed_reg in module DDR_fabric_even_simpler has both Set and reset with same priority. This may cause simulation mismatches. Consider rewriting code  [C:/Users/marce/OneDrive/Dokumente/zynq_project/LVDS/DDR_LVDS_FABRIC/DDR_LVDS_FABRIC.srcs/sources_1/new/DDR_fabric_even_simpler.v:129]
WARNING: [Synth 8-7129] Port tready in module DDR_fabric_even_simpler is either unconnected or has no load
---------------------------------------------------------------------------------
Finished RTL Elaboration : Time (s): cpu = 00:00:07 ; elapsed = 00:00:08 . Memory (MB): peak = 1220.207 ; gain = 581.250
---------------------------------------------------------------------------------
---------------------------------------------------------------------------------
Start Handling Custom Attributes
---------------------------------------------------------------------------------
---------------------------------------------------------------------------------
Finished Handling Custom Attributes : Time (s): cpu = 00:00:07 ; elapsed = 00:00:08 . Memory (MB): peak = 1220.207 ; gain = 581.250
---------------------------------------------------------------------------------
---------------------------------------------------------------------------------
Finished RTL Optimization Phase 1 : Time (s): cpu = 00:00:07 ; elapsed = 00:00:08 . Memory (MB): peak = 1220.207 ; gain = 581.250
---------------------------------------------------------------------------------
Netlist sorting complete. Time (s): cpu = 00:00:00 ; elapsed = 00:00:00.037 . Memory (MB): peak = 1220.207 ; gain = 0.000
INFO: [Project 1-570] Preparing netlist for logic optimization

Processing XDC Constraints
Initializing timing engine
Completed Processing XDC Constraints

Netlist sorting complete. Time (s): cpu = 00:00:00 ; elapsed = 00:00:00.001 . Memory (MB): peak = 1308.402 ; gain = 0.000
INFO: [Project 1-111] Unisim Transformation Summary:
No Unisim elements were transformed.

Constraint Validation Runtime : Time (s): cpu = 00:00:00 ; elapsed = 00:00:00.073 . Memory (MB): peak = 1308.945 ; gain = 0.543
INFO: [Designutils 20-5008] Incremental synthesis strategy off
---------------------------------------------------------------------------------
Finished Constraint Validation : Time (s): cpu = 00:00:16 ; elapsed = 00:00:17 . Memory (MB): peak = 1308.945 ; gain = 669.988
---------------------------------------------------------------------------------
---------------------------------------------------------------------------------
Start Loading Part and Timing Information
---------------------------------------------------------------------------------
Loading part: xc7z020clg484-1
---------------------------------------------------------------------------------
Finished Loading Part and Timing Information : Time (s): cpu = 00:00:16 ; elapsed = 00:00:17 . Memory (MB): peak = 1308.945 ; gain = 669.988
---------------------------------------------------------------------------------
---------------------------------------------------------------------------------
Start Applying 'set_property' XDC Constraints
---------------------------------------------------------------------------------
---------------------------------------------------------------------------------
Finished applying 'set_property' XDC Constraints : Time (s): cpu = 00:00:16 ; elapsed = 00:00:17 . Memory (MB): peak = 1308.945 ; gain = 669.988
---------------------------------------------------------------------------------
---------------------------------------------------------------------------------
Finished RTL Optimization Phase 2 : Time (s): cpu = 00:00:16 ; elapsed = 00:00:17 . Memory (MB): peak = 1308.945 ; gain = 669.988
---------------------------------------------------------------------------------
---------------------------------------------------------------------------------
Start RTL Component Statistics 
---------------------------------------------------------------------------------
Detailed RTL Component Info : 
+---Adders : 
	   2 Input   64 Bit       Adders := 1     
	   2 Input    8 Bit       Adders := 1     
	   2 Input    6 Bit       Adders := 2     
+---Registers : 
	               64 Bit    Registers := 65    
	               60 Bit    Registers := 2     
	               32 Bit    Registers := 2     
	                8 Bit    Registers := 1     
	                6 Bit    Registers := 1     
	                1 Bit    Registers := 15    
+---Muxes : 
	   2 Input   64 Bit        Muxes := 1     
	   2 Input    8 Bit        Muxes := 1     
	   2 Input    6 Bit        Muxes := 2     
	   2 Input    1 Bit        Muxes := 19    
---------------------------------------------------------------------------------
Finished RTL Component Statistics 
---------------------------------------------------------------------------------
---------------------------------------------------------------------------------
Start Part Resource Summary
---------------------------------------------------------------------------------
Part Resources:
DSPs: 220 (col length:60)
BRAMs: 280 (col length: RAMB18 60 RAMB36 30)
---------------------------------------------------------------------------------
Finished Part Resource Summary
---------------------------------------------------------------------------------
---------------------------------------------------------------------------------
Start Cross Boundary and Area Optimization
---------------------------------------------------------------------------------
WARNING: [Synth 8-7080] Parallel synthesis criteria is not met
WARNING: [Synth 8-7129] Port tready in module LVDS_to_AXIS_DDR_fabric_even_simp_0_0 is either unconnected or has no load
---------------------------------------------------------------------------------
Finished Cross Boundary and Area Optimization : Time (s): cpu = 00:00:19 ; elapsed = 00:00:20 . Memory (MB): peak = 1308.945 ; gain = 669.988
---------------------------------------------------------------------------------
---------------------------------------------------------------------------------
Start Applying XDC Timing Constraints
---------------------------------------------------------------------------------
---------------------------------------------------------------------------------
Finished Applying XDC Timing Constraints : Time (s): cpu = 00:00:25 ; elapsed = 00:00:26 . Memory (MB): peak = 1416.469 ; gain = 777.512
---------------------------------------------------------------------------------
---------------------------------------------------------------------------------
Start Timing Optimization
---------------------------------------------------------------------------------
---------------------------------------------------------------------------------
Finished Timing Optimization : Time (s): cpu = 00:00:25 ; elapsed = 00:00:26 . Memory (MB): peak = 1418.355 ; gain = 779.398
---------------------------------------------------------------------------------
---------------------------------------------------------------------------------
Start Technology Mapping
---------------------------------------------------------------------------------
---------------------------------------------------------------------------------
Finished Technology Mapping : Time (s): cpu = 00:00:26 ; elapsed = 00:00:27 . Memory (MB): peak = 1430.766 ; gain = 791.809
---------------------------------------------------------------------------------
---------------------------------------------------------------------------------
Start IO Insertion
---------------------------------------------------------------------------------
---------------------------------------------------------------------------------
Start Flattening Before IO Insertion
---------------------------------------------------------------------------------
---------------------------------------------------------------------------------
Finished Flattening Before IO Insertion
---------------------------------------------------------------------------------
---------------------------------------------------------------------------------
Start Final Netlist Cleanup
---------------------------------------------------------------------------------
---------------------------------------------------------------------------------
Finished Final Netlist Cleanup
---------------------------------------------------------------------------------
---------------------------------------------------------------------------------
Finished IO Insertion : Time (s): cpu = 00:00:31 ; elapsed = 00:00:32 . Memory (MB): peak = 1639.555 ; gain = 1000.598
---------------------------------------------------------------------------------
---------------------------------------------------------------------------------
Start Renaming Generated Instances
---------------------------------------------------------------------------------
---------------------------------------------------------------------------------
Finished Renaming Generated Instances : Time (s): cpu = 00:00:31 ; elapsed = 00:00:32 . Memory (MB): peak = 1639.555 ; gain = 1000.598
---------------------------------------------------------------------------------
---------------------------------------------------------------------------------
Start Rebuilding User Hierarchy
---------------------------------------------------------------------------------
---------------------------------------------------------------------------------
Finished Rebuilding User Hierarchy : Time (s): cpu = 00:00:31 ; elapsed = 00:00:32 . Memory (MB): peak = 1639.555 ; gain = 1000.598
---------------------------------------------------------------------------------
---------------------------------------------------------------------------------
Start Renaming Generated Ports
---------------------------------------------------------------------------------
---------------------------------------------------------------------------------
Finished Renaming Generated Ports : Time (s): cpu = 00:00:31 ; elapsed = 00:00:32 . Memory (MB): peak = 1639.555 ; gain = 1000.598
---------------------------------------------------------------------------------
---------------------------------------------------------------------------------
Start Handling Custom Attributes
---------------------------------------------------------------------------------
---------------------------------------------------------------------------------
Finished Handling Custom Attributes : Time (s): cpu = 00:00:31 ; elapsed = 00:00:32 . Memory (MB): peak = 1639.555 ; gain = 1000.598
---------------------------------------------------------------------------------
---------------------------------------------------------------------------------
Start Renaming Generated Nets
---------------------------------------------------------------------------------
---------------------------------------------------------------------------------
Finished Renaming Generated Nets : Time (s): cpu = 00:00:31 ; elapsed = 00:00:32 . Memory (MB): peak = 1639.555 ; gain = 1000.598
---------------------------------------------------------------------------------
---------------------------------------------------------------------------------
Start ROM, RAM, DSP, Shift Register and Retiming Reporting
---------------------------------------------------------------------------------

Static Shift Register Report:
+--------------------------------------+-----------------------------------+--------+-------+--------------+--------------------+-------------------+--------+---------+
|Module Name                           | RTL Name                          | Length | Width | Reset Signal | Pull out first Reg | Pull out last Reg | SRL16E | SRLC32E | 
+--------------------------------------+-----------------------------------+--------+-------+--------------+--------------------+-------------------+--------+---------+
|LVDS_to_AXIS_DDR_fabric_even_simp_0_0 | inst/delay_tvalid/data_out_reg    | 61     | 1     | YES          | NO                 | YES               | 0      | 2       | 
|LVDS_to_AXIS_DDR_fabric_even_simp_0_0 | inst/delay_tlast/data_out_reg     | 61     | 1     | YES          | NO                 | YES               | 0      | 2       | 
|LVDS_to_AXIS_DDR_fabric_even_simp_0_0 | inst/delay_tdata/data_out_reg[63] | 61     | 64    | YES          | NO                 | YES               | 0      | 128     | 
+--------------------------------------+-----------------------------------+--------+-------+--------------+--------------------+-------------------+--------+---------+

---------------------------------------------------------------------------------
Finished ROM, RAM, DSP, Shift Register and Retiming Reporting
---------------------------------------------------------------------------------
---------------------------------------------------------------------------------
Start Writing Synthesis Report
---------------------------------------------------------------------------------

Report BlackBoxes: 
+-+--------------+----------+
| |BlackBox name |Instances |
+-+--------------+----------+
+-+--------------+----------+

Report Cell Usage: 
+------+--------+------+
|      |Cell    |Count |
+------+--------+------+
|1     |CARRY4  |    16|
|2     |LUT1    |     2|
|3     |LUT2    |    71|
|4     |LUT3    |     8|
|5     |LUT4    |    67|
|6     |LUT5    |     8|
|7     |LUT6    |   136|
|8     |SRLC32E |   132|
|9     |FDCE    |   371|
|10    |FDPE    |     8|
|11    |FDRE    |    67|
+------+--------+------+
---------------------------------------------------------------------------------
Finished Writing Synthesis Report : Time (s): cpu = 00:00:31 ; elapsed = 00:00:32 . Memory (MB): peak = 1639.555 ; gain = 1000.598
---------------------------------------------------------------------------------
Synthesis finished with 0 errors, 0 critical warnings and 2 warnings.
Synthesis Optimization Runtime : Time (s): cpu = 00:00:22 ; elapsed = 00:00:30 . Memory (MB): peak = 1639.555 ; gain = 911.859
Synthesis Optimization Complete : Time (s): cpu = 00:00:31 ; elapsed = 00:00:32 . Memory (MB): peak = 1639.555 ; gain = 1000.598
INFO: [Project 1-571] Translating synthesized netlist
Netlist sorting complete. Time (s): cpu = 00:00:00 ; elapsed = 00:00:00.009 . Memory (MB): peak = 1639.555 ; gain = 0.000
INFO: [Netlist 29-17] Analyzing 16 Unisim elements for replacement
INFO: [Netlist 29-28] Unisim Transformation completed in 0 CPU seconds
INFO: [Project 1-570] Preparing netlist for logic optimization
INFO: [Opt 31-138] Pushed 0 inverter(s) to 0 load pin(s).
Netlist sorting complete. Time (s): cpu = 00:00:00 ; elapsed = 00:00:00.001 . Memory (MB): peak = 1639.555 ; gain = 0.000
INFO: [Project 1-111] Unisim Transformation Summary:
No Unisim elements were transformed.

Synth Design complete | Checksum: 8ee73b6
INFO: [Common 17-83] Releasing license: Synthesis
31 Infos, 13 Warnings, 3 Critical Warnings and 0 Errors encountered.
synth_design completed successfully
synth_design: Time (s): cpu = 00:00:36 ; elapsed = 00:00:40 . Memory (MB): peak = 1639.555 ; gain = 1229.734
INFO: [Coretcl 2-1174] Renamed 4 cell refs.
Write ShapeDB Complete: Time (s): cpu = 00:00:00 ; elapsed = 00:00:00.004 . Memory (MB): peak = 1639.555 ; gain = 0.000
INFO: [Common 17-1381] The checkpoint 'C:/Users/marce/OneDrive/Dokumente/zynq_project/LVDS/DDR_LVDS_FABRIC/DDR_LVDS_FABRIC.runs/LVDS_to_AXIS_DDR_fabric_even_simp_0_0_synth_1/LVDS_to_AXIS_DDR_fabric_even_simp_0_0.dcp' has been generated.
INFO: [Vivado 12-24828] Executing command : report_utilization -file LVDS_to_AXIS_DDR_fabric_even_simp_0_0_utilization_synth.rpt -pb LVDS_to_AXIS_DDR_fabric_even_simp_0_0_utilization_synth.pb
INFO: [Common 17-206] Exiting Vivado at Mon Feb 23 15:15:39 2026...
