Vivado Simulator v2024.2.0
Copyright 1986-2022 Xilinx, Inc. All Rights Reserved.
Copyright 2022-2024 Advanced Micro Devices, Inc. All Rights Reserved.
Running: C:/Xilinx/Vivado/2024.2/bin/unwrapped/win64.o/xelab.exe --incr --debug typical --relax --mt 2 -L xil_defaultlib -L axis_infrastructure_v1_1_1 -L axis_data_fifo_v2_0_15 -L util_vector_logic_v2_0_4 -L xlconstant_v1_1_9 -L uvm -L unisims_ver -L unimacro_ver -L secureip -L xpm --snapshot block_design_elaboreate_tb_behav xil_defaultlib.block_design_elaboreate_tb xil_defaultlib.glbl -log elaborate.log 
Using 2 slave threads.
Starting static elaboration
Pass Through NonSizing Optimizer
WARNING: [VRFC 10-3597] non-void function 'randomize' called as a task without void casting [C:/Users/marce/OneDrive/Dokumente/zynq_project/photonsorting/comparator_module/comparator_module.srcs/block_design_elaborate_new/new/laser_sim_new.sv:200]
Completed static elaboration
Starting simulation data flow analysis
Completed simulation data flow analysis
Time Resolution for simulation is 1ps
Compiling package xil_defaultlib.$unit_laser_sim_new_sv
Compiling package std.std
Compiling module xil_defaultlib.axis_if_default
Compiling module xlconstant_v1_1_9.xlconstant_v1_1_9_xlconstant(CON...
Compiling module xil_defaultlib.histo_xlconstant_0_0
Compiling module util_vector_logic_v2_0_4.util_vector_logic_v2_0_4_util_ve...
Compiling module xil_defaultlib.histo_util_vector_logic_1_0
Compiling module axis_infrastructure_v1_1_1.axis_infrastructure_v1_1_1_util_...
Compiling module axis_infrastructure_v1_1_1.axis_infrastructure_v1_1_1_util_...
Compiling module axis_infrastructure_v1_1_1.axis_infrastructure_v1_1_1_util_...
Compiling module xpm.xpm_cdc_sync_rst(INIT=0,INIT_SYN...
Compiling module xpm.xpm_fifo_rst(CDC_DEST_SYNC_FF=3)
Compiling module xpm.xpm_fifo_reg_bit
Compiling module xpm.xpm_counter_updn(COUNTER_WIDTH=1...
Compiling module xpm.xpm_counter_updn(COUNTER_WIDTH=9...
Compiling module xpm.xpm_memory_base(MEMORY_TYPE=1,ME...
Compiling module xpm.xpm_counter_updn(COUNTER_WIDTH=2...
Compiling module xpm.xpm_fifo_base(FIFO_WRITE_DEPTH=5...
Compiling module xpm.xpm_fifo_axis(FIFO_DEPTH=512,TDA...
Compiling module axis_data_fifo_v2_0_15.axis_data_fifo_v2_0_15_top(C_FAM...
Compiling module xil_defaultlib.histo_axis_data_fifo_0_0
Compiling module xil_defaultlib.comparators
Compiling module xil_defaultlib.histo_comparator_0
Compiling module xil_defaultlib.edge_detect
Compiling module xil_defaultlib.histo_pixel_clk_edge_detect_1
Compiling module xil_defaultlib.histogram_sparse_writeout_defaul...
Compiling module xil_defaultlib.histo_histogram_sparse_wri_0_0
Compiling module util_vector_logic_v2_0_4.util_vector_logic_v2_0_4_util_ve...
Compiling module xil_defaultlib.histo_in_line_and_in_frame_0
Compiling module xil_defaultlib.histo_pixel_clk_edge_detect_0
Compiling module xil_defaultlib.histo_util_vector_logic_0_0
Compiling module util_vector_logic_v2_0_4.util_vector_logic_v2_0_4_util_ve...
Compiling module xil_defaultlib.histo_util_vector_logic_1_1
Compiling module xil_defaultlib.histo
Compiling module xil_defaultlib.histo_wrapper
Compiling module xil_defaultlib.block_design_elaboreate_tb
Compiling module xil_defaultlib.glbl
Built simulation snapshot block_design_elaboreate_tb_behav
