Copyright 1986-2022 Xilinx, Inc. All Rights Reserved. Copyright 2022-2024 Advanced Micro Devices, Inc. All Rights Reserved.
----------------------------------------------------------------------------------------------------------------------------------------------------------------------------------------------
| Tool Version     : Vivado v.2024.2 (win64) Build 5239630 Fri Nov 08 22:35:27 MST 2024
| Date             : Mon Feb 23 20:55:05 2026
| Host             : LAPTOP-UKM8GMC3 running 64-bit major release  (build 9200)
| Command          : report_power -file signal_generator_wrapper_power_routed.rpt -pb signal_generator_wrapper_power_summary_routed.pb -rpx signal_generator_wrapper_power_routed.rpx
| Design           : signal_generator_wrapper
| Device           : xc7z020clg484-1
| Design State     : routed
| Grade            : commercial
| Process          : typical
| Characterization : Production
----------------------------------------------------------------------------------------------------------------------------------------------------------------------------------------------

Power Report

Table of Contents
-----------------
1. Summary
1.1 On-Chip Components
1.2 Power Supply Summary
1.3 Confidence Level
2. Settings
2.1 Environment
2.2 Clock Constraints
3. Detailed Reports
3.1 By Hierarchy

1. Summary
----------

+--------------------------+--------------+
| Total On-Chip Power (W)  | 2.271        |
| Design Power Budget (W)  | Unspecified* |
| Power Budget Margin (W)  | NA           |
| Dynamic (W)              | 2.093        |
| Device Static (W)        | 0.178        |
| Effective TJA (C/W)      | 11.5         |
| Max Ambient (C)          | 58.8         |
| Junction Temperature (C) | 51.2         |
| Confidence Level         | Medium       |
| Setting File             | ---          |
| Simulation Activity File | ---          |
| Design Nets Matched      | NA           |
+--------------------------+--------------+
* Specify Design Power Budget using, set_operating_conditions -design_power_budget <value in Watts>


1.1 On-Chip Components
----------------------

+--------------------------+-----------+----------+-----------+-----------------+
| On-Chip                  | Power (W) | Used     | Available | Utilization (%) |
+--------------------------+-----------+----------+-----------+-----------------+
| Clocks                   |     0.144 |        8 |       --- |             --- |
| Slice Logic              |     0.057 |    62969 |       --- |             --- |
|   LUT as Logic           |     0.040 |    19295 |     53200 |           36.27 |
|   Others                 |     0.010 |     3442 |       --- |             --- |
|   Register               |     0.003 |    30055 |    106400 |           28.25 |
|   LUT as Distributed RAM |     0.002 |      926 |     17400 |            5.32 |
|   CARRY4                 |    <0.001 |      609 |     13300 |            4.58 |
|   LUT as Shift Register  |    <0.001 |     1900 |     17400 |           10.92 |
|   F7/F8 Muxes            |    <0.001 |      279 |     53200 |            0.52 |
|   BUFG                   |    <0.001 |        1 |        32 |            3.13 |
| Signals                  |     0.057 |    43200 |       --- |             --- |
| Block RAM                |     0.177 |      119 |       140 |           85.00 |
| I/O                      |     0.078 |       18 |       200 |            9.00 |
| PS7                      |     1.581 |        1 |       --- |             --- |
| Static Power             |     0.178 |          |           |                 |
| Total                    |     2.271 |          |           |                 |
+--------------------------+-----------+----------+-----------+-----------------+


1.2 Power Supply Summary
------------------------

+-----------+-------------+-----------+-------------+------------+-------------+-------------+------------+
| Source    | Voltage (V) | Total (A) | Dynamic (A) | Static (A) | Powerup (A) | Budget (A)  | Margin (A) |
+-----------+-------------+-----------+-------------+------------+-------------+-------------+------------+
| Vccint    |       1.000 |     0.435 |       0.411 |      0.025 |       NA    | Unspecified | NA         |
| Vccaux    |       1.800 |     0.036 |       0.018 |      0.018 |       NA    | Unspecified | NA         |
| Vcco33    |       3.300 |     0.002 |       0.001 |      0.001 |       NA    | Unspecified | NA         |
| Vcco25    |       2.500 |     0.022 |       0.021 |      0.001 |       NA    | Unspecified | NA         |
| Vcco18    |       1.800 |     0.000 |       0.000 |      0.000 |       NA    | Unspecified | NA         |
| Vcco15    |       1.500 |     0.000 |       0.000 |      0.000 |       NA    | Unspecified | NA         |
| Vcco135   |       1.350 |     0.000 |       0.000 |      0.000 |       NA    | Unspecified | NA         |
| Vcco12    |       1.200 |     0.000 |       0.000 |      0.000 |       NA    | Unspecified | NA         |
| Vccaux_io |       1.800 |     0.000 |       0.000 |      0.000 |       NA    | Unspecified | NA         |
| Vccbram   |       1.000 |     0.025 |       0.015 |      0.011 |       NA    | Unspecified | NA         |
| MGTAVcc   |       1.000 |     0.000 |       0.000 |      0.000 |       NA    | Unspecified | NA         |
| MGTAVtt   |       1.200 |     0.000 |       0.000 |      0.000 |       NA    | Unspecified | NA         |
| MGTVccaux |       1.800 |     0.000 |       0.000 |      0.000 |       NA    | Unspecified | NA         |
| Vccpint   |       1.000 |     0.762 |       0.724 |      0.038 |       NA    | Unspecified | NA         |
| Vccpaux   |       1.800 |     0.085 |       0.075 |      0.010 |       NA    | Unspecified | NA         |
| Vccpll    |       1.800 |     0.017 |       0.014 |      0.003 |       NA    | Unspecified | NA         |
| Vcco_ddr  |       1.500 |     0.459 |       0.457 |      0.002 |       NA    | Unspecified | NA         |
| Vcco_mio0 |       3.300 |     0.003 |       0.002 |      0.001 |       NA    | Unspecified | NA         |
| Vcco_mio1 |       1.800 |     0.004 |       0.003 |      0.001 |       NA    | Unspecified | NA         |
| Vccadc    |       1.800 |     0.020 |       0.000 |      0.020 |       NA    | Unspecified | NA         |
+-----------+-------------+-----------+-------------+------------+-------------+-------------+------------+


1.3 Confidence Level
--------------------

+-----------------------------+------------+-------------------------------------------------------+------------------------------------------------------------------------------------------------------------+
| User Input Data             | Confidence | Details                                               | Action                                                                                                     |
+-----------------------------+------------+-------------------------------------------------------+------------------------------------------------------------------------------------------------------------+
| Design implementation state | High       | Design is routed                                      |                                                                                                            |
| Clock nodes activity        | High       | User specified more than 95% of clocks                |                                                                                                            |
| I/O nodes activity          | Medium     | More than 5% of inputs are missing user specification | Provide missing input activity with simulation results or by editing the "By Resource Type -> I/Os" view   |
| Internal nodes activity     | Medium     | User specified less than 25% of internal nodes        | Provide missing internal nodes activity with simulation results or by editing the "By Resource Type" views |
| Device models               | High       | Device models are Production                          |                                                                                                            |
|                             |            |                                                       |                                                                                                            |
| Overall confidence level    | Medium     |                                                       |                                                                                                            |
+-----------------------------+------------+-------------------------------------------------------+------------------------------------------------------------------------------------------------------------+


2. Settings
-----------

2.1 Environment
---------------

+-----------------------+------------------------+
| Ambient Temp (C)      | 25.0                   |
| ThetaJA (C/W)         | 11.5                   |
| Airflow (LFM)         | 250                    |
| Heat Sink             | none                   |
| ThetaSA (C/W)         | 0.0                    |
| Board Selection       | medium (10"x10")       |
| # of Board Layers     | 8to11 (8 to 11 Layers) |
| Board Temperature (C) | 25.0                   |
+-----------------------+------------------------+


2.2 Clock Constraints
---------------------

+--------------------------------------------------------------------------------------------+---------------------------------------------------------------------+-----------------+
| Clock                                                                                      | Domain                                                              | Constraint (ns) |
+--------------------------------------------------------------------------------------------+---------------------------------------------------------------------+-----------------+
| clk_fpga_0                                                                                 | signal_generator_i/processing_system7_0/inst/FCLK_CLK_unbuffered[0] |             8.0 |
| clk_fpga_1                                                                                 | signal_generator_i/processing_system7_0/inst/FCLK_CLK_unbuffered[1] |             4.0 |
| clk_fpga_2                                                                                 | signal_generator_i/processing_system7_0/inst/FCLK_CLK_unbuffered[2] |           100.0 |
| clk_fpga_3                                                                                 | signal_generator_i/processing_system7_0/inst/FCLK_CLK_unbuffered[3] |             5.0 |
| dbg_hub/inst/BSCANID.u_xsdbm_id/SWITCH_N_EXT_BSCAN.bscan_inst/SERIES7_BSCAN.bscan_inst/TCK | dbg_hub/inst/BSCANID.u_xsdbm_id/SWITCH_N_EXT_BSCAN.bscan_inst/TCK   |            33.0 |
| l_clk_in_p                                                                                 | l_clk_in_p                                                          |             4.0 |
+--------------------------------------------------------------------------------------------+---------------------------------------------------------------------+-----------------+


3. Detailed Reports
-------------------

3.1 By Hierarchy
----------------

+---------------------------+-----------+
| Name                      | Power (W) |
+---------------------------+-----------+
| signal_generator_wrapper  |     2.093 |
|   dbg_hub                 |     0.004 |
|     inst                  |     0.004 |
|       BSCANID.u_xsdbm_id  |     0.004 |
|   signal_generator_i      |     2.084 |
|     LVDS_to_AXIS_0        |     0.108 |
|       inst                |     0.108 |
|     axi_bram_ctrl_0       |     0.002 |
|       U0                  |     0.002 |
|     axi_bram_ctrl_1       |     0.002 |
|       U0                  |     0.002 |
|     axi_dma_0             |     0.015 |
|       U0                  |     0.015 |
|     axi_gpio_0            |     0.001 |
|       U0                  |     0.001 |
|     axi_gpio_1            |     0.001 |
|       U0                  |     0.001 |
|     axi_gpio_2            |     0.001 |
|       U0                  |     0.001 |
|     axi_gpio_3            |     0.001 |
|       U0                  |     0.001 |
|     axi_mem_intercon      |     0.001 |
|       s00_couplers        |     0.001 |
|     axi_quad_spi_0        |     0.007 |
|       U0                  |     0.007 |
|     axi_smc               |     0.101 |
|       inst                |     0.101 |
|     blk_mem_gen_0         |     0.008 |
|       U0                  |     0.008 |
|     histo_0               |     0.084 |
|       inst                |     0.084 |
|     histogram_ILA         |     0.008 |
|       inst                |     0.008 |
|     ila_DMA_out           |     0.036 |
|       inst                |     0.036 |
|     ila_LVDS_to_AXIS      |     0.011 |
|       inst                |     0.011 |
|     ila_LVDS_to_axis_axis |     0.013 |
|       inst                |     0.013 |
|     laser                 |     0.095 |
|       inst                |     0.095 |
|     processing_system7_0  |     1.581 |
|       inst                |     1.581 |
|     slow_laser_ILA        |     0.007 |
|       inst                |     0.007 |
+---------------------------+-----------+


