17:07:06 **** Incremental Build of configuration Debug for project spi_to_dma_app ****
make all 
make --no-print-directory pre-build
a9-linaro-pre-build-step
' '
make --no-print-directory main-build
'Building file: ../src/wdt/scuwdt_if.c'
'Invoking: ARM v7 gcc compiler'
arm-none-eabi-gcc -Wall -O0 -g3 -c -fmessage-length=0 -MT"src/wdt/scuwdt_if.o" -mcpu=cortex-a9 -mfpu=vfpv3 -mfloat-abi=hard -IC:/Users/marce/OneDrive/Dokumente/zynq_project/spi_to_dma/spi_to_dma/export/spi_to_dma/sw/spi_to_dma/standalone_domain/bspinclude/include -MMD -MP -MF"src/wdt/scuwdt_if.d" -MT"src/wdt/scuwdt_if.o" -o "src/wdt/scuwdt_if.o" "../src/wdt/scuwdt_if.c"
'Finished building: ../src/wdt/scuwdt_if.c'
' '
'Building file: ../src/utilities/cmd_handler.c'
'Invoking: ARM v7 gcc compiler'
arm-none-eabi-gcc -Wall -O0 -g3 -c -fmessage-length=0 -MT"src/utilities/cmd_handler.o" -mcpu=cortex-a9 -mfpu=vfpv3 -mfloat-abi=hard -IC:/Users/marce/OneDrive/Dokumente/zynq_project/spi_to_dma/spi_to_dma/export/spi_to_dma/sw/spi_to_dma/standalone_domain/bspinclude/include -MMD -MP -MF"src/utilities/cmd_handler.d" -MT"src/utilities/cmd_handler.o" -o "src/utilities/cmd_handler.o" "../src/utilities/cmd_handler.c"
'Finished building: ../src/utilities/cmd_handler.c'
' '
'Building file: ../src/uart/ps7_uart1_if.c'
'Invoking: ARM v7 gcc compiler'
arm-none-eabi-gcc -Wall -O0 -g3 -c -fmessage-length=0 -MT"src/uart/ps7_uart1_if.o" -mcpu=cortex-a9 -mfpu=vfpv3 -mfloat-abi=hard -IC:/Users/marce/OneDrive/Dokumente/zynq_project/spi_to_dma/spi_to_dma/export/spi_to_dma/sw/spi_to_dma/standalone_domain/bspinclude/include -MMD -MP -MF"src/uart/ps7_uart1_if.d" -MT"src/uart/ps7_uart1_if.o" -o "src/uart/ps7_uart1_if.o" "../src/uart/ps7_uart1_if.c"
'Finished building: ../src/uart/ps7_uart1_if.c'
' '
'Building file: ../src/timers/ttc0_if.c'
'Invoking: ARM v7 gcc compiler'
arm-none-eabi-gcc -Wall -O0 -g3 -c -fmessage-length=0 -MT"src/timers/ttc0_if.o" -mcpu=cortex-a9 -mfpu=vfpv3 -mfloat-abi=hard -IC:/Users/marce/OneDrive/Dokumente/zynq_project/spi_to_dma/spi_to_dma/export/spi_to_dma/sw/spi_to_dma/standalone_domain/bspinclude/include -MMD -MP -MF"src/timers/ttc0_if.d" -MT"src/timers/ttc0_if.o" -o "src/timers/ttc0_if.o" "../src/timers/ttc0_if.c"
'Finished building: ../src/timers/ttc0_if.c'
' '
'Building file: ../src/spi/axi_spi_if.c'
'Invoking: ARM v7 gcc compiler'
arm-none-eabi-gcc -Wall -O0 -g3 -c -fmessage-length=0 -MT"src/spi/axi_spi_if.o" -mcpu=cortex-a9 -mfpu=vfpv3 -mfloat-abi=hard -IC:/Users/marce/OneDrive/Dokumente/zynq_project/spi_to_dma/spi_to_dma/export/spi_to_dma/sw/spi_to_dma/standalone_domain/bspinclude/include -MMD -MP -MF"src/spi/axi_spi_if.d" -MT"src/spi/axi_spi_if.o" -o "src/spi/axi_spi_if.o" "../src/spi/axi_spi_if.c"
'Finished building: ../src/spi/axi_spi_if.c'
' '
'Building file: ../src/gpx2/gpx2_if.c'
'Invoking: ARM v7 gcc compiler'
arm-none-eabi-gcc -Wall -O0 -g3 -c -fmessage-length=0 -MT"src/gpx2/gpx2_if.o" -mcpu=cortex-a9 -mfpu=vfpv3 -mfloat-abi=hard -IC:/Users/marce/OneDrive/Dokumente/zynq_project/spi_to_dma/spi_to_dma/export/spi_to_dma/sw/spi_to_dma/standalone_domain/bspinclude/include -MMD -MP -MF"src/gpx2/gpx2_if.d" -MT"src/gpx2/gpx2_if.o" -o "src/gpx2/gpx2_if.o" "../src/gpx2/gpx2_if.c"
'Finished building: ../src/gpx2/gpx2_if.c'
' '
'Building file: ../src/gpio/axi_CSN1_if.c'
'Invoking: ARM v7 gcc compiler'
arm-none-eabi-gcc -Wall -O0 -g3 -c -fmessage-length=0 -MT"src/gpio/axi_CSN1_if.o" -mcpu=cortex-a9 -mfpu=vfpv3 -mfloat-abi=hard -IC:/Users/marce/OneDrive/Dokumente/zynq_project/spi_to_dma/spi_to_dma/export/spi_to_dma/sw/spi_to_dma/standalone_domain/bspinclude/include -MMD -MP -MF"src/gpio/axi_CSN1_if.d" -MT"src/gpio/axi_CSN1_if.o" -o "src/gpio/axi_CSN1_if.o" "../src/gpio/axi_CSN1_if.c"
'Finished building: ../src/gpio/axi_CSN1_if.c'
' '
'Building file: ../src/gpio/axi_axis_out_en.c'
'Invoking: ARM v7 gcc compiler'
arm-none-eabi-gcc -Wall -O0 -g3 -c -fmessage-length=0 -MT"src/gpio/axi_axis_out_en.o" -mcpu=cortex-a9 -mfpu=vfpv3 -mfloat-abi=hard -IC:/Users/marce/OneDrive/Dokumente/zynq_project/spi_to_dma/spi_to_dma/export/spi_to_dma/sw/spi_to_dma/standalone_domain/bspinclude/include -MMD -MP -MF"src/gpio/axi_axis_out_en.d" -MT"src/gpio/axi_axis_out_en.o" -o "src/gpio/axi_axis_out_en.o" "../src/gpio/axi_axis_out_en.c"
'Finished building: ../src/gpio/axi_axis_out_en.c'
' '
'Building file: ../src/gpio/axi_gpio0_if.c'
'Invoking: ARM v7 gcc compiler'
arm-none-eabi-gcc -Wall -O0 -g3 -c -fmessage-length=0 -MT"src/gpio/axi_gpio0_if.o" -mcpu=cortex-a9 -mfpu=vfpv3 -mfloat-abi=hard -IC:/Users/marce/OneDrive/Dokumente/zynq_project/spi_to_dma/spi_to_dma/export/spi_to_dma/sw/spi_to_dma/standalone_domain/bspinclude/include -MMD -MP -MF"src/gpio/axi_gpio0_if.d" -MT"src/gpio/axi_gpio0_if.o" -o "src/gpio/axi_gpio0_if.o" "../src/gpio/axi_gpio0_if.c"
'Finished building: ../src/gpio/axi_gpio0_if.c'
' '
'Building file: ../src/gpio/axi_spi_select_if.c'
'Invoking: ARM v7 gcc compiler'
arm-none-eabi-gcc -Wall -O0 -g3 -c -fmessage-length=0 -MT"src/gpio/axi_spi_select_if.o" -mcpu=cortex-a9 -mfpu=vfpv3 -mfloat-abi=hard -IC:/Users/marce/OneDrive/Dokumente/zynq_project/spi_to_dma/spi_to_dma/export/spi_to_dma/sw/spi_to_dma/standalone_domain/bspinclude/include -MMD -MP -MF"src/gpio/axi_spi_select_if.d" -MT"src/gpio/axi_spi_select_if.o" -o "src/gpio/axi_spi_select_if.o" "../src/gpio/axi_spi_select_if.c"
'Finished building: ../src/gpio/axi_spi_select_if.c'
' '
'Building file: ../src/gpio/ps7_gpio_if.c'
'Invoking: ARM v7 gcc compiler'
arm-none-eabi-gcc -Wall -O0 -g3 -c -fmessage-length=0 -MT"src/gpio/ps7_gpio_if.o" -mcpu=cortex-a9 -mfpu=vfpv3 -mfloat-abi=hard -IC:/Users/marce/OneDrive/Dokumente/zynq_project/spi_to_dma/spi_to_dma/export/spi_to_dma/sw/spi_to_dma/standalone_domain/bspinclude/include -MMD -MP -MF"src/gpio/ps7_gpio_if.d" -MT"src/gpio/ps7_gpio_if.o" -o "src/gpio/ps7_gpio_if.o" "../src/gpio/ps7_gpio_if.c"
'Finished building: ../src/gpio/ps7_gpio_if.c'
' '
'Building file: ../src/dma/dma.c'
'Invoking: ARM v7 gcc compiler'
arm-none-eabi-gcc -Wall -O0 -g3 -c -fmessage-length=0 -MT"src/dma/dma.o" -mcpu=cortex-a9 -mfpu=vfpv3 -mfloat-abi=hard -IC:/Users/marce/OneDrive/Dokumente/zynq_project/spi_to_dma/spi_to_dma/export/spi_to_dma/sw/spi_to_dma/standalone_domain/bspinclude/include -MMD -MP -MF"src/dma/dma.d" -MT"src/dma/dma.o" -o "src/dma/dma.o" "../src/dma/dma.c"
In file included from ../src/dma/dma.c:41:
../src/dma/dma.h:61:2: warning: #warning CHECK FOR THE VALID DDR ADDRESS IN XPARAMETERS.H, DEFAULT SET TO 0x01000000 [-Wcpp]
   61 | #warning CHECK FOR THE VALID DDR ADDRESS IN XPARAMETERS.H, \
      |  ^~~~~~~
../src/dma/dma.c: In function 'clear_ram_section':
../src/dma/dma.c:89:25: warning: initialization discards 'volatile' qualifier from pointer target type [-Wdiscarded-qualifiers]
   89 |     uint32_t *end_ptr = ram_ptr + (ram_size / sizeof(uint32_t));
      |                         ^~~~~~~
../src/dma/dma.c: In function 'DMA_IntrHandler':
../src/dma/dma.c:130:13: warning: unused variable 'rs2' [-Wunused-variable]
  130 |         int rs2 = (XAxiDma_ReadReg((InstancePtr)->RegBase + \
      |             ^~~
../src/dma/dma.c:121:13: warning: unused variable 'rs' [-Wunused-variable]
  121 |         int rs = (XAxiDma_ReadReg((InstancePtr)->RegBase + \
      |             ^~
../src/dma/dma.c:116:13: warning: unused variable 'waiter' [-Wunused-variable]
  116 |         int waiter = 0;
      |             ^~~~~~
../src/dma/dma.c:114:13: warning: unused variable 'PauseStatus' [-Wunused-variable]
  114 |         int PauseStatus =       XAxiDma_Pause(InstancePtr);
      |             ^~~~~~~~~~~
../src/dma/dma.c: In function 'DMAStart':
../src/dma/dma.c:278:21: warning: unused variable 'rdestmsb2' [-Wunused-variable]
  278 |                 int rdestmsb2 = (XAxiDma_ReadReg((&AxiDma)->RegBase + \
      |                     ^~~~~~~~~
../src/dma/dma.c:276:21: warning: unused variable 'rdest2' [-Wunused-variable]
  276 |                 int rdest2 = (XAxiDma_ReadReg((&AxiDma)->RegBase + \
      |                     ^~~~~~
../src/dma/dma.c:274:21: warning: unused variable 'rs2' [-Wunused-variable]
  274 |                 int rs2 = (XAxiDma_ReadReg((&AxiDma)->RegBase + \
      |                     ^~~
../src/dma/dma.c:272:21: warning: unused variable 'rc2' [-Wunused-variable]
  272 |                 int rc2 = (XAxiDma_ReadReg((&AxiDma)->RegBase + \
      |                     ^~~
../src/dma/dma.c:266:13: warning: unused variable 'rlen' [-Wunused-variable]
  266 |         int rlen = (XAxiDma_ReadReg((&AxiDma)->RegBase + \
      |             ^~~~
../src/dma/dma.c:264:13: warning: unused variable 'rdestmsb' [-Wunused-variable]
  264 |         int rdestmsb = (XAxiDma_ReadReg((&AxiDma)->RegBase + \
      |             ^~~~~~~~
../src/dma/dma.c:262:13: warning: unused variable 'rdest' [-Wunused-variable]
  262 |         int rdest = (XAxiDma_ReadReg((&AxiDma)->RegBase + \
      |             ^~~~~
../src/dma/dma.c:260:13: warning: unused variable 'rs' [-Wunused-variable]
  260 |         int rs = (XAxiDma_ReadReg((&AxiDma)->RegBase + \
      |             ^~
../src/dma/dma.c:258:13: warning: unused variable 'rc' [-Wunused-variable]
  258 |         int rc = (XAxiDma_ReadReg((&AxiDma)->RegBase + \
      |             ^~
../src/dma/dma.c: At top level:
../src/dma/dma.c:48:17: warning: 'p_axiDma' defined but not used [-Wunused-variable]
   48 | static XAxiDma *p_axiDma = &AxiDma; //pointer to the instance
      |                 ^~~~~~~~
'Finished building: ../src/dma/dma.c'
' '
'Building file: ../src/intr_sys.c'
'Invoking: ARM v7 gcc compiler'
arm-none-eabi-gcc -Wall -O0 -g3 -c -fmessage-length=0 -MT"src/intr_sys.o" -mcpu=cortex-a9 -mfpu=vfpv3 -mfloat-abi=hard -IC:/Users/marce/OneDrive/Dokumente/zynq_project/spi_to_dma/spi_to_dma/export/spi_to_dma/sw/spi_to_dma/standalone_domain/bspinclude/include -MMD -MP -MF"src/intr_sys.d" -MT"src/intr_sys.o" -o "src/intr_sys.o" "../src/intr_sys.c"
In file included from ../src/intr_sys.h:45,
                 from ../src/intr_sys.c:35:
../src/dma/dma.h:61:2: warning: #warning CHECK FOR THE VALID DDR ADDRESS IN XPARAMETERS.H, DEFAULT SET TO 0x01000000 [-Wcpp]
   61 | #warning CHECK FOR THE VALID DDR ADDRESS IN XPARAMETERS.H, \
      |  ^~~~~~~
'Finished building: ../src/intr_sys.c'
' '
'Building file: ../src/platform.c'
'Invoking: ARM v7 gcc compiler'
arm-none-eabi-gcc -Wall -O0 -g3 -c -fmessage-length=0 -MT"src/platform.o" -mcpu=cortex-a9 -mfpu=vfpv3 -mfloat-abi=hard -IC:/Users/marce/OneDrive/Dokumente/zynq_project/spi_to_dma/spi_to_dma/export/spi_to_dma/sw/spi_to_dma/standalone_domain/bspinclude/include -MMD -MP -MF"src/platform.d" -MT"src/platform.o" -o "src/platform.o" "../src/platform.c"
'Finished building: ../src/platform.c'
' '
'Building file: ../src/sw_proj9_main.c'
'Invoking: ARM v7 gcc compiler'
arm-none-eabi-gcc -Wall -O0 -g3 -c -fmessage-length=0 -MT"src/sw_proj9_main.o" -mcpu=cortex-a9 -mfpu=vfpv3 -mfloat-abi=hard -IC:/Users/marce/OneDrive/Dokumente/zynq_project/spi_to_dma/spi_to_dma/export/spi_to_dma/sw/spi_to_dma/standalone_domain/bspinclude/include -MMD -MP -MF"src/sw_proj9_main.d" -MT"src/sw_proj9_main.o" -o "src/sw_proj9_main.o" "../src/sw_proj9_main.c"
In file included from ../src/system_config.h:51,
                 from ../src/sw_proj9_main.h:47,
                 from ../src/sw_proj9_main.c:36:
../src/dma/dma.h:61:2: warning: #warning CHECK FOR THE VALID DDR ADDRESS IN XPARAMETERS.H, DEFAULT SET TO 0x01000000 [-Wcpp]
   61 | #warning CHECK FOR THE VALID DDR ADDRESS IN XPARAMETERS.H, \
      |  ^~~~~~~
../src/sw_proj9_main.c: In function 'main':
../src/sw_proj9_main.c:175:39: warning: passing argument 1 of 'task1' discards 'volatile' qualifier from pointer target type [-Wdiscarded-qualifiers]
  175 |                                 task1(destination);
      |                                       ^~~~~~~~~~~
In file included from ../src/sw_proj9_main.h:49:
../src/tasks.h:55:17: note: expected 'u32 *' {aka 'long unsigned int *'} but argument is of type 'volatile u32 *' {aka 'volatile long unsigned int *'}
   55 | void task1(u32 *destination);
      |            ~~~~~^~~~~~~~~~~
../src/sw_proj9_main.c:129:13: warning: unused variable 'DMAstatus' [-Wunused-variable]
  129 |         int DMAstatus = DMAStart(destination);
      |             ^~~~~~~~~
'Finished building: ../src/sw_proj9_main.c'
' '
'Building file: ../src/system_config.c'
'Invoking: ARM v7 gcc compiler'
arm-none-eabi-gcc -Wall -O0 -g3 -c -fmessage-length=0 -MT"src/system_config.o" -mcpu=cortex-a9 -mfpu=vfpv3 -mfloat-abi=hard -IC:/Users/marce/OneDrive/Dokumente/zynq_project/spi_to_dma/spi_to_dma/export/spi_to_dma/sw/spi_to_dma/standalone_domain/bspinclude/include -MMD -MP -MF"src/system_config.d" -MT"src/system_config.o" -o "src/system_config.o" "../src/system_config.c"
In file included from ../src/system_config.h:51,
                 from ../src/system_config.c:36:
../src/dma/dma.h:61:2: warning: #warning CHECK FOR THE VALID DDR ADDRESS IN XPARAMETERS.H, DEFAULT SET TO 0x01000000 [-Wcpp]
   61 | #warning CHECK FOR THE VALID DDR ADDRESS IN XPARAMETERS.H, \
      |  ^~~~~~~
'Finished building: ../src/system_config.c'
' '
'Building file: ../src/tasks.c'
'Invoking: ARM v7 gcc compiler'
arm-none-eabi-gcc -Wall -O0 -g3 -c -fmessage-length=0 -MT"src/tasks.o" -mcpu=cortex-a9 -mfpu=vfpv3 -mfloat-abi=hard -IC:/Users/marce/OneDrive/Dokumente/zynq_project/spi_to_dma/spi_to_dma/export/spi_to_dma/sw/spi_to_dma/standalone_domain/bspinclude/include -MMD -MP -MF"src/tasks.d" -MT"src/tasks.o" -o "src/tasks.o" "../src/tasks.c"
In file included from ../src/tasks.c:38:
../src/dma/dma.h:61:2: warning: #warning CHECK FOR THE VALID DDR ADDRESS IN XPARAMETERS.H, DEFAULT SET TO 0x01000000 [-Wcpp]
   61 | #warning CHECK FOR THE VALID DDR ADDRESS IN XPARAMETERS.H, \
      |  ^~~~~~~
'Finished building: ../src/tasks.c'
' '
'Building target: spi_to_dma_app.elf'
'Invoking: ARM v7 gcc linker'
arm-none-eabi-gcc -mcpu=cortex-a9 -mfpu=vfpv3 -mfloat-abi=hard -Wl,-build-id=none -specs=Xilinx.spec -Wl,-T -Wl,../src/lscript.ld -LC:/Users/marce/OneDrive/Dokumente/zynq_project/spi_to_dma/spi_to_dma/export/spi_to_dma/sw/spi_to_dma/standalone_domain/bsplib/lib -o "spi_to_dma_app.elf"  ./src/wdt/scuwdt_if.o  ./src/utilities/cmd_handler.o  ./src/uart/ps7_uart1_if.o  ./src/timers/ttc0_if.o  ./src/spi/axi_spi_if.o  ./src/gpx2/gpx2_if.o  ./src/gpio/axi_CSN1_if.o ./src/gpio/axi_axis_out_en.o ./src/gpio/axi_gpio0_if.o ./src/gpio/axi_spi_select_if.o ./src/gpio/ps7_gpio_if.o  ./src/dma/dma.o  ./src/intr_sys.o ./src/platform.o ./src/sw_proj9_main.o ./src/system_config.o ./src/tasks.o   -Wl,--start-group,-lxil,-lgcc,-lc,--end-group
'Finished building target: spi_to_dma_app.elf'
' '
'Invoking: ARM v7 Print Size'
arm-none-eabi-size spi_to_dma_app.elf  |tee "spi_to_dma_app.elf.size"
   text	   data	    bss	    dec	    hex	filename
  83111	   2560	  25312	 110983	  1b187	spi_to_dma_app.elf
'Finished building: spi_to_dma_app.elf.size'
' '

17:07:14 Build Finished (took 8s.89ms)

