
*** Running vivado
    with args -log LVDS_to_AXIS_util_ds_buf_0_1.vds -m64 -product Vivado -mode batch -messageDb vivado.pb -notrace -source LVDS_to_AXIS_util_ds_buf_0_1.tcl



****** Vivado v2024.2 (64-bit)
  **** SW Build 5239630 on Fri Nov 08 22:35:27 MST 2024
  **** IP Build 5239520 on Sun Nov 10 16:12:51 MST 2024
  **** SharedData Build 5239561 on Fri Nov 08 14:39:27 MST 2024
  **** Start of session at: Mon Oct 13 14:37:01 2025
    ** Copyright 1986-2022 Xilinx, Inc. All Rights Reserved.
    ** Copyright 2022-2024 Advanced Micro Devices, Inc. All Rights Reserved.

source LVDS_to_AXIS_util_ds_buf_0_1.tcl -notrace
WARNING: [Common 17-1361] You have specified a new message control rule that is equivalent to an existing rule with attributes ' -id {17-179}  -suppress '. The existing rule will be replaced.
WARNING: [Common 17-1361] You have specified a new message control rule that is equivalent to an existing rule with attributes ' -id {17-179}  -suppress '. The existing rule will be replaced.
WARNING: [Common 17-1361] You have specified a new message control rule that is equivalent to an existing rule with attributes ' -id {17-179}  -suppress '. The existing rule will be replaced.
WARNING: [Common 17-1361] You have specified a new message control rule that is equivalent to an existing rule with attributes ' -id {17-179}  -suppress '. The existing rule will be replaced.
INFO: [IP_Flow 19-234] Refreshing IP repositories
INFO: [IP_Flow 19-1700] Loaded user IP repository 'c:/Users/marce/AppData/Roaming/Xilinx/ip_repo'.
INFO: [IP_Flow 19-1700] Loaded user IP repository 'c:/Users/marce/OneDrive/Dokumente/zynq_project/LVDS/IP'.
INFO: [IP_Flow 19-1700] Loaded user IP repository 'c:/Users/marce/OneDrive/Dokumente/zynq_project/LVDS/LVDS_to_AXIS/IP'.
WARNING: [IP_Flow 19-3685] Ignored loading user repository 'c:/Users/marce/OneDrive/Dokumente/zynq_project/LVDS/IP/DDR_Fabric'. The path is contained within another repository.
INFO: [IP_Flow 19-2313] Loaded Vivado IP repository 'C:/Xilinx/Vivado/2024.2/data/ip'.
WARNING: [IP_Flow 19-1663] Duplicate IP found for 'xilinx.com:user:LVDS_to_AXIS:1.0'. The one found in IP location 'c:/Users/marce/OneDrive/Dokumente/zynq_project/LVDS/LVDS_to_AXIS/IP' will take precedence over the same IP in location c:/Users/marce/AppData/Roaming/Xilinx/ip_repo
WARNING: [IP_Flow 19-4995] The host OS only allows 260 characters in a normal path. The IP cache path is more than 80 characters. If you experience issues with IP caching, please consider changing the IP cache to a location with a shorter path. Alternately consider using the OS subst command to map part of the path to a drive letter. 
Current IP cache path is c:/Users/marce/OneDrive/Dokumente/zynq_project/LVDS/DDR_LVDS_FABRIC/DDR_LVDS_FABRIC.cache/ip 
INFO: [IP_Flow 19-6924] IPCACHE: Running cache check for IP inst: LVDS_to_AXIS_util_ds_buf_0_1
INFO: [IP_Flow 19-6922] IPCACHE: Exporting cached entry 03a5d8a9ed9ee627 to dir: C:/Users/marce/OneDrive/Dokumente/zynq_project/LVDS/DDR_LVDS_FABRIC/DDR_LVDS_FABRIC.runs/LVDS_to_AXIS_util_ds_buf_0_1_synth_1
INFO: [IP_Flow 19-6928] IPCACHE: copied cached file c:/Users/marce/OneDrive/Dokumente/zynq_project/LVDS/DDR_LVDS_FABRIC/DDR_LVDS_FABRIC.cache/ip/2024.2/0/3/03a5d8a9ed9ee627/LVDS_to_AXIS_util_ds_buf_0_0.dcp to C:/Users/marce/OneDrive/Dokumente/zynq_project/LVDS/DDR_LVDS_FABRIC/DDR_LVDS_FABRIC.runs/LVDS_to_AXIS_util_ds_buf_0_1_synth_1/LVDS_to_AXIS_util_ds_buf_0_1.dcp.
INFO: [IP_Flow 19-6928] IPCACHE: copied cached file c:/Users/marce/OneDrive/Dokumente/zynq_project/LVDS/DDR_LVDS_FABRIC/DDR_LVDS_FABRIC.cache/ip/2024.2/0/3/03a5d8a9ed9ee627/LVDS_to_AXIS_util_ds_buf_0_0_sim_netlist.v to C:/Users/marce/OneDrive/Dokumente/zynq_project/LVDS/DDR_LVDS_FABRIC/DDR_LVDS_FABRIC.runs/LVDS_to_AXIS_util_ds_buf_0_1_synth_1/LVDS_to_AXIS_util_ds_buf_0_1_sim_netlist.v.
INFO: [IP_Flow 19-6928] IPCACHE: copied cached file c:/Users/marce/OneDrive/Dokumente/zynq_project/LVDS/DDR_LVDS_FABRIC/DDR_LVDS_FABRIC.cache/ip/2024.2/0/3/03a5d8a9ed9ee627/LVDS_to_AXIS_util_ds_buf_0_0_sim_netlist.vhdl to C:/Users/marce/OneDrive/Dokumente/zynq_project/LVDS/DDR_LVDS_FABRIC/DDR_LVDS_FABRIC.runs/LVDS_to_AXIS_util_ds_buf_0_1_synth_1/LVDS_to_AXIS_util_ds_buf_0_1_sim_netlist.vhdl.
INFO: [IP_Flow 19-6928] IPCACHE: copied cached file c:/Users/marce/OneDrive/Dokumente/zynq_project/LVDS/DDR_LVDS_FABRIC/DDR_LVDS_FABRIC.cache/ip/2024.2/0/3/03a5d8a9ed9ee627/LVDS_to_AXIS_util_ds_buf_0_0_stub.v to C:/Users/marce/OneDrive/Dokumente/zynq_project/LVDS/DDR_LVDS_FABRIC/DDR_LVDS_FABRIC.runs/LVDS_to_AXIS_util_ds_buf_0_1_synth_1/LVDS_to_AXIS_util_ds_buf_0_1_stub.v.
INFO: [IP_Flow 19-6928] IPCACHE: copied cached file c:/Users/marce/OneDrive/Dokumente/zynq_project/LVDS/DDR_LVDS_FABRIC/DDR_LVDS_FABRIC.cache/ip/2024.2/0/3/03a5d8a9ed9ee627/LVDS_to_AXIS_util_ds_buf_0_0_stub.vhdl to C:/Users/marce/OneDrive/Dokumente/zynq_project/LVDS/DDR_LVDS_FABRIC/DDR_LVDS_FABRIC.runs/LVDS_to_AXIS_util_ds_buf_0_1_synth_1/LVDS_to_AXIS_util_ds_buf_0_1_stub.vhdl.
INFO: [IP_Flow 19-4838] Using cached IP synthesis design for IP LVDS_to_AXIS_util_ds_buf_0_1, cache-ID = 03a5d8a9ed9ee627.
INFO: [Common 17-206] Exiting Vivado at Mon Oct 13 14:37:09 2025...
