Nothing to build in platform 'zedboard_custom_pcb'

16:33:26 **** Clean-only build of configuration Debug for project spi_readout ****
make clean 
rm -rf  ./src/wdt/scuwdt_if.o  ./src/utilities/cmd_handler.o  ./src/uart/ps7_uart1_if.o  ./src/timers/ttc0_if.o  ./src/spi/axi_spi_if.o  ./src/gpx2/gpx2_if.o  ./src/gpio/axi_gpio_if.o ./src/gpio/ps7_gpio_if.o  ./src/dma/dma.o  ./src/intr_sys.o ./src/main.o ./src/platform.o ./src/system_config.o ./src/tasks.o  ./src/wdt/scuwdt_if.d  ./src/utilities/cmd_handler.d  ./src/uart/ps7_uart1_if.d  ./src/timers/ttc0_if.d  ./src/spi/axi_spi_if.d  ./src/gpx2/gpx2_if.d  ./src/gpio/axi_gpio_if.d ./src/gpio/ps7_gpio_if.d  ./src/dma/dma.d  ./src/intr_sys.d ./src/main.d ./src/platform.d ./src/system_config.d ./src/tasks.d  spi_readout.elf.size  spi_readout.elf
' '
16:33:26 **** Incremental Build of configuration Debug for project spi_readout ****
make all 
make --no-print-directory pre-build
a9-linaro-pre-build-step
' '
make --no-print-directory main-build
'Building file: ../src/wdt/scuwdt_if.c'
'Invoking: ARM v7 gcc compiler'
arm-none-eabi-gcc -Wall -O0 -g3 -c -fmessage-length=0 -MT"src/wdt/scuwdt_if.o" -mcpu=cortex-a9 -mfpu=vfpv3 -mfloat-abi=hard -IC:/Users/marce/OneDrive/Dokumente/zynq_project/zedboard_custom_board/zedboard_custom_pcb/export/zedboard_custom_pcb/sw/zedboard_custom_pcb/standalone_domain/bspinclude/include -MMD -MP -MF"src/wdt/scuwdt_if.d" -MT"src/wdt/scuwdt_if.o" -o "src/wdt/scuwdt_if.o" "../src/wdt/scuwdt_if.c"
../src/wdt/scuwdt_if.c: In function 'checkRebootStatus':
../src/wdt/scuwdt_if.c:197:21: warning: unused variable 'k' [-Wunused-variable]
  197 |                 int k = 0; //i dont know how to wait
      |                     ^
'Finished building: ../src/wdt/scuwdt_if.c'
' '
'Building file: ../src/utilities/cmd_handler.c'
'Invoking: ARM v7 gcc compiler'
arm-none-eabi-gcc -Wall -O0 -g3 -c -fmessage-length=0 -MT"src/utilities/cmd_handler.o" -mcpu=cortex-a9 -mfpu=vfpv3 -mfloat-abi=hard -IC:/Users/marce/OneDrive/Dokumente/zynq_project/zedboard_custom_board/zedboard_custom_pcb/export/zedboard_custom_pcb/sw/zedboard_custom_pcb/standalone_domain/bspinclude/include -MMD -MP -MF"src/utilities/cmd_handler.d" -MT"src/utilities/cmd_handler.o" -o "src/utilities/cmd_handler.o" "../src/utilities/cmd_handler.c"
../src/utilities/cmd_handler.c: In function 'executeCommand':
../src/utilities/cmd_handler.c:180:17: warning: unused variable 'gpx2_intr_status' [-Wunused-variable]
  180 |         uint8_t gpx2_intr_status;
      |                 ^~~~~~~~~~~~~~~~
'Finished building: ../src/utilities/cmd_handler.c'
' '
'Building file: ../src/uart/ps7_uart1_if.c'
'Invoking: ARM v7 gcc compiler'
arm-none-eabi-gcc -Wall -O0 -g3 -c -fmessage-length=0 -MT"src/uart/ps7_uart1_if.o" -mcpu=cortex-a9 -mfpu=vfpv3 -mfloat-abi=hard -IC:/Users/marce/OneDrive/Dokumente/zynq_project/zedboard_custom_board/zedboard_custom_pcb/export/zedboard_custom_pcb/sw/zedboard_custom_pcb/standalone_domain/bspinclude/include -MMD -MP -MF"src/uart/ps7_uart1_if.d" -MT"src/uart/ps7_uart1_if.o" -o "src/uart/ps7_uart1_if.o" "../src/uart/ps7_uart1_if.c"
'Finished building: ../src/uart/ps7_uart1_if.c'
' '
'Building file: ../src/timers/ttc0_if.c'
'Invoking: ARM v7 gcc compiler'
arm-none-eabi-gcc -Wall -O0 -g3 -c -fmessage-length=0 -MT"src/timers/ttc0_if.o" -mcpu=cortex-a9 -mfpu=vfpv3 -mfloat-abi=hard -IC:/Users/marce/OneDrive/Dokumente/zynq_project/zedboard_custom_board/zedboard_custom_pcb/export/zedboard_custom_pcb/sw/zedboard_custom_pcb/standalone_domain/bspinclude/include -MMD -MP -MF"src/timers/ttc0_if.d" -MT"src/timers/ttc0_if.o" -o "src/timers/ttc0_if.o" "../src/timers/ttc0_if.c"
'Finished building: ../src/timers/ttc0_if.c'
' '
'Building file: ../src/spi/axi_spi_if.c'
'Invoking: ARM v7 gcc compiler'
arm-none-eabi-gcc -Wall -O0 -g3 -c -fmessage-length=0 -MT"src/spi/axi_spi_if.o" -mcpu=cortex-a9 -mfpu=vfpv3 -mfloat-abi=hard -IC:/Users/marce/OneDrive/Dokumente/zynq_project/zedboard_custom_board/zedboard_custom_pcb/export/zedboard_custom_pcb/sw/zedboard_custom_pcb/standalone_domain/bspinclude/include -MMD -MP -MF"src/spi/axi_spi_if.d" -MT"src/spi/axi_spi_if.o" -o "src/spi/axi_spi_if.o" "../src/spi/axi_spi_if.c"
'Finished building: ../src/spi/axi_spi_if.c'
' '
'Building file: ../src/gpx2/gpx2_if.c'
'Invoking: ARM v7 gcc compiler'
arm-none-eabi-gcc -Wall -O0 -g3 -c -fmessage-length=0 -MT"src/gpx2/gpx2_if.o" -mcpu=cortex-a9 -mfpu=vfpv3 -mfloat-abi=hard -IC:/Users/marce/OneDrive/Dokumente/zynq_project/zedboard_custom_board/zedboard_custom_pcb/export/zedboard_custom_pcb/sw/zedboard_custom_pcb/standalone_domain/bspinclude/include -MMD -MP -MF"src/gpx2/gpx2_if.d" -MT"src/gpx2/gpx2_if.o" -o "src/gpx2/gpx2_if.o" "../src/gpx2/gpx2_if.c"
../src/gpx2/gpx2_if.c: In function 'gpx2_Init':
../src/gpx2/gpx2_if.c:207:51: warning: passing argument 2 of 'gpx2_WriteBytesContinuously' from incompatible pointer type [-Wincompatible-pointer-types]
  207 |                 gpx2_WriteBytesContinuously(0x00, &GPX2_STARTUP_CONFIG ,17);
      |                                                   ^~~~~~~~~~~~~~~~~~~~
      |                                                   |
      |                                                   uint8_t (*)[17] {aka unsigned char (*)[17]}
In file included from ../src/gpx2/gpx2_if.c:38:
../src/gpx2/gpx2_if.h:165:61: note: expected 'uint8_t *' {aka 'unsigned char *'} but argument is of type 'uint8_t (*)[17]' {aka 'unsigned char (*)[17]'}
  165 | void gpx2_WriteBytesContinuously(uint8_t reg_addr, uint8_t* write_data, uint8_t nbytes);
      |                                                    ~~~~~~~~~^~~~~~~~~~
../src/gpx2/gpx2_if.c:209:50: warning: passing argument 2 of 'gpx2_ReadBytesContinuously' from incompatible pointer type [-Wincompatible-pointer-types]
  209 |                 gpx2_ReadBytesContinuously(0x00, &configReadBack,17);
      |                                                  ^~~~~~~~~~~~~~~
      |                                                  |
      |                                                  uint8_t (*)[17] {aka unsigned char (*)[17]}
../src/gpx2/gpx2_if.h:164:60: note: expected 'uint8_t *' {aka 'unsigned char *'} but argument is of type 'uint8_t (*)[17]' {aka 'unsigned char (*)[17]'}
  164 | void gpx2_ReadBytesContinuously(uint8_t reg_addr, uint8_t* read_data, uint8_t nbytes);
      |                                                   ~~~~~~~~~^~~~~~~~~
../src/gpx2/gpx2_if.c: In function 'gpx2_ReadByte':
../src/gpx2/gpx2_if.c:270:35: warning: passing argument 1 of 'spiReadBytes' from incompatible pointer type [-Wincompatible-pointer-types]
  270 |         read_data =  spiReadBytes(&tx_data, nbytes);
      |                                   ^~~~~~~~
      |                                   |
      |                                   uint8_t (*)[2] {aka unsigned char (*)[2]}
In file included from ../src/gpx2/gpx2_if.h:40:
../src/gpx2/../spi/axi_spi_if.h:84:32: note: expected 'uint8_t *' {aka 'unsigned char *'} but argument is of type 'uint8_t (*)[2]' {aka 'unsigned char (*)[2]'}
   84 | uint8_t* spiReadBytes(uint8_t* tx_data, uint8_t nbytes);
      |                       ~~~~~~~~~^~~~~~~
../src/gpx2/gpx2_if.c:271:17: warning: unused variable 'read_value' [-Wunused-variable]
  271 |         uint8_t read_value = read_data[1];
      |                 ^~~~~~~~~~
../src/gpx2/gpx2_if.c: In function 'gpx2_ReadBytesContinuously':
../src/gpx2/gpx2_if.c:306:41: warning: passing argument 1 of 'spiReadBytes' from incompatible pointer type [-Wincompatible-pointer-types]
  306 |     uint8_t* temp_buffer = spiReadBytes(&tx_data, nbytes+1);
      |                                         ^~~~~~~~
      |                                         |
      |                                         uint8_t (*)[(int)nbytes + 1] {aka unsigned char (*)[(int)nbytes + 1]}
../src/gpx2/../spi/axi_spi_if.h:84:32: note: expected 'uint8_t *' {aka 'unsigned char *'} but argument is of type 'uint8_t (*)[(int)nbytes + 1]' {aka 'unsigned char (*)[(int)nbytes + 1]'}
   84 | uint8_t* spiReadBytes(uint8_t* tx_data, uint8_t nbytes);
      |                       ~~~~~~~~~^~~~~~~
../src/gpx2/gpx2_if.c: In function 'gpx2_WriteBytesContinuously':
../src/gpx2/gpx2_if.c:370:19: warning: passing argument 1 of 'spiWriteBytes' from incompatible pointer type [-Wincompatible-pointer-types]
  370 |     spiWriteBytes(&tx_data, nbytes + 1);
      |                   ^~~~~~~~
      |                   |
      |                   uint8_t (*)[(int)nbytes + 1] {aka unsigned char (*)[(int)nbytes + 1]}
../src/gpx2/../spi/axi_spi_if.h:85:29: note: expected 'uint8_t *' {aka 'unsigned char *'} but argument is of type 'uint8_t (*)[(int)nbytes + 1]' {aka 'unsigned char (*)[(int)nbytes + 1]'}
   85 | void spiWriteBytes(uint8_t* tx_data, uint8_t nbytes);
      |                    ~~~~~~~~~^~~~~~~
'Finished building: ../src/gpx2/gpx2_if.c'
' '
'Building file: ../src/gpio/axi_gpio_if.c'
'Invoking: ARM v7 gcc compiler'
arm-none-eabi-gcc -Wall -O0 -g3 -c -fmessage-length=0 -MT"src/gpio/axi_gpio_if.o" -mcpu=cortex-a9 -mfpu=vfpv3 -mfloat-abi=hard -IC:/Users/marce/OneDrive/Dokumente/zynq_project/zedboard_custom_board/zedboard_custom_pcb/export/zedboard_custom_pcb/sw/zedboard_custom_pcb/standalone_domain/bspinclude/include -MMD -MP -MF"src/gpio/axi_gpio_if.d" -MT"src/gpio/axi_gpio_if.o" -o "src/gpio/axi_gpio_if.o" "../src/gpio/axi_gpio_if.c"
'Finished building: ../src/gpio/axi_gpio_if.c'
' '
'Building file: ../src/gpio/ps7_gpio_if.c'
'Invoking: ARM v7 gcc compiler'
arm-none-eabi-gcc -Wall -O0 -g3 -c -fmessage-length=0 -MT"src/gpio/ps7_gpio_if.o" -mcpu=cortex-a9 -mfpu=vfpv3 -mfloat-abi=hard -IC:/Users/marce/OneDrive/Dokumente/zynq_project/zedboard_custom_board/zedboard_custom_pcb/export/zedboard_custom_pcb/sw/zedboard_custom_pcb/standalone_domain/bspinclude/include -MMD -MP -MF"src/gpio/ps7_gpio_if.d" -MT"src/gpio/ps7_gpio_if.o" -o "src/gpio/ps7_gpio_if.o" "../src/gpio/ps7_gpio_if.c"
'Finished building: ../src/gpio/ps7_gpio_if.c'
' '
'Building file: ../src/dma/dma.c'
'Invoking: ARM v7 gcc compiler'
arm-none-eabi-gcc -Wall -O0 -g3 -c -fmessage-length=0 -MT"src/dma/dma.o" -mcpu=cortex-a9 -mfpu=vfpv3 -mfloat-abi=hard -IC:/Users/marce/OneDrive/Dokumente/zynq_project/zedboard_custom_board/zedboard_custom_pcb/export/zedboard_custom_pcb/sw/zedboard_custom_pcb/standalone_domain/bspinclude/include -MMD -MP -MF"src/dma/dma.d" -MT"src/dma/dma.o" -o "src/dma/dma.o" "../src/dma/dma.c"
In file included from ../src/dma/dma.c:41:
../src/dma/dma.h:61:2: warning: #warning CHECK FOR THE VALID DDR ADDRESS IN XPARAMETERS.H, DEFAULT SET TO 0x01000000 [-Wcpp]
   61 | #warning CHECK FOR THE VALID DDR ADDRESS IN XPARAMETERS.H, \
      |  ^~~~~~~
../src/dma/dma.c: In function 'clear_ram_section':
../src/dma/dma.c:91:25: warning: initialization discards 'volatile' qualifier from pointer target type [-Wdiscarded-qualifiers]
   91 |     uint32_t *end_ptr = ram_ptr + (ram_size / sizeof(uint32_t));
      |                         ^~~~~~~
../src/dma/dma.c: In function 'DMA_IntrHandler':
../src/dma/dma.c:104:16: warning: type defaults to 'int' in declaration of 'interrupt_counter' [-Wimplicit-int]
  104 |         static interrupt_counter = 0;
      |                ^~~~~~~~~~~~~~~~~
../src/dma/dma.c:171:17: warning: multi-line comment [-Wcomment]
  171 |                 //int rdest = (XAxiDma_ReadReg((&AxiDma)->RegBase + \
      |                 ^
../src/dma/dma.c:173:17: warning: multi-line comment [-Wcomment]
  173 |                 //int rlen = (XAxiDma_ReadReg((&AxiDma)->RegBase + \
      |                 ^
../src/dma/dma.c:178:35: warning: implicit declaration of function 'ceil' [-Wimplicit-function-declaration]
  178 |                 int interrupts =  ceil((NUMSAMPLES + 6)*6.0/MAX_PKT_LEN);
      |                                   ^~~~
../src/dma/dma.c:43:1: note: include '<math.h>' or provide a declaration of 'ceil'
   42 | #include "../global_defines.h"
  +++ |+#include <math.h>
   43 | 
../src/dma/dma.c:178:35: warning: incompatible implicit declaration of built-in function 'ceil' [-Wbuiltin-declaration-mismatch]
  178 |                 int interrupts =  ceil((NUMSAMPLES + 6)*6.0/MAX_PKT_LEN);
      |                                   ^~~~
../src/dma/dma.c:178:35: note: include '<math.h>' or provide a declaration of 'ceil'
../src/dma/dma.c:182:25: warning: multi-line comment [-Wcomment]
  182 |                         //int rs = (XAxiDma_ReadReg((&AxiDma)->RegBase + \
      |                         ^
../src/dma/dma.c:181:29: warning: unused variable 'Pausestatus' [-Wunused-variable]
  181 |                         int Pausestatus = XAxiDma_Pause(InstancePtr);
      |                             ^~~~~~~~~~~
../src/dma/dma.c:133:13: warning: unused variable 'rs2' [-Wunused-variable]
  133 |         int rs2 = (XAxiDma_ReadReg((InstancePtr)->RegBase + \
      |             ^~~
../src/dma/dma.c:124:13: warning: unused variable 'rs' [-Wunused-variable]
  124 |         int rs = (XAxiDma_ReadReg((InstancePtr)->RegBase + \
      |             ^~
../src/dma/dma.c:117:13: warning: unused variable 'PauseStatus' [-Wunused-variable]
  117 |         int PauseStatus = XAxiDma_Pause(InstancePtr);
      |             ^~~~~~~~~~~
../src/dma/dma.c: In function 'DMAStart':
../src/dma/dma.c:301:21: warning: unused variable 'rlen2' [-Wunused-variable]
  301 |                 int rlen2 = (XAxiDma_ReadReg((&AxiDma)->RegBase + \
      |                     ^~~~~
../src/dma/dma.c:299:21: warning: unused variable 'rdestmsb2' [-Wunused-variable]
  299 |                 int rdestmsb2 = (XAxiDma_ReadReg((&AxiDma)->RegBase + \
      |                     ^~~~~~~~~
../src/dma/dma.c:297:21: warning: unused variable 'rdest2' [-Wunused-variable]
  297 |                 int rdest2 = (XAxiDma_ReadReg((&AxiDma)->RegBase + \
      |                     ^~~~~~
../src/dma/dma.c:295:21: warning: unused variable 'rs2' [-Wunused-variable]
  295 |                 int rs2 = (XAxiDma_ReadReg((&AxiDma)->RegBase + \
      |                     ^~~
../src/dma/dma.c:293:21: warning: unused variable 'rc2' [-Wunused-variable]
  293 |                 int rc2 = (XAxiDma_ReadReg((&AxiDma)->RegBase + \
      |                     ^~~
../src/dma/dma.c:287:13: warning: unused variable 'rlen' [-Wunused-variable]
  287 |         int rlen = (XAxiDma_ReadReg((&AxiDma)->RegBase + \
      |             ^~~~
../src/dma/dma.c:285:13: warning: unused variable 'rdestmsb' [-Wunused-variable]
  285 |         int rdestmsb = (XAxiDma_ReadReg((&AxiDma)->RegBase + \
      |             ^~~~~~~~
../src/dma/dma.c:283:13: warning: unused variable 'rdest' [-Wunused-variable]
  283 |         int rdest = (XAxiDma_ReadReg((&AxiDma)->RegBase + \
      |             ^~~~~
../src/dma/dma.c:281:13: warning: unused variable 'rs' [-Wunused-variable]
  281 |         int rs = (XAxiDma_ReadReg((&AxiDma)->RegBase + \
      |             ^~
../src/dma/dma.c:279:13: warning: unused variable 'rc' [-Wunused-variable]
  279 |         int rc = (XAxiDma_ReadReg((&AxiDma)->RegBase + \
      |             ^~
../src/dma/dma.c: At top level:
../src/dma/dma.c:49:17: warning: 'p_axiDma' defined but not used [-Wunused-variable]
   49 | static XAxiDma *p_axiDma = &AxiDma; //pointer to the instance
      |                 ^~~~~~~~
'Finished building: ../src/dma/dma.c'
' '
'Building file: ../src/intr_sys.c'
'Invoking: ARM v7 gcc compiler'
arm-none-eabi-gcc -Wall -O0 -g3 -c -fmessage-length=0 -MT"src/intr_sys.o" -mcpu=cortex-a9 -mfpu=vfpv3 -mfloat-abi=hard -IC:/Users/marce/OneDrive/Dokumente/zynq_project/zedboard_custom_board/zedboard_custom_pcb/export/zedboard_custom_pcb/sw/zedboard_custom_pcb/standalone_domain/bspinclude/include -MMD -MP -MF"src/intr_sys.d" -MT"src/intr_sys.o" -o "src/intr_sys.o" "../src/intr_sys.c"
In file included from ../src/intr_sys.h:45,
                 from ../src/intr_sys.c:35:
../src/dma/dma.h:61:2: warning: #warning CHECK FOR THE VALID DDR ADDRESS IN XPARAMETERS.H, DEFAULT SET TO 0x01000000 [-Wcpp]
   61 | #warning CHECK FOR THE VALID DDR ADDRESS IN XPARAMETERS.H, \
      |  ^~~~~~~
'Finished building: ../src/intr_sys.c'
' '
'Building file: ../src/main.c'
'Invoking: ARM v7 gcc compiler'
arm-none-eabi-gcc -Wall -O0 -g3 -c -fmessage-length=0 -MT"src/main.o" -mcpu=cortex-a9 -mfpu=vfpv3 -mfloat-abi=hard -IC:/Users/marce/OneDrive/Dokumente/zynq_project/zedboard_custom_board/zedboard_custom_pcb/export/zedboard_custom_pcb/sw/zedboard_custom_pcb/standalone_domain/bspinclude/include -MMD -MP -MF"src/main.d" -MT"src/main.o" -o "src/main.o" "../src/main.c"
In file included from ../src/system_config.h:50,
                 from ../src/main.h:47,
                 from ../src/main.c:36:
../src/dma/dma.h:61:2: warning: #warning CHECK FOR THE VALID DDR ADDRESS IN XPARAMETERS.H, DEFAULT SET TO 0x01000000 [-Wcpp]
   61 | #warning CHECK FOR THE VALID DDR ADDRESS IN XPARAMETERS.H, \
      |  ^~~~~~~
../src/main.c: In function 'main':
../src/main.c:182:17: warning: enumeration value 'TASK3' not handled in switch [-Wswitch]
  182 |                 switch (state) {
      |                 ^~~~~~
../src/main.c:155:13: warning: unused variable 'DMAstatus' [-Wunused-variable]
  155 |         int DMAstatus = DMAStart(global_destination, MAX_PKT_LEN);
      |             ^~~~~~~~~
'Finished building: ../src/main.c'
' '
'Building file: ../src/platform.c'
'Invoking: ARM v7 gcc compiler'
arm-none-eabi-gcc -Wall -O0 -g3 -c -fmessage-length=0 -MT"src/platform.o" -mcpu=cortex-a9 -mfpu=vfpv3 -mfloat-abi=hard -IC:/Users/marce/OneDrive/Dokumente/zynq_project/zedboard_custom_board/zedboard_custom_pcb/export/zedboard_custom_pcb/sw/zedboard_custom_pcb/standalone_domain/bspinclude/include -MMD -MP -MF"src/platform.d" -MT"src/platform.o" -o "src/platform.o" "../src/platform.c"
'Finished building: ../src/platform.c'
' '
'Building file: ../src/system_config.c'
'Invoking: ARM v7 gcc compiler'
arm-none-eabi-gcc -Wall -O0 -g3 -c -fmessage-length=0 -MT"src/system_config.o" -mcpu=cortex-a9 -mfpu=vfpv3 -mfloat-abi=hard -IC:/Users/marce/OneDrive/Dokumente/zynq_project/zedboard_custom_board/zedboard_custom_pcb/export/zedboard_custom_pcb/sw/zedboard_custom_pcb/standalone_domain/bspinclude/include -MMD -MP -MF"src/system_config.d" -MT"src/system_config.o" -o "src/system_config.o" "../src/system_config.c"
In file included from ../src/system_config.h:50,
                 from ../src/system_config.c:36:
../src/dma/dma.h:61:2: warning: #warning CHECK FOR THE VALID DDR ADDRESS IN XPARAMETERS.H, DEFAULT SET TO 0x01000000 [-Wcpp]
   61 | #warning CHECK FOR THE VALID DDR ADDRESS IN XPARAMETERS.H, \
      |  ^~~~~~~
'Finished building: ../src/system_config.c'
' '
'Building file: ../src/tasks.c'
'Invoking: ARM v7 gcc compiler'
arm-none-eabi-gcc -Wall -O0 -g3 -c -fmessage-length=0 -MT"src/tasks.o" -mcpu=cortex-a9 -mfpu=vfpv3 -mfloat-abi=hard -IC:/Users/marce/OneDrive/Dokumente/zynq_project/zedboard_custom_board/zedboard_custom_pcb/export/zedboard_custom_pcb/sw/zedboard_custom_pcb/standalone_domain/bspinclude/include -MMD -MP -MF"src/tasks.d" -MT"src/tasks.o" -o "src/tasks.o" "../src/tasks.c"
In file included from ../src/tasks.c:38:
../src/dma/dma.h:61:2: warning: #warning CHECK FOR THE VALID DDR ADDRESS IN XPARAMETERS.H, DEFAULT SET TO 0x01000000 [-Wcpp]
   61 | #warning CHECK FOR THE VALID DDR ADDRESS IN XPARAMETERS.H, \
      |  ^~~~~~~
../src/tasks.c: In function 'task1':
../src/tasks.c:121:9: warning: multi-line comment [-Wcomment]
  121 |         //int rdest = (XAxiDma_ReadReg((&AxiDma)->RegBase + \
      |         ^
../src/tasks.c:123:31: warning: initialization of 'int' from 'u32 *' {aka 'long unsigned int *'} makes integer from pointer without a cast [-Wint-conversion]
  123 |         int new_destination = destination + offset;
      |                               ^~~~~~~~~~~
../src/tasks.c:129:13: warning: unused variable 'DMAstatus' [-Wunused-variable]
  129 |         int DMAstatus = DMAStart(new_destination, MAX_PKT_LEN); //the length parameter apparently just has to be long enough for our purposes
      |             ^~~~~~~~~
../src/tasks.c: In function 'task2':
../src/tasks.c:212:34: warning: variable 'refidx' set but not used [-Wunused-but-set-variable]
  212 |                         uint32_t refidx = (refidx3 << 16) | (refidx2 << 8) | refidx1;
      |                                  ^~~~~~
../src/tasks.c:244:41: warning: passing argument 1 of 'calculateMean' from incompatible pointer type [-Wincompatible-pointer-types]
  244 |             double mean = calculateMean(&stops, n);
      |                                         ^~~~~~
      |                                         |
      |                                         uint32_t (*)[read_samples] {aka long unsigned int (*)[read_samples]}
../src/tasks.c:52:32: note: expected 'uint32_t *' {aka 'long unsigned int *'} but argument is of type 'uint32_t (*)[read_samples]' {aka 'long unsigned int (*)[read_samples]'}
   52 | double calculateMean(uint32_t* data, int n) {
      |                      ~~~~~~~~~~^~~~
../src/tasks.c:245:45: warning: passing argument 1 of 'calculateStdDev' from incompatible pointer type [-Wincompatible-pointer-types]
  245 |             double stdDev = calculateStdDev(&stops, n, mean);
      |                                             ^~~~~~
      |                                             |
      |                                             uint32_t (*)[read_samples] {aka long unsigned int (*)[read_samples]}
../src/tasks.c:63:33: note: expected 'uint32_t *' {aka 'long unsigned int *'} but argument is of type 'uint32_t (*)[read_samples]' {aka 'long unsigned int (*)[read_samples]'}
   63 | double calculateStdDev(uint32_t data[], int n, double mean) {
      |                        ~~~~~~~~~^~~~~~
../src/tasks.c:265:34: warning: suggest parentheses around comparison in operand of '&' [-Wparentheses]
  265 |                 if (task_2_count > 0 & !printed_done){
      |                     ~~~~~~~~~~~~~^~~
'Finished building: ../src/tasks.c'
' '
'Building target: spi_readout.elf'
'Invoking: ARM v7 gcc linker'
arm-none-eabi-gcc -mcpu=cortex-a9 -mfpu=vfpv3 -mfloat-abi=hard -Wl,-build-id=none -specs=Xilinx.spec -Wl,-T -Wl,../src/lscript.ld -LC:/Users/marce/OneDrive/Dokumente/zynq_project/zedboard_custom_board/zedboard_custom_pcb/export/zedboard_custom_pcb/sw/zedboard_custom_pcb/standalone_domain/bsplib/lib -o "spi_readout.elf"  ./src/wdt/scuwdt_if.o  ./src/utilities/cmd_handler.o  ./src/uart/ps7_uart1_if.o  ./src/timers/ttc0_if.o  ./src/spi/axi_spi_if.o  ./src/gpx2/gpx2_if.o  ./src/gpio/axi_gpio_if.o ./src/gpio/ps7_gpio_if.o  ./src/dma/dma.o  ./src/intr_sys.o ./src/main.o ./src/platform.o ./src/system_config.o ./src/tasks.o   -lm -Wl,--start-group,-lxil,-lgcc,-lc,--end-group
'Finished building target: spi_readout.elf'
' '
'Invoking: ARM v7 Print Size'
arm-none-eabi-size spi_readout.elf  |tee "spi_readout.elf.size"
   text	   data	    bss	    dec	    hex	filename
  86223	   2480	  50032	 138735	  21def	spi_readout.elf
'Finished building: spi_readout.elf.size'
' '
