
*** Running vivado
    with args -log histo_HISTOGRAM_ARBITER_FSM_0_0.vds -m64 -product Vivado -mode batch -messageDb vivado.pb -notrace -source histo_HISTOGRAM_ARBITER_FSM_0_0.tcl



****** Vivado v2024.2 (64-bit)
  **** SW Build 5239630 on Fri Nov 08 22:35:27 MST 2024
  **** IP Build 5239520 on Sun Nov 10 16:12:51 MST 2024
  **** SharedData Build 5239561 on Fri Nov 08 14:39:27 MST 2024
  **** Start of session at: Mon Feb 23 19:00:34 2026
    ** Copyright 1986-2022 Xilinx, Inc. All Rights Reserved.
    ** Copyright 2022-2024 Advanced Micro Devices, Inc. All Rights Reserved.

source histo_HISTOGRAM_ARBITER_FSM_0_0.tcl -notrace
WARNING: [Common 17-1361] You have specified a new message control rule that is equivalent to an existing rule with attributes ' -id {17-179}  -suppress '. The existing rule will be replaced.
WARNING: [Common 17-1361] You have specified a new message control rule that is equivalent to an existing rule with attributes ' -id {17-179}  -suppress '. The existing rule will be replaced.
WARNING: [Common 17-1361] You have specified a new message control rule that is equivalent to an existing rule with attributes ' -id {17-179}  -suppress '. The existing rule will be replaced.
WARNING: [Common 17-1361] You have specified a new message control rule that is equivalent to an existing rule with attributes ' -id {17-179}  -suppress '. The existing rule will be replaced.
INFO: [IP_Flow 19-234] Refreshing IP repositories
INFO: [IP_Flow 19-1700] Loaded user IP repository 'c:/Users/marce/OneDrive/Dokumente/zynq_project/photonsorting/IP'.
INFO: [IP_Flow 19-2313] Loaded Vivado IP repository 'C:/Xilinx/Vivado/2024.2/data/ip'.
WARNING: [IP_Flow 19-4995] The host OS only allows 260 characters in a normal path. The IP cache path is more than 80 characters. If you experience issues with IP caching, please consider changing the IP cache to a location with a shorter path. Alternately consider using the OS subst command to map part of the path to a drive letter. 
Current IP cache path is c:/Users/marce/OneDrive/Dokumente/zynq_project/photonsorting/hist_stream/hist_stream.cache/ip 
Command: synth_design -top histo_HISTOGRAM_ARBITER_FSM_0_0 -part xc7z020clg484-1 -incremental_mode off -mode out_of_context
Starting synth_design
Attempting to get a license for feature 'Synthesis' and/or device 'xc7z020'
INFO: [Common 17-349] Got license for feature 'Synthesis' and/or device 'xc7z020'
INFO: [Device 21-403] Loading part xc7z020clg484-1
INFO: [Synth 8-7079] Multithreading enabled for synth_design using a maximum of 2 processes.
INFO: [Synth 8-7078] Launching helper process for spawning children vivado processes
WARNING: [Common 17-1361] You have specified a new message control rule that is equivalent to an existing rule with attributes ' -id {17-179}  -suppress '. The existing rule will be replaced.
INFO: [Synth 8-7075] Helper process launched with PID 20160
---------------------------------------------------------------------------------
Starting RTL Elaboration : Time (s): cpu = 00:00:09 ; elapsed = 00:00:10 . Memory (MB): peak = 1103.570 ; gain = 467.203
---------------------------------------------------------------------------------
INFO: [Synth 8-11241] undeclared symbol 'CLEAR_IDLE_FLAG', assumed default net type 'wire' [C:/Users/marce/OneDrive/Dokumente/zynq_project/photonsorting/hist_stream/hist_stream.srcs/sources_1/new/histogram_sparse_writeout.v:196]
INFO: [Synth 8-6157] synthesizing module 'histo_HISTOGRAM_ARBITER_FSM_0_0' [c:/Users/marce/OneDrive/Dokumente/zynq_project/photonsorting/hist_stream/hist_stream.gen/sources_1/bd/histo/ip/histo_HISTOGRAM_ARBITER_FSM_0_0/synth/histo_HISTOGRAM_ARBITER_FSM_0_0.v:53]
INFO: [Synth 8-6157] synthesizing module 'HISTOGRAM_ARBITER_FSM' [C:/Users/marce/OneDrive/Dokumente/zynq_project/photonsorting/hist_stream/hist_stream.srcs/sources_1/new/histogram_sparse_writeout.v:13]
	Parameter HIST_BINS bound to: 16384 - type: integer 
	Parameter BIN_WIDTH bound to: 18 - type: integer 
INFO: [Synth 8-6157] synthesizing module 'BRAM_hist' [C:/Users/marce/OneDrive/Dokumente/zynq_project/photonsorting/hist_stream/hist_stream.srcs/sources_1/new/BRAM_hist.sv:7]
	Parameter HIST_BINS bound to: 16384 - type: integer 
	Parameter BIN_WIDTH bound to: 18 - type: integer 
	Parameter ADDR_WIDTH bound to: 14 - type: integer 
INFO: [Synth 8-6155] done synthesizing module 'BRAM_hist' (0#1) [C:/Users/marce/OneDrive/Dokumente/zynq_project/photonsorting/hist_stream/hist_stream.srcs/sources_1/new/BRAM_hist.sv:7]
INFO: [Synth 8-6157] synthesizing module 'FILLING_FSM' [C:/Users/marce/OneDrive/Dokumente/zynq_project/photonsorting/hist_stream/hist_stream.srcs/sources_1/new/FILLING_FSM.sv:10]
	Parameter HIST_BINS bound to: 16384 - type: integer 
	Parameter BIN_WIDTH bound to: 18 - type: integer 
	Parameter ADDR_WIDTH bound to: 14 - type: integer 
WARNING: [Synth 8-6090] variable 'bin_written_but_never_read_warning_n' is written by both blocking and non-blocking assignments, entire logic could be removed [C:/Users/marce/OneDrive/Dokumente/zynq_project/photonsorting/hist_stream/hist_stream.srcs/sources_1/new/FILLING_FSM.sv:88]
INFO: [Synth 8-155] case statement is not full and has no default [C:/Users/marce/OneDrive/Dokumente/zynq_project/photonsorting/hist_stream/hist_stream.srcs/sources_1/new/FILLING_FSM.sv:76]
INFO: [Synth 8-6155] done synthesizing module 'FILLING_FSM' (0#1) [C:/Users/marce/OneDrive/Dokumente/zynq_project/photonsorting/hist_stream/hist_stream.srcs/sources_1/new/FILLING_FSM.sv:10]
INFO: [Synth 8-6157] synthesizing module 'READING_FSM' [C:/Users/marce/OneDrive/Dokumente/zynq_project/photonsorting/hist_stream/hist_stream.srcs/sources_1/new/READING_FSM.sv:14]
	Parameter HIST_BINS bound to: 16384 - type: integer 
	Parameter BIN_WIDTH bound to: 18 - type: integer 
	Parameter ADDR_WIDTH bound to: 14 - type: integer 
INFO: [Synth 8-155] case statement is not full and has no default [C:/Users/marce/OneDrive/Dokumente/zynq_project/photonsorting/hist_stream/hist_stream.srcs/sources_1/new/READING_FSM.sv:105]
INFO: [Synth 8-6155] done synthesizing module 'READING_FSM' (0#1) [C:/Users/marce/OneDrive/Dokumente/zynq_project/photonsorting/hist_stream/hist_stream.srcs/sources_1/new/READING_FSM.sv:14]
INFO: [Synth 8-6157] synthesizing module 'CLEARING_FSM' [C:/Users/marce/OneDrive/Dokumente/zynq_project/photonsorting/hist_stream/hist_stream.srcs/sources_1/new/CLEARING_FSM.sv:7]
	Parameter HIST_BINS bound to: 16384 - type: integer 
	Parameter BIN_WIDTH bound to: 18 - type: integer 
	Parameter ADDR_WIDTH bound to: 14 - type: integer 
INFO: [Synth 8-155] case statement is not full and has no default [C:/Users/marce/OneDrive/Dokumente/zynq_project/photonsorting/hist_stream/hist_stream.srcs/sources_1/new/CLEARING_FSM.sv:65]
INFO: [Synth 8-6155] done synthesizing module 'CLEARING_FSM' (0#1) [C:/Users/marce/OneDrive/Dokumente/zynq_project/photonsorting/hist_stream/hist_stream.srcs/sources_1/new/CLEARING_FSM.sv:7]
INFO: [Synth 8-155] case statement is not full and has no default [C:/Users/marce/OneDrive/Dokumente/zynq_project/photonsorting/hist_stream/hist_stream.srcs/sources_1/new/histogram_sparse_writeout.v:221]
INFO: [Synth 8-6155] done synthesizing module 'HISTOGRAM_ARBITER_FSM' (0#1) [C:/Users/marce/OneDrive/Dokumente/zynq_project/photonsorting/hist_stream/hist_stream.srcs/sources_1/new/histogram_sparse_writeout.v:13]
INFO: [Synth 8-6155] done synthesizing module 'histo_HISTOGRAM_ARBITER_FSM_0_0' (0#1) [c:/Users/marce/OneDrive/Dokumente/zynq_project/photonsorting/hist_stream/hist_stream.gen/sources_1/bd/histo/ip/histo_HISTOGRAM_ARBITER_FSM_0_0/synth/histo_HISTOGRAM_ARBITER_FSM_0_0.v:53]
WARNING: [Synth 8-7129] Port bram_dout[17] in module CLEARING_FSM is either unconnected or has no load
WARNING: [Synth 8-7129] Port bram_dout[16] in module CLEARING_FSM is either unconnected or has no load
WARNING: [Synth 8-7129] Port bram_dout[15] in module CLEARING_FSM is either unconnected or has no load
WARNING: [Synth 8-7129] Port bram_dout[14] in module CLEARING_FSM is either unconnected or has no load
WARNING: [Synth 8-7129] Port bram_dout[13] in module CLEARING_FSM is either unconnected or has no load
WARNING: [Synth 8-7129] Port bram_dout[12] in module CLEARING_FSM is either unconnected or has no load
WARNING: [Synth 8-7129] Port bram_dout[11] in module CLEARING_FSM is either unconnected or has no load
WARNING: [Synth 8-7129] Port bram_dout[10] in module CLEARING_FSM is either unconnected or has no load
WARNING: [Synth 8-7129] Port bram_dout[9] in module CLEARING_FSM is either unconnected or has no load
WARNING: [Synth 8-7129] Port bram_dout[8] in module CLEARING_FSM is either unconnected or has no load
WARNING: [Synth 8-7129] Port bram_dout[7] in module CLEARING_FSM is either unconnected or has no load
WARNING: [Synth 8-7129] Port bram_dout[6] in module CLEARING_FSM is either unconnected or has no load
WARNING: [Synth 8-7129] Port bram_dout[5] in module CLEARING_FSM is either unconnected or has no load
WARNING: [Synth 8-7129] Port bram_dout[4] in module CLEARING_FSM is either unconnected or has no load
WARNING: [Synth 8-7129] Port bram_dout[3] in module CLEARING_FSM is either unconnected or has no load
WARNING: [Synth 8-7129] Port bram_dout[2] in module CLEARING_FSM is either unconnected or has no load
WARNING: [Synth 8-7129] Port bram_dout[1] in module CLEARING_FSM is either unconnected or has no load
WARNING: [Synth 8-7129] Port bram_dout[0] in module CLEARING_FSM is either unconnected or has no load
WARNING: [Synth 8-7129] Port frame in module READING_FSM is either unconnected or has no load
WARNING: [Synth 8-7129] Port tlast_in in module FILLING_FSM is either unconnected or has no load
WARNING: [Synth 8-7129] Port pixel_clk in module HISTOGRAM_ARBITER_FSM is either unconnected or has no load
WARNING: [Synth 8-7129] Port line_clk in module HISTOGRAM_ARBITER_FSM is either unconnected or has no load
WARNING: [Synth 8-7129] Port frame_clk in module HISTOGRAM_ARBITER_FSM is either unconnected or has no load
---------------------------------------------------------------------------------
Finished RTL Elaboration : Time (s): cpu = 00:00:12 ; elapsed = 00:00:13 . Memory (MB): peak = 1231.367 ; gain = 595.000
---------------------------------------------------------------------------------
---------------------------------------------------------------------------------
Start Handling Custom Attributes
---------------------------------------------------------------------------------
---------------------------------------------------------------------------------
Finished Handling Custom Attributes : Time (s): cpu = 00:00:12 ; elapsed = 00:00:13 . Memory (MB): peak = 1231.367 ; gain = 595.000
---------------------------------------------------------------------------------
---------------------------------------------------------------------------------
Finished RTL Optimization Phase 1 : Time (s): cpu = 00:00:12 ; elapsed = 00:00:13 . Memory (MB): peak = 1231.367 ; gain = 595.000
---------------------------------------------------------------------------------
Netlist sorting complete. Time (s): cpu = 00:00:00 ; elapsed = 00:00:00.014 . Memory (MB): peak = 1231.367 ; gain = 0.000
INFO: [Project 1-570] Preparing netlist for logic optimization

Processing XDC Constraints
Initializing timing engine
Completed Processing XDC Constraints

Netlist sorting complete. Time (s): cpu = 00:00:00 ; elapsed = 00:00:00 . Memory (MB): peak = 1310.012 ; gain = 0.000
INFO: [Project 1-111] Unisim Transformation Summary:
No Unisim elements were transformed.

Constraint Validation Runtime : Time (s): cpu = 00:00:00 ; elapsed = 00:00:00.036 . Memory (MB): peak = 1310.012 ; gain = 0.000
INFO: [Designutils 20-5008] Incremental synthesis strategy off
---------------------------------------------------------------------------------
Finished Constraint Validation : Time (s): cpu = 00:00:23 ; elapsed = 00:00:24 . Memory (MB): peak = 1310.012 ; gain = 673.645
---------------------------------------------------------------------------------
---------------------------------------------------------------------------------
Start Loading Part and Timing Information
---------------------------------------------------------------------------------
Loading part: xc7z020clg484-1
---------------------------------------------------------------------------------
Finished Loading Part and Timing Information : Time (s): cpu = 00:00:23 ; elapsed = 00:00:24 . Memory (MB): peak = 1310.012 ; gain = 673.645
---------------------------------------------------------------------------------
---------------------------------------------------------------------------------
Start Applying 'set_property' XDC Constraints
---------------------------------------------------------------------------------
---------------------------------------------------------------------------------
Finished applying 'set_property' XDC Constraints : Time (s): cpu = 00:00:23 ; elapsed = 00:00:24 . Memory (MB): peak = 1310.012 ; gain = 673.645
---------------------------------------------------------------------------------
INFO: [Synth 8-802] inferred FSM for state register 'state_r_reg' in module 'FILLING_FSM'
INFO: [Synth 8-802] inferred FSM for state register 'state_r_reg' in module 'READING_FSM'
INFO: [Synth 8-802] inferred FSM for state register 'state_r_reg' in module 'CLEARING_FSM'
INFO: [Synth 8-802] inferred FSM for state register 'state_r_reg' in module 'HISTOGRAM_ARBITER_FSM'
---------------------------------------------------------------------------------------------------
                   State |                     New Encoding |                Previous Encoding 
---------------------------------------------------------------------------------------------------
                    IDLE |                              001 |                               00
                    READ |                              010 |                               01
                   WRITE |                              100 |                               10
---------------------------------------------------------------------------------------------------
INFO: [Synth 8-3354] encoded FSM with state register 'state_r_reg' using encoding 'one-hot' in module 'FILLING_FSM'
WARNING: [Synth 8-327] inferring latch for variable 'bram_addr_reg' [C:/Users/marce/OneDrive/Dokumente/zynq_project/photonsorting/hist_stream/hist_stream.srcs/sources_1/new/FILLING_FSM.sv:91]
WARNING: [Synth 8-327] inferring latch for variable 'bram_din_reg' [C:/Users/marce/OneDrive/Dokumente/zynq_project/photonsorting/hist_stream/hist_stream.srcs/sources_1/new/FILLING_FSM.sv:104]
WARNING: [Synth 8-327] inferring latch for variable 'bram_we_reg' [C:/Users/marce/OneDrive/Dokumente/zynq_project/photonsorting/hist_stream/hist_stream.srcs/sources_1/new/FILLING_FSM.sv:85]
---------------------------------------------------------------------------------------------------
                   State |                     New Encoding |                Previous Encoding 
---------------------------------------------------------------------------------------------------
                    IDLE |                             0000 |                            00000
                   IDLE2 |                             0001 |                            00001
     WRITE_START_MESSAGE |                             0010 |                            00010
                    WAIT |                             0011 |                            00011
                    ACC1 |                             0100 |                            00100
                    ACC2 |                             0101 |                            00101
                    ACC3 |                             0110 |                            00110
                    ACC4 |                             0111 |                            00111
                   DELAY |                             1000 |                            01000
---------------------------------------------------------------------------------------------------
INFO: [Synth 8-3354] encoded FSM with state register 'state_r_reg' using encoding 'sequential' in module 'READING_FSM'
---------------------------------------------------------------------------------------------------
                   State |                     New Encoding |                Previous Encoding 
---------------------------------------------------------------------------------------------------
                    IDLE |                             0001 |                             0000
                   IDLE2 |                             0010 |                             0001
                   IDLE3 |                             0100 |                             0010
                   CLEAR |                             1000 |                             0011
---------------------------------------------------------------------------------------------------
INFO: [Synth 8-3354] encoded FSM with state register 'state_r_reg' using encoding 'one-hot' in module 'CLEARING_FSM'
WARNING: [Synth 8-327] inferring latch for variable 'bram_we_n_reg' [C:/Users/marce/OneDrive/Dokumente/zynq_project/photonsorting/hist_stream/hist_stream.srcs/sources_1/new/CLEARING_FSM.sv:82]
---------------------------------------------------------------------------------------------------
                   State |                     New Encoding |                Previous Encoding 
---------------------------------------------------------------------------------------------------
                    IDLE |                            00001 |                              000
                  STATE0 |                            00010 |                              001
                  STATE1 |                            00100 |                              010
                  STATE2 |                            01000 |                              011
                   ERROR |                            10000 |                              100
---------------------------------------------------------------------------------------------------
INFO: [Synth 8-3354] encoded FSM with state register 'state_r_reg' using encoding 'one-hot' in module 'HISTOGRAM_ARBITER_FSM'
WARNING: [Synth 8-327] inferring latch for variable 'FILL_FSM_DOUT_reg' [C:/Users/marce/OneDrive/Dokumente/zynq_project/photonsorting/hist_stream/hist_stream.srcs/sources_1/new/histogram_sparse_writeout.v:150]
WARNING: [Synth 8-327] inferring latch for variable 'READ_FSM_DOUT_reg' [C:/Users/marce/OneDrive/Dokumente/zynq_project/photonsorting/hist_stream/hist_stream.srcs/sources_1/new/histogram_sparse_writeout.v:174]
WARNING: [Synth 8-327] inferring latch for variable 'CLEAR_FSM_DOUT_reg' [C:/Users/marce/OneDrive/Dokumente/zynq_project/photonsorting/hist_stream/hist_stream.srcs/sources_1/new/histogram_sparse_writeout.v:199]
WARNING: [Synth 8-327] inferring latch for variable 'bram_0_addr_reg' [C:/Users/marce/OneDrive/Dokumente/zynq_project/photonsorting/hist_stream/hist_stream.srcs/sources_1/new/histogram_sparse_writeout.v:105]
WARNING: [Synth 8-327] inferring latch for variable 'bram_0_din_reg' [C:/Users/marce/OneDrive/Dokumente/zynq_project/photonsorting/hist_stream/hist_stream.srcs/sources_1/new/histogram_sparse_writeout.v:106]
WARNING: [Synth 8-327] inferring latch for variable 'bram_0_we_reg' [C:/Users/marce/OneDrive/Dokumente/zynq_project/photonsorting/hist_stream/hist_stream.srcs/sources_1/new/histogram_sparse_writeout.v:107]
WARNING: [Synth 8-327] inferring latch for variable 'bram_2_addr_reg' [C:/Users/marce/OneDrive/Dokumente/zynq_project/photonsorting/hist_stream/hist_stream.srcs/sources_1/new/histogram_sparse_writeout.v:129]
WARNING: [Synth 8-327] inferring latch for variable 'bram_2_din_reg' [C:/Users/marce/OneDrive/Dokumente/zynq_project/photonsorting/hist_stream/hist_stream.srcs/sources_1/new/histogram_sparse_writeout.v:130]
WARNING: [Synth 8-327] inferring latch for variable 'bram_2_we_reg' [C:/Users/marce/OneDrive/Dokumente/zynq_project/photonsorting/hist_stream/hist_stream.srcs/sources_1/new/histogram_sparse_writeout.v:131]
WARNING: [Synth 8-327] inferring latch for variable 'bram_1_addr_reg' [C:/Users/marce/OneDrive/Dokumente/zynq_project/photonsorting/hist_stream/hist_stream.srcs/sources_1/new/histogram_sparse_writeout.v:117]
WARNING: [Synth 8-327] inferring latch for variable 'bram_1_din_reg' [C:/Users/marce/OneDrive/Dokumente/zynq_project/photonsorting/hist_stream/hist_stream.srcs/sources_1/new/histogram_sparse_writeout.v:118]
WARNING: [Synth 8-327] inferring latch for variable 'bram_1_we_reg' [C:/Users/marce/OneDrive/Dokumente/zynq_project/photonsorting/hist_stream/hist_stream.srcs/sources_1/new/histogram_sparse_writeout.v:119]
---------------------------------------------------------------------------------
Finished RTL Optimization Phase 2 : Time (s): cpu = 00:00:23 ; elapsed = 00:00:25 . Memory (MB): peak = 1310.012 ; gain = 673.645
---------------------------------------------------------------------------------
---------------------------------------------------------------------------------
Start RTL Component Statistics 
---------------------------------------------------------------------------------
Detailed RTL Component Info : 
+---Adders : 
	   2 Input   61 Bit       Adders := 1     
	   2 Input   32 Bit       Adders := 2     
	   2 Input   18 Bit       Adders := 1     
	   2 Input   14 Bit       Adders := 2     
+---Registers : 
	               64 Bit    Registers := 1     
	               32 Bit    Registers := 2     
	               18 Bit    Registers := 3     
	               15 Bit    Registers := 1     
	               14 Bit    Registers := 2     
	                1 Bit    Registers := 8     
+---RAMs : 
	             288K Bit	(16384 X 18 bit)          RAMs := 3     
+---Muxes : 
	   9 Input   64 Bit        Muxes := 1     
	   9 Input   32 Bit        Muxes := 1     
	   2 Input   18 Bit        Muxes := 1     
	   5 Input   18 Bit        Muxes := 6     
	   2 Input   15 Bit        Muxes := 1     
	   9 Input   14 Bit        Muxes := 1     
	   2 Input   14 Bit        Muxes := 1     
	   4 Input   14 Bit        Muxes := 1     
	   5 Input   14 Bit        Muxes := 3     
	   5 Input    5 Bit        Muxes := 1     
	   2 Input    5 Bit        Muxes := 4     
	   9 Input    4 Bit        Muxes := 1     
	   2 Input    4 Bit        Muxes := 4     
	   4 Input    4 Bit        Muxes := 1     
	   3 Input    3 Bit        Muxes := 1     
	   3 Input    1 Bit        Muxes := 6     
	   9 Input    1 Bit        Muxes := 7     
	   4 Input    1 Bit        Muxes := 5     
	   5 Input    1 Bit        Muxes := 5     
---------------------------------------------------------------------------------
Finished RTL Component Statistics 
---------------------------------------------------------------------------------
---------------------------------------------------------------------------------
Start Part Resource Summary
---------------------------------------------------------------------------------
Part Resources:
DSPs: 220 (col length:60)
BRAMs: 280 (col length: RAMB18 60 RAMB36 30)
---------------------------------------------------------------------------------
Finished Part Resource Summary
---------------------------------------------------------------------------------
---------------------------------------------------------------------------------
Start Cross Boundary and Area Optimization
---------------------------------------------------------------------------------
WARNING: [Synth 8-7080] Parallel synthesis criteria is not met
WARNING: [Synth 8-7129] Port frame in module histo_HISTOGRAM_ARBITER_FSM_0_0 is either unconnected or has no load
WARNING: [Synth 8-7129] Port pixel_clk in module histo_HISTOGRAM_ARBITER_FSM_0_0 is either unconnected or has no load
WARNING: [Synth 8-7129] Port line_clk in module histo_HISTOGRAM_ARBITER_FSM_0_0 is either unconnected or has no load
WARNING: [Synth 8-7129] Port frame_clk in module histo_HISTOGRAM_ARBITER_FSM_0_0 is either unconnected or has no load
WARNING: [Synth 8-7129] Port tlast_in in module histo_HISTOGRAM_ARBITER_FSM_0_0 is either unconnected or has no load
INFO: [Synth 8-3332] Sequential element (inst/CLEAR_FSM_DOUT_reg[17]) is unused and will be removed from module histo_HISTOGRAM_ARBITER_FSM_0_0.
INFO: [Synth 8-3332] Sequential element (inst/CLEAR_FSM_DOUT_reg[16]) is unused and will be removed from module histo_HISTOGRAM_ARBITER_FSM_0_0.
INFO: [Synth 8-3332] Sequential element (inst/CLEAR_FSM_DOUT_reg[15]) is unused and will be removed from module histo_HISTOGRAM_ARBITER_FSM_0_0.
INFO: [Synth 8-3332] Sequential element (inst/CLEAR_FSM_DOUT_reg[14]) is unused and will be removed from module histo_HISTOGRAM_ARBITER_FSM_0_0.
INFO: [Synth 8-3332] Sequential element (inst/CLEAR_FSM_DOUT_reg[13]) is unused and will be removed from module histo_HISTOGRAM_ARBITER_FSM_0_0.
INFO: [Synth 8-3332] Sequential element (inst/CLEAR_FSM_DOUT_reg[12]) is unused and will be removed from module histo_HISTOGRAM_ARBITER_FSM_0_0.
INFO: [Synth 8-3332] Sequential element (inst/CLEAR_FSM_DOUT_reg[11]) is unused and will be removed from module histo_HISTOGRAM_ARBITER_FSM_0_0.
INFO: [Synth 8-3332] Sequential element (inst/CLEAR_FSM_DOUT_reg[10]) is unused and will be removed from module histo_HISTOGRAM_ARBITER_FSM_0_0.
INFO: [Synth 8-3332] Sequential element (inst/CLEAR_FSM_DOUT_reg[9]) is unused and will be removed from module histo_HISTOGRAM_ARBITER_FSM_0_0.
INFO: [Synth 8-3332] Sequential element (inst/CLEAR_FSM_DOUT_reg[8]) is unused and will be removed from module histo_HISTOGRAM_ARBITER_FSM_0_0.
INFO: [Synth 8-3332] Sequential element (inst/CLEAR_FSM_DOUT_reg[7]) is unused and will be removed from module histo_HISTOGRAM_ARBITER_FSM_0_0.
INFO: [Synth 8-3332] Sequential element (inst/CLEAR_FSM_DOUT_reg[6]) is unused and will be removed from module histo_HISTOGRAM_ARBITER_FSM_0_0.
INFO: [Synth 8-3332] Sequential element (inst/CLEAR_FSM_DOUT_reg[5]) is unused and will be removed from module histo_HISTOGRAM_ARBITER_FSM_0_0.
INFO: [Synth 8-3332] Sequential element (inst/CLEAR_FSM_DOUT_reg[4]) is unused and will be removed from module histo_HISTOGRAM_ARBITER_FSM_0_0.
INFO: [Synth 8-3332] Sequential element (inst/CLEAR_FSM_DOUT_reg[3]) is unused and will be removed from module histo_HISTOGRAM_ARBITER_FSM_0_0.
INFO: [Synth 8-3332] Sequential element (inst/CLEAR_FSM_DOUT_reg[2]) is unused and will be removed from module histo_HISTOGRAM_ARBITER_FSM_0_0.
INFO: [Synth 8-3332] Sequential element (inst/CLEAR_FSM_DOUT_reg[1]) is unused and will be removed from module histo_HISTOGRAM_ARBITER_FSM_0_0.
INFO: [Synth 8-3332] Sequential element (inst/CLEAR_FSM_DOUT_reg[0]) is unused and will be removed from module histo_HISTOGRAM_ARBITER_FSM_0_0.
---------------------------------------------------------------------------------
Finished Cross Boundary and Area Optimization : Time (s): cpu = 00:00:27 ; elapsed = 00:00:29 . Memory (MB): peak = 1310.012 ; gain = 673.645
---------------------------------------------------------------------------------
---------------------------------------------------------------------------------
Start ROM, RAM, DSP, Shift Register and Retiming Reporting
---------------------------------------------------------------------------------

Block RAM: Preliminary Mapping Report (see note below)
+--------------------------------+----------------------+------------------------+---+---+------------------------+---+---+------------------+--------+--------+
|Module Name                     | RTL Object           | PORT A (Depth x Width) | W | R | PORT B (Depth x Width) | W | R | Ports driving FF | RAMB18 | RAMB36 | 
+--------------------------------+----------------------+------------------------+---+---+------------------------+---+---+------------------+--------+--------+
|histo_HISTOGRAM_ARBITER_FSM_0_0 | inst/bram_0/bram_reg | 16 K x 18(READ_FIRST)  | W | R |                        |   |   | Port A           | 0      | 9      | 
|histo_HISTOGRAM_ARBITER_FSM_0_0 | inst/bram_1/bram_reg | 16 K x 18(READ_FIRST)  | W | R |                        |   |   | Port A           | 0      | 9      | 
|histo_HISTOGRAM_ARBITER_FSM_0_0 | inst/bram_2/bram_reg | 16 K x 18(READ_FIRST)  | W | R |                        |   |   | Port A           | 0      | 9      | 
+--------------------------------+----------------------+------------------------+---+---+------------------------+---+---+------------------+--------+--------+

Note: The table above is a preliminary report that shows the Block RAMs at the current stage of the synthesis flow. Some Block RAMs may be reimplemented as non Block RAM primitives later in the synthesis flow. Multiple instantiated Block RAMs are reported only once. 
---------------------------------------------------------------------------------
Finished ROM, RAM, DSP, Shift Register and Retiming Reporting
---------------------------------------------------------------------------------
---------------------------------------------------------------------------------
Start Applying XDC Timing Constraints
---------------------------------------------------------------------------------
---------------------------------------------------------------------------------
Finished Applying XDC Timing Constraints : Time (s): cpu = 00:00:36 ; elapsed = 00:00:38 . Memory (MB): peak = 1422.449 ; gain = 786.082
---------------------------------------------------------------------------------
---------------------------------------------------------------------------------
Start Timing Optimization
---------------------------------------------------------------------------------
---------------------------------------------------------------------------------
Finished Timing Optimization : Time (s): cpu = 00:00:36 ; elapsed = 00:00:38 . Memory (MB): peak = 1423.270 ; gain = 786.902
---------------------------------------------------------------------------------
---------------------------------------------------------------------------------
Start ROM, RAM, DSP, Shift Register and Retiming Reporting
---------------------------------------------------------------------------------

Block RAM: Final Mapping Report
+--------------------------------+----------------------+------------------------+---+---+------------------------+---+---+------------------+--------+--------+
|Module Name                     | RTL Object           | PORT A (Depth x Width) | W | R | PORT B (Depth x Width) | W | R | Ports driving FF | RAMB18 | RAMB36 | 
+--------------------------------+----------------------+------------------------+---+---+------------------------+---+---+------------------+--------+--------+
|histo_HISTOGRAM_ARBITER_FSM_0_0 | inst/bram_0/bram_reg | 16 K x 18(READ_FIRST)  | W | R |                        |   |   | Port A           | 0      | 9      | 
|histo_HISTOGRAM_ARBITER_FSM_0_0 | inst/bram_1/bram_reg | 16 K x 18(READ_FIRST)  | W | R |                        |   |   | Port A           | 0      | 9      | 
|histo_HISTOGRAM_ARBITER_FSM_0_0 | inst/bram_2/bram_reg | 16 K x 18(READ_FIRST)  | W | R |                        |   |   | Port A           | 0      | 9      | 
+--------------------------------+----------------------+------------------------+---+---+------------------------+---+---+------------------+--------+--------+

---------------------------------------------------------------------------------
Finished ROM, RAM, DSP, Shift Register and Retiming Reporting
---------------------------------------------------------------------------------
---------------------------------------------------------------------------------
Start Technology Mapping
---------------------------------------------------------------------------------
INFO: [Synth 8-7052] The timing for the instance inst/bram_0/bram_reg_0 (implemented as a Block RAM) might be sub-optimal as no optional output register could be merged into the ram block. Providing additional output register may help in improving timing.
INFO: [Synth 8-7052] The timing for the instance inst/bram_0/bram_reg_1 (implemented as a Block RAM) might be sub-optimal as no optional output register could be merged into the ram block. Providing additional output register may help in improving timing.
INFO: [Synth 8-7052] The timing for the instance inst/bram_0/bram_reg_2 (implemented as a Block RAM) might be sub-optimal as no optional output register could be merged into the ram block. Providing additional output register may help in improving timing.
INFO: [Synth 8-7052] The timing for the instance inst/bram_0/bram_reg_3 (implemented as a Block RAM) might be sub-optimal as no optional output register could be merged into the ram block. Providing additional output register may help in improving timing.
INFO: [Synth 8-7052] The timing for the instance inst/bram_0/bram_reg_4 (implemented as a Block RAM) might be sub-optimal as no optional output register could be merged into the ram block. Providing additional output register may help in improving timing.
INFO: [Synth 8-7052] The timing for the instance inst/bram_0/bram_reg_5 (implemented as a Block RAM) might be sub-optimal as no optional output register could be merged into the ram block. Providing additional output register may help in improving timing.
INFO: [Synth 8-7052] The timing for the instance inst/bram_0/bram_reg_6 (implemented as a Block RAM) might be sub-optimal as no optional output register could be merged into the ram block. Providing additional output register may help in improving timing.
INFO: [Synth 8-7052] The timing for the instance inst/bram_0/bram_reg_7 (implemented as a Block RAM) might be sub-optimal as no optional output register could be merged into the ram block. Providing additional output register may help in improving timing.
INFO: [Synth 8-7052] The timing for the instance inst/bram_0/bram_reg_8 (implemented as a Block RAM) might be sub-optimal as no optional output register could be merged into the ram block. Providing additional output register may help in improving timing.
INFO: [Synth 8-7052] The timing for the instance inst/bram_1/bram_reg_0 (implemented as a Block RAM) might be sub-optimal as no optional output register could be merged into the ram block. Providing additional output register may help in improving timing.
INFO: [Synth 8-7052] The timing for the instance inst/bram_1/bram_reg_1 (implemented as a Block RAM) might be sub-optimal as no optional output register could be merged into the ram block. Providing additional output register may help in improving timing.
INFO: [Synth 8-7052] The timing for the instance inst/bram_1/bram_reg_2 (implemented as a Block RAM) might be sub-optimal as no optional output register could be merged into the ram block. Providing additional output register may help in improving timing.
INFO: [Synth 8-7052] The timing for the instance inst/bram_1/bram_reg_3 (implemented as a Block RAM) might be sub-optimal as no optional output register could be merged into the ram block. Providing additional output register may help in improving timing.
INFO: [Synth 8-7052] The timing for the instance inst/bram_1/bram_reg_4 (implemented as a Block RAM) might be sub-optimal as no optional output register could be merged into the ram block. Providing additional output register may help in improving timing.
INFO: [Synth 8-7052] The timing for the instance inst/bram_1/bram_reg_5 (implemented as a Block RAM) might be sub-optimal as no optional output register could be merged into the ram block. Providing additional output register may help in improving timing.
INFO: [Synth 8-7052] The timing for the instance inst/bram_1/bram_reg_6 (implemented as a Block RAM) might be sub-optimal as no optional output register could be merged into the ram block. Providing additional output register may help in improving timing.
INFO: [Synth 8-7052] The timing for the instance inst/bram_1/bram_reg_7 (implemented as a Block RAM) might be sub-optimal as no optional output register could be merged into the ram block. Providing additional output register may help in improving timing.
INFO: [Synth 8-7052] The timing for the instance inst/bram_1/bram_reg_8 (implemented as a Block RAM) might be sub-optimal as no optional output register could be merged into the ram block. Providing additional output register may help in improving timing.
INFO: [Synth 8-7052] The timing for the instance inst/bram_2/bram_reg_0 (implemented as a Block RAM) might be sub-optimal as no optional output register could be merged into the ram block. Providing additional output register may help in improving timing.
INFO: [Synth 8-7052] The timing for the instance inst/bram_2/bram_reg_1 (implemented as a Block RAM) might be sub-optimal as no optional output register could be merged into the ram block. Providing additional output register may help in improving timing.
INFO: [Synth 8-7052] The timing for the instance inst/bram_2/bram_reg_2 (implemented as a Block RAM) might be sub-optimal as no optional output register could be merged into the ram block. Providing additional output register may help in improving timing.
INFO: [Synth 8-7052] The timing for the instance inst/bram_2/bram_reg_3 (implemented as a Block RAM) might be sub-optimal as no optional output register could be merged into the ram block. Providing additional output register may help in improving timing.
INFO: [Synth 8-7052] The timing for the instance inst/bram_2/bram_reg_4 (implemented as a Block RAM) might be sub-optimal as no optional output register could be merged into the ram block. Providing additional output register may help in improving timing.
INFO: [Synth 8-7052] The timing for the instance inst/bram_2/bram_reg_5 (implemented as a Block RAM) might be sub-optimal as no optional output register could be merged into the ram block. Providing additional output register may help in improving timing.
INFO: [Synth 8-7052] The timing for the instance inst/bram_2/bram_reg_6 (implemented as a Block RAM) might be sub-optimal as no optional output register could be merged into the ram block. Providing additional output register may help in improving timing.
INFO: [Synth 8-7052] The timing for the instance inst/bram_2/bram_reg_7 (implemented as a Block RAM) might be sub-optimal as no optional output register could be merged into the ram block. Providing additional output register may help in improving timing.
INFO: [Synth 8-7052] The timing for the instance inst/bram_2/bram_reg_8 (implemented as a Block RAM) might be sub-optimal as no optional output register could be merged into the ram block. Providing additional output register may help in improving timing.
---------------------------------------------------------------------------------
Finished Technology Mapping : Time (s): cpu = 00:00:36 ; elapsed = 00:00:38 . Memory (MB): peak = 1442.371 ; gain = 806.004
---------------------------------------------------------------------------------
---------------------------------------------------------------------------------
Start IO Insertion
---------------------------------------------------------------------------------
---------------------------------------------------------------------------------
Start Flattening Before IO Insertion
---------------------------------------------------------------------------------
---------------------------------------------------------------------------------
Finished Flattening Before IO Insertion
---------------------------------------------------------------------------------
---------------------------------------------------------------------------------
Start Final Netlist Cleanup
---------------------------------------------------------------------------------
INFO: [Synth 8-3332] Sequential element (inst/bram_0_we_reg) is unused and will be removed from module histo_HISTOGRAM_ARBITER_FSM_0_0.
INFO: [Synth 8-3332] Sequential element (inst/bram_2_we_reg) is unused and will be removed from module histo_HISTOGRAM_ARBITER_FSM_0_0.
INFO: [Synth 8-3332] Sequential element (inst/bram_1_we_reg) is unused and will be removed from module histo_HISTOGRAM_ARBITER_FSM_0_0.
---------------------------------------------------------------------------------
Finished Final Netlist Cleanup
---------------------------------------------------------------------------------
---------------------------------------------------------------------------------
Finished IO Insertion : Time (s): cpu = 00:00:45 ; elapsed = 00:00:48 . Memory (MB): peak = 1642.711 ; gain = 1006.344
---------------------------------------------------------------------------------
---------------------------------------------------------------------------------
Start Renaming Generated Instances
---------------------------------------------------------------------------------
---------------------------------------------------------------------------------
Finished Renaming Generated Instances : Time (s): cpu = 00:00:45 ; elapsed = 00:00:48 . Memory (MB): peak = 1642.711 ; gain = 1006.344
---------------------------------------------------------------------------------
---------------------------------------------------------------------------------
Start Rebuilding User Hierarchy
---------------------------------------------------------------------------------
---------------------------------------------------------------------------------
Finished Rebuilding User Hierarchy : Time (s): cpu = 00:00:45 ; elapsed = 00:00:48 . Memory (MB): peak = 1642.711 ; gain = 1006.344
---------------------------------------------------------------------------------
---------------------------------------------------------------------------------
Start Renaming Generated Ports
---------------------------------------------------------------------------------
---------------------------------------------------------------------------------
Finished Renaming Generated Ports : Time (s): cpu = 00:00:45 ; elapsed = 00:00:48 . Memory (MB): peak = 1642.711 ; gain = 1006.344
---------------------------------------------------------------------------------
---------------------------------------------------------------------------------
Start Handling Custom Attributes
---------------------------------------------------------------------------------
---------------------------------------------------------------------------------
Finished Handling Custom Attributes : Time (s): cpu = 00:00:45 ; elapsed = 00:00:48 . Memory (MB): peak = 1643.695 ; gain = 1007.328
---------------------------------------------------------------------------------
---------------------------------------------------------------------------------
Start Renaming Generated Nets
---------------------------------------------------------------------------------
---------------------------------------------------------------------------------
Finished Renaming Generated Nets : Time (s): cpu = 00:00:45 ; elapsed = 00:00:48 . Memory (MB): peak = 1643.695 ; gain = 1007.328
---------------------------------------------------------------------------------
---------------------------------------------------------------------------------
Start Writing Synthesis Report
---------------------------------------------------------------------------------

Report BlackBoxes: 
+-+--------------+----------+
| |BlackBox name |Instances |
+-+--------------+----------+
+-+--------------+----------+

Report Cell Usage: 
+------+---------+------+
|      |Cell     |Count |
+------+---------+------+
|1     |CARRY4   |    41|
|2     |LUT1     |    15|
|3     |LUT2     |   171|
|4     |LUT3     |    86|
|5     |LUT4     |   170|
|6     |LUT5     |    27|
|7     |LUT6     |    66|
|8     |RAMB36E1 |    27|
|9     |FDRE     |   190|
|10    |FDSE     |     5|
|11    |LD       |   178|
+------+---------+------+
---------------------------------------------------------------------------------
Finished Writing Synthesis Report : Time (s): cpu = 00:00:45 ; elapsed = 00:00:48 . Memory (MB): peak = 1643.695 ; gain = 1007.328
---------------------------------------------------------------------------------
Synthesis finished with 0 errors, 0 critical warnings and 22 warnings.
Synthesis Optimization Runtime : Time (s): cpu = 00:00:30 ; elapsed = 00:00:45 . Memory (MB): peak = 1643.695 ; gain = 928.684
Synthesis Optimization Complete : Time (s): cpu = 00:00:45 ; elapsed = 00:00:48 . Memory (MB): peak = 1643.695 ; gain = 1007.328
INFO: [Project 1-571] Translating synthesized netlist
Netlist sorting complete. Time (s): cpu = 00:00:00 ; elapsed = 00:00:00.017 . Memory (MB): peak = 1652.863 ; gain = 0.000
INFO: [Netlist 29-17] Analyzing 246 Unisim elements for replacement
INFO: [Netlist 29-28] Unisim Transformation completed in 0 CPU seconds
INFO: [Project 1-570] Preparing netlist for logic optimization
INFO: [Opt 31-138] Pushed 0 inverter(s) to 0 load pin(s).
Netlist sorting complete. Time (s): cpu = 00:00:00 ; elapsed = 00:00:00.001 . Memory (MB): peak = 1656.508 ; gain = 0.000
INFO: [Project 1-111] Unisim Transformation Summary:
  A total of 178 instances were transformed.
  LD => LDCE: 178 instances

Synth Design complete | Checksum: 8b14fba9
INFO: [Common 17-83] Releasing license: Synthesis
91 Infos, 52 Warnings, 0 Critical Warnings and 0 Errors encountered.
synth_design completed successfully
synth_design: Time (s): cpu = 00:00:52 ; elapsed = 00:01:00 . Memory (MB): peak = 1656.508 ; gain = 1248.156
INFO: [Coretcl 2-1174] Renamed 7 cell refs.
Write ShapeDB Complete: Time (s): cpu = 00:00:00 ; elapsed = 00:00:00.004 . Memory (MB): peak = 1656.508 ; gain = 0.000
INFO: [Common 17-1381] The checkpoint 'C:/Users/marce/OneDrive/Dokumente/zynq_project/photonsorting/hist_stream/hist_stream.runs/histo_HISTOGRAM_ARBITER_FSM_0_0_synth_1/histo_HISTOGRAM_ARBITER_FSM_0_0.dcp' has been generated.
INFO: [Vivado 12-24828] Executing command : report_utilization -file histo_HISTOGRAM_ARBITER_FSM_0_0_utilization_synth.rpt -pb histo_HISTOGRAM_ARBITER_FSM_0_0_utilization_synth.pb
INFO: [Common 17-206] Exiting Vivado at Mon Feb 23 19:01:49 2026...
