
*** Running vivado
    with args -log LVDS_to_AXIS_wrapper.vdi -applog -m64 -product Vivado -messageDb vivado.pb -mode batch -source LVDS_to_AXIS_wrapper.tcl -notrace



****** Vivado v2024.2 (64-bit)
  **** SW Build 5239630 on Fri Nov 08 22:35:27 MST 2024
  **** IP Build 5239520 on Sun Nov 10 16:12:51 MST 2024
  **** SharedData Build 5239561 on Fri Nov 08 14:39:27 MST 2024
  **** Start of session at: Fri Oct 17 10:09:07 2025
    ** Copyright 1986-2022 Xilinx, Inc. All Rights Reserved.
    ** Copyright 2022-2024 Advanced Micro Devices, Inc. All Rights Reserved.

source LVDS_to_AXIS_wrapper.tcl -notrace
WARNING: [Common 17-1361] You have specified a new message control rule that is equivalent to an existing rule with attributes ' -id {17-179}  -suppress '. The existing rule will be replaced.
WARNING: [Common 17-1361] You have specified a new message control rule that is equivalent to an existing rule with attributes ' -id {17-179}  -suppress '. The existing rule will be replaced.
WARNING: [Common 17-1361] You have specified a new message control rule that is equivalent to an existing rule with attributes ' -id {17-179}  -suppress '. The existing rule will be replaced.
WARNING: [Common 17-1361] You have specified a new message control rule that is equivalent to an existing rule with attributes ' -id {17-179}  -suppress '. The existing rule will be replaced.
INFO: [IP_Flow 19-234] Refreshing IP repositories
INFO: [IP_Flow 19-1700] Loaded user IP repository 'c:/Users/marce/AppData/Roaming/Xilinx/ip_repo'.
INFO: [IP_Flow 19-1700] Loaded user IP repository 'c:/Users/marce/OneDrive/Dokumente/zynq_project/LVDS/IP'.
INFO: [IP_Flow 19-1700] Loaded user IP repository 'c:/Users/marce/OneDrive/Dokumente/zynq_project/LVDS/LVDS_to_AXIS/IP'.
WARNING: [IP_Flow 19-3685] Ignored loading user repository 'c:/Users/marce/OneDrive/Dokumente/zynq_project/LVDS/IP/DDR_Fabric'. The path is contained within another repository.
INFO: [IP_Flow 19-2313] Loaded Vivado IP repository 'C:/Xilinx/Vivado/2024.2/data/ip'.
WARNING: [IP_Flow 19-1663] Duplicate IP found for 'xilinx.com:user:LVDS_to_AXIS:1.0'. The one found in IP location 'c:/Users/marce/OneDrive/Dokumente/zynq_project/LVDS/LVDS_to_AXIS/IP' will take precedence over the same IP in location c:/Users/marce/AppData/Roaming/Xilinx/ip_repo
WARNING: [IP_Flow 19-4995] The host OS only allows 260 characters in a normal path. The IP cache path is more than 80 characters. If you experience issues with IP caching, please consider changing the IP cache to a location with a shorter path. Alternately consider using the OS subst command to map part of the path to a drive letter. 
Current IP cache path is C:/Users/marce/OneDrive/Dokumente/zynq_project/LVDS/DDR_LVDS_FABRIC/DDR_LVDS_FABRIC.cache/ip 
Command: link_design -top LVDS_to_AXIS_wrapper -part xc7z020clg484-1
Design is defaulting to srcset: sources_1
Design is defaulting to constrset: constrs_1
INFO: [Device 21-403] Loading part xc7z020clg484-1
INFO: [Project 1-454] Reading design checkpoint 'c:/Users/marce/OneDrive/Dokumente/zynq_project/LVDS/DDR_LVDS_FABRIC/DDR_LVDS_FABRIC.gen/sources_1/bd/LVDS_to_AXIS/ip/LVDS_to_AXIS_util_ds_buf_1_0/LVDS_to_AXIS_util_ds_buf_1_0.dcp' for cell 'LVDS_to_AXIS_i/DATA'
INFO: [Project 1-454] Reading design checkpoint 'c:/Users/marce/OneDrive/Dokumente/zynq_project/LVDS/DDR_LVDS_FABRIC/DDR_LVDS_FABRIC.gen/sources_1/bd/LVDS_to_AXIS/ip/LVDS_to_AXIS_util_ds_buf_0_0/LVDS_to_AXIS_util_ds_buf_0_0.dcp' for cell 'LVDS_to_AXIS_i/DDR_CLK'
INFO: [Project 1-454] Reading design checkpoint 'c:/Users/marce/OneDrive/Dokumente/zynq_project/LVDS/DDR_LVDS_FABRIC/DDR_LVDS_FABRIC.gen/sources_1/bd/LVDS_to_AXIS/ip/LVDS_to_AXIS_DDR_fabric_0_0/LVDS_to_AXIS_DDR_fabric_0_0.dcp' for cell 'LVDS_to_AXIS_i/DDR_fabric_0'
INFO: [Project 1-454] Reading design checkpoint 'c:/Users/marce/OneDrive/Dokumente/zynq_project/LVDS/DDR_LVDS_FABRIC/DDR_LVDS_FABRIC.gen/sources_1/bd/LVDS_to_AXIS/ip/LVDS_to_AXIS_util_ds_buf_0_1/LVDS_to_AXIS_util_ds_buf_0_1.dcp' for cell 'LVDS_to_AXIS_i/FRAME'
INFO: [Project 1-454] Reading design checkpoint 'c:/Users/marce/OneDrive/Dokumente/zynq_project/LVDS/DDR_LVDS_FABRIC/DDR_LVDS_FABRIC.gen/sources_1/bd/LVDS_to_AXIS/ip/LVDS_to_AXIS_IDELAY_0_0/LVDS_to_AXIS_IDELAY_0_0.dcp' for cell 'LVDS_to_AXIS_i/IDELAY_0'
INFO: [Project 1-454] Reading design checkpoint 'c:/Users/marce/OneDrive/Dokumente/zynq_project/LVDS/DDR_LVDS_FABRIC/DDR_LVDS_FABRIC.gen/sources_1/bd/LVDS_to_AXIS/ip/LVDS_to_AXIS_ila_0_0/LVDS_to_AXIS_ila_0_0.dcp' for cell 'LVDS_to_AXIS_i/LVDS_internal_ILA'
INFO: [Project 1-454] Reading design checkpoint 'c:/Users/marce/OneDrive/Dokumente/zynq_project/LVDS/DDR_LVDS_FABRIC/DDR_LVDS_FABRIC.gen/sources_1/bd/LVDS_to_AXIS/ip/LVDS_to_AXIS_axis_data_fifo_0_0/LVDS_to_AXIS_axis_data_fifo_0_0.dcp' for cell 'LVDS_to_AXIS_i/axis_data_fifo_0'
INFO: [Project 1-454] Reading design checkpoint 'c:/Users/marce/OneDrive/Dokumente/zynq_project/LVDS/DDR_LVDS_FABRIC/DDR_LVDS_FABRIC.gen/sources_1/bd/LVDS_to_AXIS/ip/LVDS_to_AXIS_lvds_output_0_0/LVDS_to_AXIS_lvds_output_0_0.dcp' for cell 'LVDS_to_AXIS_i/l_clk_out'
INFO: [Project 1-454] Reading design checkpoint 'c:/Users/marce/OneDrive/Dokumente/zynq_project/LVDS/DDR_LVDS_FABRIC/DDR_LVDS_FABRIC.gen/sources_1/bd/LVDS_to_AXIS/ip/LVDS_to_AXIS_util_idelay_ctrl_0_0/LVDS_to_AXIS_util_idelay_ctrl_0_0.dcp' for cell 'LVDS_to_AXIS_i/util_idelay_ctrl_0'
INFO: [Project 1-454] Reading design checkpoint 'c:/Users/marce/OneDrive/Dokumente/zynq_project/LVDS/DDR_LVDS_FABRIC/DDR_LVDS_FABRIC.gen/sources_1/bd/LVDS_to_AXIS/ip/LVDS_to_AXIS_util_vector_logic_0_0/LVDS_to_AXIS_util_vector_logic_0_0.dcp' for cell 'LVDS_to_AXIS_i/util_vector_logic_0'
Netlist sorting complete. Time (s): cpu = 00:00:00 ; elapsed = 00:00:00.091 . Memory (MB): peak = 697.277 ; gain = 0.000
INFO: [Netlist 29-17] Analyzing 461 Unisim elements for replacement
INFO: [Netlist 29-28] Unisim Transformation completed in 0 CPU seconds
WARNING: [Netlist 29-1115] Found multi-term driver net: LVDS_to_AXIS_i/FRAME/U0/<const0>.
WARNING: [Netlist 29-1115] Found multi-term driver net: LVDS_to_AXIS_i/DDR_CLK/U0/<const0>.
WARNING: [Netlist 29-1115] Found multi-term driver net: LVDS_to_AXIS_i/DATA/U0/<const0>.
INFO: [Project 1-479] Netlist was created with Vivado 2024.2
INFO: [Project 1-570] Preparing netlist for logic optimization
WARNING: [Constraints 18-550] Could not create 'DIFF_TERM' constraint because net 'LVDS_to_AXIS_i/DATA/IBUF_OUT[0]' is not directly connected to top level port. 'DIFF_TERM' is ignored for synthesis but preserved for implementation.
WARNING: [Constraints 18-550] Could not create 'IBUF_LOW_PWR' constraint because net 'LVDS_to_AXIS_i/DATA/IBUF_OUT[0]' is not directly connected to top level port. 'IBUF_LOW_PWR' is ignored for synthesis but preserved for implementation.
WARNING: [Constraints 18-550] Could not create 'DIFF_TERM' constraint because net 'LVDS_to_AXIS_i/DDR_CLK/IBUF_OUT[0]' is not directly connected to top level port. 'DIFF_TERM' is ignored for synthesis but preserved for implementation.
WARNING: [Constraints 18-550] Could not create 'IBUF_LOW_PWR' constraint because net 'LVDS_to_AXIS_i/DDR_CLK/IBUF_OUT[0]' is not directly connected to top level port. 'IBUF_LOW_PWR' is ignored for synthesis but preserved for implementation.
WARNING: [Constraints 18-550] Could not create 'DIFF_TERM' constraint because net 'LVDS_to_AXIS_i/FRAME/IBUF_OUT[0]' is not directly connected to top level port. 'DIFF_TERM' is ignored for synthesis but preserved for implementation.
WARNING: [Constraints 18-550] Could not create 'IBUF_LOW_PWR' constraint because net 'LVDS_to_AXIS_i/FRAME/IBUF_OUT[0]' is not directly connected to top level port. 'IBUF_LOW_PWR' is ignored for synthesis but preserved for implementation.
INFO: [Chipscope 16-324] Core: LVDS_to_AXIS_i/LVDS_internal_ILA UUID: 42a457d4-96e6-5b8c-952a-092e174027b8 
Parsing XDC File [c:/Users/marce/OneDrive/Dokumente/zynq_project/LVDS/DDR_LVDS_FABRIC/DDR_LVDS_FABRIC.gen/sources_1/bd/LVDS_to_AXIS/ip/LVDS_to_AXIS_util_ds_buf_0_0/LVDS_to_AXIS_util_ds_buf_0_0_board.xdc] for cell 'LVDS_to_AXIS_i/DDR_CLK/U0'
Finished Parsing XDC File [c:/Users/marce/OneDrive/Dokumente/zynq_project/LVDS/DDR_LVDS_FABRIC/DDR_LVDS_FABRIC.gen/sources_1/bd/LVDS_to_AXIS/ip/LVDS_to_AXIS_util_ds_buf_0_0/LVDS_to_AXIS_util_ds_buf_0_0_board.xdc] for cell 'LVDS_to_AXIS_i/DDR_CLK/U0'
Parsing XDC File [c:/Users/marce/OneDrive/Dokumente/zynq_project/LVDS/DDR_LVDS_FABRIC/DDR_LVDS_FABRIC.gen/sources_1/bd/LVDS_to_AXIS/ip/LVDS_to_AXIS_util_ds_buf_0_1/LVDS_to_AXIS_util_ds_buf_0_1_board.xdc] for cell 'LVDS_to_AXIS_i/FRAME/U0'
Finished Parsing XDC File [c:/Users/marce/OneDrive/Dokumente/zynq_project/LVDS/DDR_LVDS_FABRIC/DDR_LVDS_FABRIC.gen/sources_1/bd/LVDS_to_AXIS/ip/LVDS_to_AXIS_util_ds_buf_0_1/LVDS_to_AXIS_util_ds_buf_0_1_board.xdc] for cell 'LVDS_to_AXIS_i/FRAME/U0'
Parsing XDC File [c:/Users/marce/OneDrive/Dokumente/zynq_project/LVDS/DDR_LVDS_FABRIC/DDR_LVDS_FABRIC.gen/sources_1/bd/LVDS_to_AXIS/ip/LVDS_to_AXIS_util_ds_buf_1_0/LVDS_to_AXIS_util_ds_buf_1_0_board.xdc] for cell 'LVDS_to_AXIS_i/DATA/U0'
Finished Parsing XDC File [c:/Users/marce/OneDrive/Dokumente/zynq_project/LVDS/DDR_LVDS_FABRIC/DDR_LVDS_FABRIC.gen/sources_1/bd/LVDS_to_AXIS/ip/LVDS_to_AXIS_util_ds_buf_1_0/LVDS_to_AXIS_util_ds_buf_1_0_board.xdc] for cell 'LVDS_to_AXIS_i/DATA/U0'
Parsing XDC File [c:/Users/marce/OneDrive/Dokumente/zynq_project/LVDS/DDR_LVDS_FABRIC/DDR_LVDS_FABRIC.gen/sources_1/bd/LVDS_to_AXIS/ip/LVDS_to_AXIS_ila_0_0/ila_v6_2/constraints/ila_impl.xdc] for cell 'LVDS_to_AXIS_i/LVDS_internal_ILA/inst'
Finished Parsing XDC File [c:/Users/marce/OneDrive/Dokumente/zynq_project/LVDS/DDR_LVDS_FABRIC/DDR_LVDS_FABRIC.gen/sources_1/bd/LVDS_to_AXIS/ip/LVDS_to_AXIS_ila_0_0/ila_v6_2/constraints/ila_impl.xdc] for cell 'LVDS_to_AXIS_i/LVDS_internal_ILA/inst'
Parsing XDC File [c:/Users/marce/OneDrive/Dokumente/zynq_project/LVDS/DDR_LVDS_FABRIC/DDR_LVDS_FABRIC.gen/sources_1/bd/LVDS_to_AXIS/ip/LVDS_to_AXIS_ila_0_0/ila_v6_2/constraints/ila.xdc] for cell 'LVDS_to_AXIS_i/LVDS_internal_ILA/inst'
Finished Parsing XDC File [c:/Users/marce/OneDrive/Dokumente/zynq_project/LVDS/DDR_LVDS_FABRIC/DDR_LVDS_FABRIC.gen/sources_1/bd/LVDS_to_AXIS/ip/LVDS_to_AXIS_ila_0_0/ila_v6_2/constraints/ila.xdc] for cell 'LVDS_to_AXIS_i/LVDS_internal_ILA/inst'
Parsing XDC File [C:/Users/marce/OneDrive/Dokumente/zynq_project/LVDS/DDR_LVDS_FABRIC/DDR_LVDS_FABRIC.srcs/constrs_1/new/constraints.xdc]
Finished Parsing XDC File [C:/Users/marce/OneDrive/Dokumente/zynq_project/LVDS/DDR_LVDS_FABRIC/DDR_LVDS_FABRIC.srcs/constrs_1/new/constraints.xdc]
INFO: [Project 1-1714] 2 XPM XDC files have been applied to the design.
INFO: [Opt 31-138] Pushed 0 inverter(s) to 0 load pin(s).
INFO: [Project 1-1687] 2 scoped IP constraints or related sub-commands were skipped due to synthesis logic optimizations usually triggered by constant connectivity or unconnected output pins. To review the skipped constraints and messages, run the command 'set_param netlist.IPMsgFiltering false' before opening the design.
Netlist sorting complete. Time (s): cpu = 00:00:00 ; elapsed = 00:00:00.002 . Memory (MB): peak = 1427.008 ; gain = 0.000
INFO: [Project 1-111] Unisim Transformation Summary:
  A total of 252 instances were transformed.
  CFGLUT5 => CFGLUT5 (SRL16E, SRLC32E): 252 instances

25 Infos, 16 Warnings, 0 Critical Warnings and 0 Errors encountered.
link_design completed successfully
link_design: Time (s): cpu = 00:00:16 ; elapsed = 00:00:18 . Memory (MB): peak = 1427.008 ; gain = 987.246
Command: opt_design
Attempting to get a license for feature 'Implementation' and/or device 'xc7z020'
INFO: [Common 17-349] Got license for feature 'Implementation' and/or device 'xc7z020'
Running DRC as a precondition to command opt_design

Starting DRC Task
INFO: [DRC 23-27] Running DRC with 2 threads
INFO: [Project 1-461] DRC finished with 0 Errors
INFO: [Project 1-462] Please refer to the DRC report (report_drc) for more information.

Time (s): cpu = 00:00:01 ; elapsed = 00:00:01 . Memory (MB): peak = 1427.008 ; gain = 0.000

Starting Cache Timing Information Task
INFO: [Timing 38-35] Done setting XDC timing constraints.
Ending Cache Timing Information Task | Checksum: 128e0d192

Time (s): cpu = 00:00:01 ; elapsed = 00:00:00.243 . Memory (MB): peak = 1427.008 ; gain = 0.000

Starting Logic Optimization Task

Phase 1 Initialization

Phase 1.1 Core Generation And Design Setup

Phase 1.1.1 Generate And Synthesize Debug Cores
INFO: [Chipscope 16-329] Generating Script for core instance : dbg_hub 
INFO: [IP_Flow 19-3806] Processing IP xilinx.com:ip:xsdbm:3.0 for cell dbg_hub_CV.
INFO: [Chipscope 16-469] Using cached IP synthesis design for IP xilinx.com:ip:xsdbm:3.0, cache-ID = 35f9a0fa91973c7b.
Done building netlist checker database: Time (s): cpu = 00:00:00 ; elapsed = 00:00:00.003 . Memory (MB): peak = 1814.008 ; gain = 0.000
CRITICAL WARNING: [Common 17-55] 'get_property' expects at least one object. [c:/Users/marce/OneDrive/Dokumente/zynq_project/LVDS/DDR_LVDS_FABRIC/DDR_LVDS_FABRIC.runs/impl_1/.Xil/Vivado-18796-LAPTOP-UKM8GMC3/dbg_hub_CV.0/out/xsdbm_cc_late_late.xdc:10]
Resolution: If [get_<value>] was used to populate the object, check to make sure this command returns at least one valid object.
CRITICAL WARNING: [Common 17-1548] Command failed: can't read "wr_clk_period": no such variable
 [c:/Users/marce/OneDrive/Dokumente/zynq_project/LVDS/DDR_LVDS_FABRIC/DDR_LVDS_FABRIC.runs/impl_1/.Xil/Vivado-18796-LAPTOP-UKM8GMC3/dbg_hub_CV.0/out/xsdbm_cc_late_late.xdc:12]
CRITICAL WARNING: [Common 17-1548] Command failed: can't read "skew_value": no such variable
 [c:/Users/marce/OneDrive/Dokumente/zynq_project/LVDS/DDR_LVDS_FABRIC/DDR_LVDS_FABRIC.runs/impl_1/.Xil/Vivado-18796-LAPTOP-UKM8GMC3/dbg_hub_CV.0/out/xsdbm_cc_late_late.xdc:17]
CRITICAL WARNING: [Common 17-55] 'get_property' expects at least one object. [c:/Users/marce/OneDrive/Dokumente/zynq_project/LVDS/DDR_LVDS_FABRIC/DDR_LVDS_FABRIC.runs/impl_1/.Xil/Vivado-18796-LAPTOP-UKM8GMC3/dbg_hub_CV.0/out/xsdbm_cc_late_late.xdc:19]
Resolution: If [get_<value>] was used to populate the object, check to make sure this command returns at least one valid object.
CRITICAL WARNING: [Common 17-1548] Command failed: can't read "skew_value": no such variable
 [c:/Users/marce/OneDrive/Dokumente/zynq_project/LVDS/DDR_LVDS_FABRIC/DDR_LVDS_FABRIC.runs/impl_1/.Xil/Vivado-18796-LAPTOP-UKM8GMC3/dbg_hub_CV.0/out/xsdbm_cc_late_late.xdc:20]
CRITICAL WARNING: [Common 17-55] 'get_property' expects at least one object. [c:/Users/marce/OneDrive/Dokumente/zynq_project/LVDS/DDR_LVDS_FABRIC/DDR_LVDS_FABRIC.runs/impl_1/.Xil/Vivado-18796-LAPTOP-UKM8GMC3/dbg_hub_CV.0/out/xsdbm_cc_late_late.xdc:24]
Resolution: If [get_<value>] was used to populate the object, check to make sure this command returns at least one valid object.
CRITICAL WARNING: [Common 17-1548] Command failed: can't read "rd_clk_period_2": no such variable
 [c:/Users/marce/OneDrive/Dokumente/zynq_project/LVDS/DDR_LVDS_FABRIC/DDR_LVDS_FABRIC.runs/impl_1/.Xil/Vivado-18796-LAPTOP-UKM8GMC3/dbg_hub_CV.0/out/xsdbm_cc_late_late.xdc:25]
CRITICAL WARNING: [Common 17-55] 'get_property' expects at least one object. [c:/Users/marce/OneDrive/Dokumente/zynq_project/LVDS/DDR_LVDS_FABRIC/DDR_LVDS_FABRIC.runs/impl_1/.Xil/Vivado-18796-LAPTOP-UKM8GMC3/dbg_hub_CV.0/out/xsdbm_cc_late_late.xdc:32]
Resolution: If [get_<value>] was used to populate the object, check to make sure this command returns at least one valid object.
CRITICAL WARNING: [Common 17-1548] Command failed: can't read "skew_value_2": no such variable
 [c:/Users/marce/OneDrive/Dokumente/zynq_project/LVDS/DDR_LVDS_FABRIC/DDR_LVDS_FABRIC.runs/impl_1/.Xil/Vivado-18796-LAPTOP-UKM8GMC3/dbg_hub_CV.0/out/xsdbm_cc_late_late.xdc:33]
CRITICAL WARNING: [Common 17-1548] Command failed: can't read "skew_value_2": no such variable
 [c:/Users/marce/OneDrive/Dokumente/zynq_project/LVDS/DDR_LVDS_FABRIC/DDR_LVDS_FABRIC.runs/impl_1/.Xil/Vivado-18796-LAPTOP-UKM8GMC3/dbg_hub_CV.0/out/xsdbm_cc_late_late.xdc:36]
Netlist sorting complete. Time (s): cpu = 00:00:00 ; elapsed = 00:00:00.020 . Memory (MB): peak = 1814.008 ; gain = 0.000
Phase 1.1.1 Generate And Synthesize Debug Cores | Checksum: 979fefca

Time (s): cpu = 00:00:02 ; elapsed = 00:00:20 . Memory (MB): peak = 1814.008 ; gain = 21.371
Phase 1.1 Core Generation And Design Setup | Checksum: 979fefca

Time (s): cpu = 00:00:02 ; elapsed = 00:00:20 . Memory (MB): peak = 1814.008 ; gain = 21.371

Phase 1.2 Setup Constraints And Sort Netlist
Phase 1.2 Setup Constraints And Sort Netlist | Checksum: 979fefca

Time (s): cpu = 00:00:02 ; elapsed = 00:00:20 . Memory (MB): peak = 1814.008 ; gain = 21.371
Phase 1 Initialization | Checksum: 979fefca

Time (s): cpu = 00:00:02 ; elapsed = 00:00:20 . Memory (MB): peak = 1814.008 ; gain = 21.371

Phase 2 Timer Update And Timing Data Collection

Phase 2.1 Timer Update
Phase 2.1 Timer Update | Checksum: 979fefca

Time (s): cpu = 00:00:02 ; elapsed = 00:00:20 . Memory (MB): peak = 1814.008 ; gain = 21.371

Phase 2.2 Timing Data Collection
Phase 2.2 Timing Data Collection | Checksum: 979fefca

Time (s): cpu = 00:00:02 ; elapsed = 00:00:20 . Memory (MB): peak = 1814.008 ; gain = 21.371
Phase 2 Timer Update And Timing Data Collection | Checksum: 979fefca

Time (s): cpu = 00:00:02 ; elapsed = 00:00:20 . Memory (MB): peak = 1814.008 ; gain = 21.371

Phase 3 Retarget
INFO: [Opt 31-1851] Number of loadless carry chains removed were: 0
INFO: [Opt 31-1834] Total Chains To Be Transformed Were: 0 AND Number of Transformed insts Created are: 0
INFO: [Opt 31-1566] Pulled 2 inverters resulting in an inversion of 21 pins
INFO: [Opt 31-138] Pushed 1 inverter(s) to 1 load pin(s).
INFO: [Opt 31-49] Retargeted 0 cell(s).
Phase 3 Retarget | Checksum: 161c475ab

Time (s): cpu = 00:00:02 ; elapsed = 00:00:21 . Memory (MB): peak = 1814.008 ; gain = 21.371
Retarget | Checksum: 161c475ab
INFO: [Opt 31-389] Phase Retarget created 7 cells and removed 16 cells
INFO: [Opt 31-1021] In phase Retarget, 65 netlist objects are constrained preventing optimization. Please run opt_design with -debug_log to get more detail. 

Phase 4 Constant propagation
INFO: [Opt 31-138] Pushed 0 inverter(s) to 0 load pin(s).
Phase 4 Constant propagation | Checksum: 1ea0df841

Time (s): cpu = 00:00:02 ; elapsed = 00:00:21 . Memory (MB): peak = 1814.008 ; gain = 21.371
Constant propagation | Checksum: 1ea0df841
INFO: [Opt 31-389] Phase Constant propagation created 0 cells and removed 16 cells
INFO: [Opt 31-1021] In phase Constant propagation, 49 netlist objects are constrained preventing optimization. Please run opt_design with -debug_log to get more detail. 

Phase 5 Sweep
INFO: [Constraints 18-11670] Building netlist checker database with flags, 0x8
Done building netlist checker database: Time (s): cpu = 00:00:00 ; elapsed = 00:00:00.003 . Memory (MB): peak = 1814.008 ; gain = 0.000
INFO: [Constraints 18-11670] Building netlist checker database with flags, 0x8
Done building netlist checker database: Time (s): cpu = 00:00:00 ; elapsed = 00:00:00.003 . Memory (MB): peak = 1814.008 ; gain = 0.000
Phase 5 Sweep | Checksum: 1e6931ca0

Time (s): cpu = 00:00:03 ; elapsed = 00:00:21 . Memory (MB): peak = 1814.008 ; gain = 21.371
Sweep | Checksum: 1e6931ca0
INFO: [Opt 31-389] Phase Sweep created 0 cells and removed 47 cells
INFO: [Opt 31-1021] In phase Sweep, 1201 netlist objects are constrained preventing optimization. Please run opt_design with -debug_log to get more detail. 

Phase 6 BUFG optimization
INFO: [Opt 31-194] Inserted BUFG idelay_ref_clk_IBUF_BUFG_inst to drive 1 load(s) on clock net idelay_ref_clk_IBUF_BUFG
INFO: [Opt 31-194] Inserted BUFG ila_clk_IBUF_BUFG_inst to drive 4240 load(s) on clock net ila_clk_IBUF_BUFG
INFO: [Opt 31-194] Inserted BUFG LVDS_to_AXIS_i/IDELAY_0/inst/DATAOUT_BUFG_inst to drive 236 load(s) on clock net LVDS_to_AXIS_i/IDELAY_0/inst/DATAOUT_BUFG
INFO: [Opt 31-194] Inserted BUFG clk_IBUF_BUFG_inst to drive 101 load(s) on clock net clk_IBUF_BUFG
INFO: [Opt 31-193] Inserted 4 BUFG(s) on clock nets
Phase 6 BUFG optimization | Checksum: 169c83538

Time (s): cpu = 00:00:03 ; elapsed = 00:00:21 . Memory (MB): peak = 1814.008 ; gain = 21.371
BUFG optimization | Checksum: 169c83538
INFO: [Opt 31-662] Phase BUFG optimization created 4 cells of which 4 are BUFGs and removed 0 cells.

Phase 7 Shift Register Optimization
INFO: [Opt 31-1064] SRL Remap converted 0 SRLs to 0 registers and converted 0 registers of register chains to 0 SRLs
Phase 7 Shift Register Optimization | Checksum: 169c83538

Time (s): cpu = 00:00:03 ; elapsed = 00:00:21 . Memory (MB): peak = 1814.008 ; gain = 21.371
Shift Register Optimization | Checksum: 169c83538
INFO: [Opt 31-389] Phase Shift Register Optimization created 0 cells and removed 0 cells

Phase 8 Post Processing Netlist
Phase 8 Post Processing Netlist | Checksum: 169c83538

Time (s): cpu = 00:00:03 ; elapsed = 00:00:21 . Memory (MB): peak = 1814.008 ; gain = 21.371
Post Processing Netlist | Checksum: 169c83538
INFO: [Opt 31-389] Phase Post Processing Netlist created 0 cells and removed 0 cells
INFO: [Opt 31-1021] In phase Post Processing Netlist, 57 netlist objects are constrained preventing optimization. Please run opt_design with -debug_log to get more detail. 

Phase 9 Finalization

Phase 9.1 Finalizing Design Cores and Updating Shapes
Phase 9.1 Finalizing Design Cores and Updating Shapes | Checksum: 191e17fd5

Time (s): cpu = 00:00:03 ; elapsed = 00:00:22 . Memory (MB): peak = 1814.008 ; gain = 21.371

Phase 9.2 Verifying Netlist Connectivity

Starting Connectivity Check Task

Time (s): cpu = 00:00:00 ; elapsed = 00:00:00.019 . Memory (MB): peak = 1814.008 ; gain = 0.000
Phase 9.2 Verifying Netlist Connectivity | Checksum: 191e17fd5

Time (s): cpu = 00:00:03 ; elapsed = 00:00:22 . Memory (MB): peak = 1814.008 ; gain = 21.371
Phase 9 Finalization | Checksum: 191e17fd5

Time (s): cpu = 00:00:03 ; elapsed = 00:00:22 . Memory (MB): peak = 1814.008 ; gain = 21.371
Opt_design Change Summary
=========================


-------------------------------------------------------------------------------------------------------------------------
|  Phase                        |  #Cells created  |  #Cells Removed  |  #Constrained objects preventing optimizations  |
-------------------------------------------------------------------------------------------------------------------------
|  Retarget                     |               7  |              16  |                                             65  |
|  Constant propagation         |               0  |              16  |                                             49  |
|  Sweep                        |               0  |              47  |                                           1201  |
|  BUFG optimization            |               4  |               0  |                                              0  |
|  Shift Register Optimization  |               0  |               0  |                                              0  |
|  Post Processing Netlist      |               0  |               0  |                                             57  |
-------------------------------------------------------------------------------------------------------------------------


Ending Logic Optimization Task | Checksum: 191e17fd5

Time (s): cpu = 00:00:03 ; elapsed = 00:00:22 . Memory (MB): peak = 1814.008 ; gain = 21.371

Starting Power Optimization Task
INFO: [Pwropt 34-132] Skipping clock gating for clocks with a period < 2.00 ns.
INFO: [Timing 38-35] Done setting XDC timing constraints.
INFO: [Pwropt 34-9] Applying IDT optimizations ...
INFO: [Pwropt 34-10] Applying ODC optimizations ...
Running Vector-less Activity Propagation...

Finished Running Vector-less Activity Propagation


Starting PowerOpt Patch Enables Task
INFO: [Pwropt 34-162] WRITE_MODE attribute of 0 BRAM(s) out of a total of 12 has been updated to save power. Run report_power_opt to get a complete listing of the BRAMs updated.
INFO: [Pwropt 34-201] Structural ODC has moved 0 WE to EN ports
Number of BRAM Ports augmented: 10 newly gated: 0 Total Ports: 24
Ending PowerOpt Patch Enables Task | Checksum: 1176f9712

Time (s): cpu = 00:00:00 ; elapsed = 00:00:00.086 . Memory (MB): peak = 1947.250 ; gain = 0.000
Ending Power Optimization Task | Checksum: 1176f9712

Time (s): cpu = 00:00:05 ; elapsed = 00:00:03 . Memory (MB): peak = 1947.250 ; gain = 133.242

Starting Final Cleanup Task
Ending Final Cleanup Task | Checksum: 1176f9712

Time (s): cpu = 00:00:00 ; elapsed = 00:00:00.002 . Memory (MB): peak = 1947.250 ; gain = 0.000

Starting Netlist Obfuscation Task
Netlist sorting complete. Time (s): cpu = 00:00:00 ; elapsed = 00:00:00.006 . Memory (MB): peak = 1947.250 ; gain = 0.000
Ending Netlist Obfuscation Task | Checksum: 1c4f9a42e

Time (s): cpu = 00:00:00 ; elapsed = 00:00:00.009 . Memory (MB): peak = 1947.250 ; gain = 0.000
INFO: [Common 17-83] Releasing license: Implementation
71 Infos, 18 Warnings, 10 Critical Warnings and 0 Errors encountered.
opt_design completed successfully
opt_design: Time (s): cpu = 00:00:14 ; elapsed = 00:00:30 . Memory (MB): peak = 1947.250 ; gain = 520.242
INFO: [Vivado 12-24828] Executing command : report_drc -file LVDS_to_AXIS_wrapper_drc_opted.rpt -pb LVDS_to_AXIS_wrapper_drc_opted.pb -rpx LVDS_to_AXIS_wrapper_drc_opted.rpx
Command: report_drc -file LVDS_to_AXIS_wrapper_drc_opted.rpt -pb LVDS_to_AXIS_wrapper_drc_opted.pb -rpx LVDS_to_AXIS_wrapper_drc_opted.rpx
INFO: [IP_Flow 19-1839] IP Catalog is up to date.
INFO: [DRC 23-27] Running DRC with 2 threads
INFO: [Vivado_Tcl 2-168] The results of DRC are in file C:/Users/marce/OneDrive/Dokumente/zynq_project/LVDS/DDR_LVDS_FABRIC/DDR_LVDS_FABRIC.runs/impl_1/LVDS_to_AXIS_wrapper_drc_opted.rpt.
report_drc completed successfully
INFO: [Timing 38-35] Done setting XDC timing constraints.
INFO: [Timing 38-480] Writing timing data to binary archive.
Write ShapeDB Complete: Time (s): cpu = 00:00:00 ; elapsed = 00:00:00.032 . Memory (MB): peak = 1947.250 ; gain = 0.000
INFO: [Common 17-1381] The checkpoint 'C:/Users/marce/OneDrive/Dokumente/zynq_project/LVDS/DDR_LVDS_FABRIC/DDR_LVDS_FABRIC.runs/impl_1/LVDS_to_AXIS_wrapper_opt.dcp' has been generated.
INFO: [Chipscope 16-240] Debug cores have already been implemented
Command: place_design
Attempting to get a license for feature 'Implementation' and/or device 'xc7z020'
INFO: [Common 17-349] Got license for feature 'Implementation' and/or device 'xc7z020'
INFO: [Common 17-83] Releasing license: Implementation
INFO: [DRC 23-27] Running DRC with 2 threads
INFO: [Vivado_Tcl 4-198] DRC finished with 0 Errors
INFO: [Vivado_Tcl 4-199] Please refer to the DRC report (report_drc) for more information.
Running DRC as a precondition to command place_design
INFO: [DRC 23-27] Running DRC with 2 threads
INFO: [Vivado_Tcl 4-198] DRC finished with 0 Errors, 4 Warnings
INFO: [Vivado_Tcl 4-199] Please refer to the DRC report (report_drc) for more information.
INFO: [Place 30-611] Multithreading enabled for place_design using a maximum of 2 CPUs

Starting Placer Task

Phase 1 Placer Initialization

Phase 1.1 Placer Initialization Netlist Sorting
Netlist sorting complete. Time (s): cpu = 00:00:00 ; elapsed = 00:00:00.003 . Memory (MB): peak = 1947.250 ; gain = 0.000
Phase 1.1 Placer Initialization Netlist Sorting | Checksum: f992d479

Time (s): cpu = 00:00:00 ; elapsed = 00:00:00.009 . Memory (MB): peak = 1947.250 ; gain = 0.000
Netlist sorting complete. Time (s): cpu = 00:00:00 ; elapsed = 00:00:00.003 . Memory (MB): peak = 1947.250 ; gain = 0.000

Phase 1.2 IO Placement/ Clock Placement/ Build Placer Device
ERROR: [Place 30-58] IO placement is infeasible. Number of unplaced IO Ports (221) is greater than number of available pins (200).
The following are banks with available pins: 
Resolution: Consider using Xilinx part with greater number of IO pins
ERROR: [Place 30-374] IO placer failed to find a solution
Below is the partial placement that can be analyzed to see if any constraint modifications will make the IO placement problem easier to solve.

+-------------------------------------------------------------------------------------------------------------------------------------------------------------------------+
|                                                                     IO Placement : Bank Stats                                                                           |
+----+-------+-------+------------------------------------------------------------------------+------------------------------------------+--------+--------+--------+-----+
| Id | Pins  | Terms |                               Standards                                |                IDelayCtrls               |  VREF  |  VCCO  |   VR   | DCI |
+----+-------+-------+------------------------------------------------------------------------+------------------------------------------+--------+--------+--------+-----+
|  0 |     0 |     0 |                                                                        |                                          |        |        |        |     |
| 13 |    50 |     0 |                                                                        |                                          |        |        |        |     |
| 33 |    50 |     0 |                                                                        |                                          |        |        |        |     |
| 34 |    50 |     0 |                                                                        |                                          |        |        |        |     |
| 35 |    50 |     0 |                                                                        |                                          |        |        |        |     |
+----+-------+-------+------------------------------------------------------------------------+------------------------------------------+--------+--------+--------+-----+
|    |   200 |     0 |                                                                        |                                          |        |        |        |     |
+----+-------+-------+------------------------------------------------------------------------+------------------------------------------+--------+--------+--------+-----+

IO Placement:
+--------+----------------------+-----------------+----------------------+----------------------+----------------------+
| BankId |             Terminal | Standard        | Site                 | Pin                  | Attributes           |
+--------+----------------------+-----------------+----------------------+----------------------+----------------------+

Phase 1.2 IO Placement/ Clock Placement/ Build Placer Device | Checksum: 1d555494a

Time (s): cpu = 00:00:03 ; elapsed = 00:00:02 . Memory (MB): peak = 1947.250 ; gain = 0.000
Phase 1 Placer Initialization | Checksum: 1d555494a

Time (s): cpu = 00:00:03 ; elapsed = 00:00:02 . Memory (MB): peak = 1947.250 ; gain = 0.000
ERROR: [Place 30-99] Placer failed with error: 'IO Clock Placer failed'
Please review all ERROR, CRITICAL WARNING, and WARNING messages during placement to understand the cause for failure.
Ending Placer Task | Checksum: de0e1c4f

Time (s): cpu = 00:00:03 ; elapsed = 00:00:02 . Memory (MB): peak = 1947.250 ; gain = 0.000
88 Infos, 18 Warnings, 10 Critical Warnings and 4 Errors encountered.
place_design failed
ERROR: [Common 17-69] Command failed: Placer could not place all instances
INFO: [Common 17-206] Exiting Vivado at Fri Oct 17 10:10:10 2025...
