
*** Running vivado
    with args -log histo_wrapper.vds -m64 -product Vivado -mode batch -messageDb vivado.pb -notrace -source histo_wrapper.tcl



****** Vivado v2024.2 (64-bit)
  **** SW Build 5239630 on Fri Nov 08 22:35:27 MST 2024
  **** IP Build 5239520 on Sun Nov 10 16:12:51 MST 2024
  **** SharedData Build 5239561 on Fri Nov 08 14:39:27 MST 2024
  **** Start of session at: Mon Feb 16 16:06:24 2026
    ** Copyright 1986-2022 Xilinx, Inc. All Rights Reserved.
    ** Copyright 2022-2024 Advanced Micro Devices, Inc. All Rights Reserved.

source histo_wrapper.tcl -notrace
WARNING: [Common 17-1361] You have specified a new message control rule that is equivalent to an existing rule with attributes ' -id {17-179}  -suppress '. The existing rule will be replaced.
WARNING: [Common 17-1361] You have specified a new message control rule that is equivalent to an existing rule with attributes ' -id {17-179}  -suppress '. The existing rule will be replaced.
WARNING: [Common 17-1361] You have specified a new message control rule that is equivalent to an existing rule with attributes ' -id {17-179}  -suppress '. The existing rule will be replaced.
WARNING: [Common 17-1361] You have specified a new message control rule that is equivalent to an existing rule with attributes ' -id {17-179}  -suppress '. The existing rule will be replaced.
INFO: [IP_Flow 19-234] Refreshing IP repositories
INFO: [IP_Flow 19-1700] Loaded user IP repository 'c:/Users/marce/OneDrive/Dokumente/zynq_project/photonsorting/IP'.
INFO: [IP_Flow 19-2313] Loaded Vivado IP repository 'C:/Xilinx/Vivado/2024.2/data/ip'.
WARNING: [IP_Flow 19-4995] The host OS only allows 260 characters in a normal path. The IP cache path is more than 80 characters. If you experience issues with IP caching, please consider changing the IP cache to a location with a shorter path. Alternately consider using the OS subst command to map part of the path to a drive letter. 
Current IP cache path is c:/Users/marce/OneDrive/Dokumente/zynq_project/photonsorting/hist_stream/hist_stream.cache/ip 
INFO: [Project 1-5578] Found utility IPs instantiated in block design C:/Users/marce/OneDrive/Dokumente/zynq_project/photonsorting/hist_stream/hist_stream.srcs/sources_1/bd/histo/histo.bd which have equivalent inline hdl with improved performance and reduced diskspace.
It is recommended to migrate these utility IPs to inline hdl  using the command upgrade_project -migrate_to_inline_hdl.  The utility IPs may be deprecated in future releases.
More information on inline hdl is available in UG994. 
Command: read_checkpoint -auto_incremental -incremental C:/Users/marce/OneDrive/Dokumente/zynq_project/photonsorting/hist_stream/hist_stream.srcs/utils_1/imports/synth_1/histo_wrapper.dcp
INFO: [Vivado 12-5825] Read reference checkpoint from C:/Users/marce/OneDrive/Dokumente/zynq_project/photonsorting/hist_stream/hist_stream.srcs/utils_1/imports/synth_1/histo_wrapper.dcp for incremental synthesis
INFO: [Vivado 12-7989] Please ensure there are no constraint changes
Command: synth_design -top histo_wrapper -part xc7z020clg484-1
Starting synth_design
Attempting to get a license for feature 'Synthesis' and/or device 'xc7z020'
INFO: [Common 17-349] Got license for feature 'Synthesis' and/or device 'xc7z020'
INFO: [Device 21-403] Loading part xc7z020clg484-1
INFO: [Designutils 20-5440] No compile time benefit to using incremental synthesis; A full resynthesis will be run
INFO: [Designutils 20-4379] Flow is switching to default flow due to incremental criteria not met. If you would like to alter this behaviour and have the flow terminate instead, please set the following parameter config_implementation {autoIncr.Synth.RejectBehavior Terminate}
INFO: [Synth 8-7079] Multithreading enabled for synth_design using a maximum of 2 processes.
INFO: [Synth 8-7078] Launching helper process for spawning children vivado processes
WARNING: [Common 17-1361] You have specified a new message control rule that is equivalent to an existing rule with attributes ' -id {17-179}  -suppress '. The existing rule will be replaced.
INFO: [Synth 8-7075] Helper process launched with PID 30260
---------------------------------------------------------------------------------
Starting RTL Elaboration : Time (s): cpu = 00:00:06 ; elapsed = 00:00:06 . Memory (MB): peak = 1137.711 ; gain = 468.859
---------------------------------------------------------------------------------
INFO: [Synth 8-6157] synthesizing module 'histo_wrapper' [C:/Users/marce/OneDrive/Dokumente/zynq_project/photonsorting/hist_stream/hist_stream.gen/sources_1/bd/histo/hdl/histo_wrapper.v:13]
INFO: [Synth 8-6157] synthesizing module 'histo' [c:/Users/marce/OneDrive/Dokumente/zynq_project/photonsorting/hist_stream/hist_stream.gen/sources_1/bd/histo/synth/histo.v:13]
INFO: [Synth 8-6157] synthesizing module 'histo_xlconstant_0_0' [c:/Users/marce/OneDrive/Dokumente/zynq_project/photonsorting/hist_stream/hist_stream.gen/sources_1/bd/histo/ip/histo_xlconstant_0_0/synth/histo_xlconstant_0_0.v:53]
INFO: [Synth 8-6157] synthesizing module 'xlconstant_v1_1_9_xlconstant' [c:/Users/marce/OneDrive/Dokumente/zynq_project/photonsorting/hist_stream/hist_stream.gen/sources_1/bd/histo/ipshared/e2d2/hdl/xlconstant_v1_1_vl_rfs.v:68]
INFO: [Synth 8-6155] done synthesizing module 'xlconstant_v1_1_9_xlconstant' (0#1) [c:/Users/marce/OneDrive/Dokumente/zynq_project/photonsorting/hist_stream/hist_stream.gen/sources_1/bd/histo/ipshared/e2d2/hdl/xlconstant_v1_1_vl_rfs.v:68]
INFO: [Synth 8-6155] done synthesizing module 'histo_xlconstant_0_0' (0#1) [c:/Users/marce/OneDrive/Dokumente/zynq_project/photonsorting/hist_stream/hist_stream.gen/sources_1/bd/histo/ip/histo_xlconstant_0_0/synth/histo_xlconstant_0_0.v:53]
INFO: [Synth 8-6157] synthesizing module 'histo_HISTOGRAM_ARBITER_FSM_0_0' [C:/Users/marce/OneDrive/Dokumente/zynq_project/photonsorting/hist_stream/hist_stream.runs/synth_1/.Xil/Vivado-23324-LAPTOP-UKM8GMC3/realtime/histo_HISTOGRAM_ARBITER_FSM_0_0_stub.v:6]
INFO: [Synth 8-6155] done synthesizing module 'histo_HISTOGRAM_ARBITER_FSM_0_0' (0#1) [C:/Users/marce/OneDrive/Dokumente/zynq_project/photonsorting/hist_stream/hist_stream.runs/synth_1/.Xil/Vivado-23324-LAPTOP-UKM8GMC3/realtime/histo_HISTOGRAM_ARBITER_FSM_0_0_stub.v:6]
INFO: [Synth 8-6157] synthesizing module 'histo_axis_data_fifo_0_0' [C:/Users/marce/OneDrive/Dokumente/zynq_project/photonsorting/hist_stream/hist_stream.runs/synth_1/.Xil/Vivado-23324-LAPTOP-UKM8GMC3/realtime/histo_axis_data_fifo_0_0_stub.v:6]
INFO: [Synth 8-6155] done synthesizing module 'histo_axis_data_fifo_0_0' (0#1) [C:/Users/marce/OneDrive/Dokumente/zynq_project/photonsorting/hist_stream/hist_stream.runs/synth_1/.Xil/Vivado-23324-LAPTOP-UKM8GMC3/realtime/histo_axis_data_fifo_0_0_stub.v:6]
INFO: [Synth 8-6157] synthesizing module 'histo_negedge_detect_0_0' [C:/Users/marce/OneDrive/Dokumente/zynq_project/photonsorting/hist_stream/hist_stream.runs/synth_1/.Xil/Vivado-23324-LAPTOP-UKM8GMC3/realtime/histo_negedge_detect_0_0_stub.v:6]
INFO: [Synth 8-6155] done synthesizing module 'histo_negedge_detect_0_0' (0#1) [C:/Users/marce/OneDrive/Dokumente/zynq_project/photonsorting/hist_stream/hist_stream.runs/synth_1/.Xil/Vivado-23324-LAPTOP-UKM8GMC3/realtime/histo_negedge_detect_0_0_stub.v:6]
WARNING: [Synth 8-4446] all outputs are unconnected for this instance and logic may be removed [c:/Users/marce/OneDrive/Dokumente/zynq_project/photonsorting/hist_stream/hist_stream.gen/sources_1/bd/histo/synth/histo.v:144]
INFO: [Synth 8-6157] synthesizing module 'histo_ila_sorter_0' [C:/Users/marce/OneDrive/Dokumente/zynq_project/photonsorting/hist_stream/hist_stream.runs/synth_1/.Xil/Vivado-23324-LAPTOP-UKM8GMC3/realtime/histo_ila_sorter_0_stub.v:6]
INFO: [Synth 8-6155] done synthesizing module 'histo_ila_sorter_0' (0#1) [C:/Users/marce/OneDrive/Dokumente/zynq_project/photonsorting/hist_stream/hist_stream.runs/synth_1/.Xil/Vivado-23324-LAPTOP-UKM8GMC3/realtime/histo_ila_sorter_0_stub.v:6]
INFO: [Synth 8-6157] synthesizing module 'histo_in_line_and_in_frame_0' [C:/Users/marce/OneDrive/Dokumente/zynq_project/photonsorting/hist_stream/hist_stream.runs/synth_1/.Xil/Vivado-23324-LAPTOP-UKM8GMC3/realtime/histo_in_line_and_in_frame_0_stub.v:6]
INFO: [Synth 8-6155] done synthesizing module 'histo_in_line_and_in_frame_0' (0#1) [C:/Users/marce/OneDrive/Dokumente/zynq_project/photonsorting/hist_stream/hist_stream.runs/synth_1/.Xil/Vivado-23324-LAPTOP-UKM8GMC3/realtime/histo_in_line_and_in_frame_0_stub.v:6]
INFO: [Synth 8-6157] synthesizing module 'histo_posedge_detect_0_0' [C:/Users/marce/OneDrive/Dokumente/zynq_project/photonsorting/hist_stream/hist_stream.runs/synth_1/.Xil/Vivado-23324-LAPTOP-UKM8GMC3/realtime/histo_posedge_detect_0_0_stub.v:6]
INFO: [Synth 8-6155] done synthesizing module 'histo_posedge_detect_0_0' (0#1) [C:/Users/marce/OneDrive/Dokumente/zynq_project/photonsorting/hist_stream/hist_stream.runs/synth_1/.Xil/Vivado-23324-LAPTOP-UKM8GMC3/realtime/histo_posedge_detect_0_0_stub.v:6]
INFO: [Synth 8-6157] synthesizing module 'histo_sorter_0_0' [C:/Users/marce/OneDrive/Dokumente/zynq_project/photonsorting/hist_stream/hist_stream.runs/synth_1/.Xil/Vivado-23324-LAPTOP-UKM8GMC3/realtime/histo_sorter_0_0_stub.v:6]
INFO: [Synth 8-6155] done synthesizing module 'histo_sorter_0_0' (0#1) [C:/Users/marce/OneDrive/Dokumente/zynq_project/photonsorting/hist_stream/hist_stream.runs/synth_1/.Xil/Vivado-23324-LAPTOP-UKM8GMC3/realtime/histo_sorter_0_0_stub.v:6]
INFO: [Synth 8-6157] synthesizing module 'histo_util_vector_logic_0_0' [C:/Users/marce/OneDrive/Dokumente/zynq_project/photonsorting/hist_stream/hist_stream.runs/synth_1/.Xil/Vivado-23324-LAPTOP-UKM8GMC3/realtime/histo_util_vector_logic_0_0_stub.v:6]
INFO: [Synth 8-6155] done synthesizing module 'histo_util_vector_logic_0_0' (0#1) [C:/Users/marce/OneDrive/Dokumente/zynq_project/photonsorting/hist_stream/hist_stream.runs/synth_1/.Xil/Vivado-23324-LAPTOP-UKM8GMC3/realtime/histo_util_vector_logic_0_0_stub.v:6]
INFO: [Synth 8-6157] synthesizing module 'histo_util_vector_logic_1_1' [C:/Users/marce/OneDrive/Dokumente/zynq_project/photonsorting/hist_stream/hist_stream.runs/synth_1/.Xil/Vivado-23324-LAPTOP-UKM8GMC3/realtime/histo_util_vector_logic_1_1_stub.v:6]
INFO: [Synth 8-6155] done synthesizing module 'histo_util_vector_logic_1_1' (0#1) [C:/Users/marce/OneDrive/Dokumente/zynq_project/photonsorting/hist_stream/hist_stream.runs/synth_1/.Xil/Vivado-23324-LAPTOP-UKM8GMC3/realtime/histo_util_vector_logic_1_1_stub.v:6]
INFO: [Synth 8-6155] done synthesizing module 'histo' (0#1) [c:/Users/marce/OneDrive/Dokumente/zynq_project/photonsorting/hist_stream/hist_stream.gen/sources_1/bd/histo/synth/histo.v:13]
INFO: [Synth 8-6155] done synthesizing module 'histo_wrapper' (0#1) [C:/Users/marce/OneDrive/Dokumente/zynq_project/photonsorting/hist_stream/hist_stream.gen/sources_1/bd/histo/hdl/histo_wrapper.v:13]
INFO: [Synth 8-6071] Mark debug on the nets applies keep_hierarchy on instance 'axis_data_fifo_0'. This will prevent further optimization [c:/Users/marce/OneDrive/Dokumente/zynq_project/photonsorting/hist_stream/hist_stream.gen/sources_1/bd/histo/synth/histo.v:127]
INFO: [Synth 8-6071] Mark debug on the nets applies keep_hierarchy on instance 'ila_histo_out'. This will prevent further optimization [c:/Users/marce/OneDrive/Dokumente/zynq_project/photonsorting/hist_stream/hist_stream.gen/sources_1/bd/histo/synth/histo.v:144]
INFO: [Synth 8-6071] Mark debug on the nets applies keep_hierarchy on instance 'HISTOGRAM_ARBITER_FSM_0'. This will prevent further optimization [c:/Users/marce/OneDrive/Dokumente/zynq_project/photonsorting/hist_stream/hist_stream.gen/sources_1/bd/histo/synth/histo.v:105]
---------------------------------------------------------------------------------
Finished RTL Elaboration : Time (s): cpu = 00:00:07 ; elapsed = 00:00:08 . Memory (MB): peak = 1249.465 ; gain = 580.613
---------------------------------------------------------------------------------
---------------------------------------------------------------------------------
Start Handling Custom Attributes
---------------------------------------------------------------------------------
---------------------------------------------------------------------------------
Finished Handling Custom Attributes : Time (s): cpu = 00:00:08 ; elapsed = 00:00:08 . Memory (MB): peak = 1249.465 ; gain = 580.613
---------------------------------------------------------------------------------
---------------------------------------------------------------------------------
Finished RTL Optimization Phase 1 : Time (s): cpu = 00:00:08 ; elapsed = 00:00:08 . Memory (MB): peak = 1249.465 ; gain = 580.613
---------------------------------------------------------------------------------
Netlist sorting complete. Time (s): cpu = 00:00:00 ; elapsed = 00:00:00.005 . Memory (MB): peak = 1249.465 ; gain = 0.000
INFO: [Project 1-570] Preparing netlist for logic optimization

Processing XDC Constraints
Initializing timing engine
Parsing XDC File [c:/Users/marce/OneDrive/Dokumente/zynq_project/photonsorting/hist_stream/hist_stream.gen/sources_1/bd/histo/ip/histo_axis_data_fifo_0_0/histo_axis_data_fifo_0_0/histo_axis_data_fifo_0_0_in_context.xdc] for cell 'histo_i/axis_data_fifo_0'
Finished Parsing XDC File [c:/Users/marce/OneDrive/Dokumente/zynq_project/photonsorting/hist_stream/hist_stream.gen/sources_1/bd/histo/ip/histo_axis_data_fifo_0_0/histo_axis_data_fifo_0_0/histo_axis_data_fifo_0_0_in_context.xdc] for cell 'histo_i/axis_data_fifo_0'
Parsing XDC File [c:/Users/marce/OneDrive/Dokumente/zynq_project/photonsorting/hist_stream/hist_stream.gen/sources_1/bd/histo/ip/histo_in_line_and_in_frame_0/histo_in_line_and_in_frame_0/histo_util_vector_logic_2_1_in_context.xdc] for cell 'histo_i/in_line_and_in_frame'
Finished Parsing XDC File [c:/Users/marce/OneDrive/Dokumente/zynq_project/photonsorting/hist_stream/hist_stream.gen/sources_1/bd/histo/ip/histo_in_line_and_in_frame_0/histo_in_line_and_in_frame_0/histo_util_vector_logic_2_1_in_context.xdc] for cell 'histo_i/in_line_and_in_frame'
Parsing XDC File [c:/Users/marce/OneDrive/Dokumente/zynq_project/photonsorting/hist_stream/hist_stream.gen/sources_1/bd/histo/ip/histo_util_vector_logic_0_0/histo_util_vector_logic_0_0/histo_util_vector_logic_0_0_in_context.xdc] for cell 'histo_i/util_vector_logic_0'
Finished Parsing XDC File [c:/Users/marce/OneDrive/Dokumente/zynq_project/photonsorting/hist_stream/hist_stream.gen/sources_1/bd/histo/ip/histo_util_vector_logic_0_0/histo_util_vector_logic_0_0/histo_util_vector_logic_0_0_in_context.xdc] for cell 'histo_i/util_vector_logic_0'
Parsing XDC File [c:/Users/marce/OneDrive/Dokumente/zynq_project/photonsorting/hist_stream/hist_stream.gen/sources_1/bd/histo/ip/histo_util_vector_logic_1_1/histo_util_vector_logic_1_1/histo_util_vector_logic_1_1_in_context.xdc] for cell 'histo_i/util_vector_logic_1'
Finished Parsing XDC File [c:/Users/marce/OneDrive/Dokumente/zynq_project/photonsorting/hist_stream/hist_stream.gen/sources_1/bd/histo/ip/histo_util_vector_logic_1_1/histo_util_vector_logic_1_1/histo_util_vector_logic_1_1_in_context.xdc] for cell 'histo_i/util_vector_logic_1'
Parsing XDC File [c:/Users/marce/OneDrive/Dokumente/zynq_project/photonsorting/hist_stream/hist_stream.gen/sources_1/bd/histo/ip/histo_HISTOGRAM_ARBITER_FSM_0_0/histo_HISTOGRAM_ARBITER_FSM_0_0/histo_HISTOGRAM_ARBITER_FSM_0_0_in_context.xdc] for cell 'histo_i/HISTOGRAM_ARBITER_FSM_0'
Finished Parsing XDC File [c:/Users/marce/OneDrive/Dokumente/zynq_project/photonsorting/hist_stream/hist_stream.gen/sources_1/bd/histo/ip/histo_HISTOGRAM_ARBITER_FSM_0_0/histo_HISTOGRAM_ARBITER_FSM_0_0/histo_HISTOGRAM_ARBITER_FSM_0_0_in_context.xdc] for cell 'histo_i/HISTOGRAM_ARBITER_FSM_0'
Parsing XDC File [c:/Users/marce/OneDrive/Dokumente/zynq_project/photonsorting/hist_stream/hist_stream.gen/sources_1/bd/histo/ip/histo_sorter_0_0/histo_sorter_0_0/histo_sorter_0_0_in_context.xdc] for cell 'histo_i/sorter_0'
Finished Parsing XDC File [c:/Users/marce/OneDrive/Dokumente/zynq_project/photonsorting/hist_stream/hist_stream.gen/sources_1/bd/histo/ip/histo_sorter_0_0/histo_sorter_0_0/histo_sorter_0_0_in_context.xdc] for cell 'histo_i/sorter_0'
Parsing XDC File [c:/Users/marce/OneDrive/Dokumente/zynq_project/photonsorting/hist_stream/hist_stream.gen/sources_1/bd/histo/ip/histo_negedge_detect_0_0/histo_negedge_detect_0_0/histo_negedge_detect_0_0_in_context.xdc] for cell 'histo_i/frame_negedge_detect'
Finished Parsing XDC File [c:/Users/marce/OneDrive/Dokumente/zynq_project/photonsorting/hist_stream/hist_stream.gen/sources_1/bd/histo/ip/histo_negedge_detect_0_0/histo_negedge_detect_0_0/histo_negedge_detect_0_0_in_context.xdc] for cell 'histo_i/frame_negedge_detect'
Parsing XDC File [c:/Users/marce/OneDrive/Dokumente/zynq_project/photonsorting/hist_stream/hist_stream.gen/sources_1/bd/histo/ip/histo_posedge_detect_0_0/histo_posedge_detect_0_0/histo_posedge_detect_0_0_in_context.xdc] for cell 'histo_i/pixel_posedge_detect'
Finished Parsing XDC File [c:/Users/marce/OneDrive/Dokumente/zynq_project/photonsorting/hist_stream/hist_stream.gen/sources_1/bd/histo/ip/histo_posedge_detect_0_0/histo_posedge_detect_0_0/histo_posedge_detect_0_0_in_context.xdc] for cell 'histo_i/pixel_posedge_detect'
Parsing XDC File [c:/Users/marce/OneDrive/Dokumente/zynq_project/photonsorting/hist_stream/hist_stream.gen/sources_1/bd/histo/ip/histo_ila_sorter_0/histo_ila_sorter_0/histo_ila_sorter_0_in_context.xdc] for cell 'histo_i/ila_histo_out'
Finished Parsing XDC File [c:/Users/marce/OneDrive/Dokumente/zynq_project/photonsorting/hist_stream/hist_stream.gen/sources_1/bd/histo/ip/histo_ila_sorter_0/histo_ila_sorter_0/histo_ila_sorter_0_in_context.xdc] for cell 'histo_i/ila_histo_out'
Parsing XDC File [C:/Users/marce/OneDrive/Dokumente/zynq_project/photonsorting/hist_stream/hist_stream.runs/synth_1/dont_touch.xdc]
Finished Parsing XDC File [C:/Users/marce/OneDrive/Dokumente/zynq_project/photonsorting/hist_stream/hist_stream.runs/synth_1/dont_touch.xdc]
Completed Processing XDC Constraints

Netlist sorting complete. Time (s): cpu = 00:00:00 ; elapsed = 00:00:00 . Memory (MB): peak = 1250.000 ; gain = 0.000
INFO: [Project 1-111] Unisim Transformation Summary:
No Unisim elements were transformed.

Constraint Validation Runtime : Time (s): cpu = 00:00:00 ; elapsed = 00:00:00.006 . Memory (MB): peak = 1250.000 ; gain = 0.000
INFO: [Designutils 20-5440] No compile time benefit to using incremental synthesis; A full resynthesis will be run
INFO: [Designutils 20-4379] Flow is switching to default flow due to incremental criteria not met. If you would like to alter this behaviour and have the flow terminate instead, please set the following parameter config_implementation {autoIncr.Synth.RejectBehavior Terminate}
---------------------------------------------------------------------------------
Finished Constraint Validation : Time (s): cpu = 00:00:15 ; elapsed = 00:00:16 . Memory (MB): peak = 1250.000 ; gain = 581.148
---------------------------------------------------------------------------------
---------------------------------------------------------------------------------
Start Loading Part and Timing Information
---------------------------------------------------------------------------------
Loading part: xc7z020clg484-1
---------------------------------------------------------------------------------
Finished Loading Part and Timing Information : Time (s): cpu = 00:00:15 ; elapsed = 00:00:16 . Memory (MB): peak = 1250.000 ; gain = 581.148
---------------------------------------------------------------------------------
---------------------------------------------------------------------------------
Start Applying 'set_property' XDC Constraints
---------------------------------------------------------------------------------
Applied set_property KEEP_HIERARCHY = SOFT for histo_i. (constraint file  auto generated constraint).
Applied set_property KEEP_HIERARCHY = SOFT for histo_i/axis_data_fifo_0. (constraint file  auto generated constraint).
Applied set_property KEEP_HIERARCHY = SOFT for histo_i/in_line_and_in_frame. (constraint file  auto generated constraint).
Applied set_property KEEP_HIERARCHY = SOFT for histo_i/util_vector_logic_0. (constraint file  auto generated constraint).
Applied set_property KEEP_HIERARCHY = SOFT for histo_i/util_vector_logic_1. (constraint file  auto generated constraint).
Applied set_property KEEP_HIERARCHY = SOFT for histo_i/HISTOGRAM_ARBITER_FSM_0. (constraint file  auto generated constraint).
Applied set_property KEEP_HIERARCHY = SOFT for histo_i/sorter_0. (constraint file  auto generated constraint).
Applied set_property KEEP_HIERARCHY = SOFT for histo_i/frame_negedge_detect. (constraint file  auto generated constraint).
Applied set_property KEEP_HIERARCHY = SOFT for histo_i/HIGH. (constraint file  auto generated constraint).
Applied set_property KEEP_HIERARCHY = SOFT for histo_i/pixel_posedge_detect. (constraint file  auto generated constraint).
Applied set_property KEEP_HIERARCHY = SOFT for histo_i/ila_histo_out. (constraint file  auto generated constraint).
---------------------------------------------------------------------------------
Finished applying 'set_property' XDC Constraints : Time (s): cpu = 00:00:15 ; elapsed = 00:00:16 . Memory (MB): peak = 1250.000 ; gain = 581.148
---------------------------------------------------------------------------------
---------------------------------------------------------------------------------
Finished RTL Optimization Phase 2 : Time (s): cpu = 00:00:15 ; elapsed = 00:00:16 . Memory (MB): peak = 1250.000 ; gain = 581.148
---------------------------------------------------------------------------------
---------------------------------------------------------------------------------
Start RTL Component Statistics 
---------------------------------------------------------------------------------
Detailed RTL Component Info : 
---------------------------------------------------------------------------------
Finished RTL Component Statistics 
---------------------------------------------------------------------------------
---------------------------------------------------------------------------------
Start Part Resource Summary
---------------------------------------------------------------------------------
Part Resources:
DSPs: 220 (col length:60)
BRAMs: 280 (col length: RAMB18 60 RAMB36 30)
---------------------------------------------------------------------------------
Finished Part Resource Summary
---------------------------------------------------------------------------------
---------------------------------------------------------------------------------
Start Cross Boundary and Area Optimization
---------------------------------------------------------------------------------
WARNING: [Synth 8-7080] Parallel synthesis criteria is not met
---------------------------------------------------------------------------------
Finished Cross Boundary and Area Optimization : Time (s): cpu = 00:00:17 ; elapsed = 00:00:18 . Memory (MB): peak = 1251.566 ; gain = 582.715
---------------------------------------------------------------------------------
---------------------------------------------------------------------------------
Start Applying XDC Timing Constraints
---------------------------------------------------------------------------------
---------------------------------------------------------------------------------
Finished Applying XDC Timing Constraints : Time (s): cpu = 00:00:23 ; elapsed = 00:00:24 . Memory (MB): peak = 1417.656 ; gain = 748.805
---------------------------------------------------------------------------------
---------------------------------------------------------------------------------
Start Timing Optimization
---------------------------------------------------------------------------------
---------------------------------------------------------------------------------
Finished Timing Optimization : Time (s): cpu = 00:00:23 ; elapsed = 00:00:24 . Memory (MB): peak = 1417.730 ; gain = 748.879
---------------------------------------------------------------------------------
---------------------------------------------------------------------------------
Start Technology Mapping
---------------------------------------------------------------------------------
---------------------------------------------------------------------------------
Finished Technology Mapping : Time (s): cpu = 00:00:23 ; elapsed = 00:00:24 . Memory (MB): peak = 1427.574 ; gain = 758.723
---------------------------------------------------------------------------------
---------------------------------------------------------------------------------
Start IO Insertion
---------------------------------------------------------------------------------
---------------------------------------------------------------------------------
Start Flattening Before IO Insertion
---------------------------------------------------------------------------------
---------------------------------------------------------------------------------
Finished Flattening Before IO Insertion
---------------------------------------------------------------------------------
---------------------------------------------------------------------------------
Start Final Netlist Cleanup
---------------------------------------------------------------------------------
---------------------------------------------------------------------------------
Finished Final Netlist Cleanup
---------------------------------------------------------------------------------
---------------------------------------------------------------------------------
Finished IO Insertion : Time (s): cpu = 00:00:28 ; elapsed = 00:00:29 . Memory (MB): peak = 1644.250 ; gain = 975.398
---------------------------------------------------------------------------------
---------------------------------------------------------------------------------
Start Renaming Generated Instances
---------------------------------------------------------------------------------
---------------------------------------------------------------------------------
Finished Renaming Generated Instances : Time (s): cpu = 00:00:28 ; elapsed = 00:00:29 . Memory (MB): peak = 1644.250 ; gain = 975.398
---------------------------------------------------------------------------------
---------------------------------------------------------------------------------
Start Rebuilding User Hierarchy
---------------------------------------------------------------------------------
---------------------------------------------------------------------------------
Finished Rebuilding User Hierarchy : Time (s): cpu = 00:00:28 ; elapsed = 00:00:29 . Memory (MB): peak = 1644.250 ; gain = 975.398
---------------------------------------------------------------------------------
---------------------------------------------------------------------------------
Start Renaming Generated Ports
---------------------------------------------------------------------------------
---------------------------------------------------------------------------------
Finished Renaming Generated Ports : Time (s): cpu = 00:00:28 ; elapsed = 00:00:29 . Memory (MB): peak = 1644.250 ; gain = 975.398
---------------------------------------------------------------------------------
---------------------------------------------------------------------------------
Start Handling Custom Attributes
---------------------------------------------------------------------------------
---------------------------------------------------------------------------------
Finished Handling Custom Attributes : Time (s): cpu = 00:00:28 ; elapsed = 00:00:29 . Memory (MB): peak = 1644.250 ; gain = 975.398
---------------------------------------------------------------------------------
---------------------------------------------------------------------------------
Start Renaming Generated Nets
---------------------------------------------------------------------------------
---------------------------------------------------------------------------------
Finished Renaming Generated Nets : Time (s): cpu = 00:00:28 ; elapsed = 00:00:29 . Memory (MB): peak = 1644.250 ; gain = 975.398
---------------------------------------------------------------------------------
---------------------------------------------------------------------------------
Start Writing Synthesis Report
---------------------------------------------------------------------------------

Report BlackBoxes: 
+------+--------------------------------+----------+
|      |BlackBox name                   |Instances |
+------+--------------------------------+----------+
|1     |histo_HISTOGRAM_ARBITER_FSM_0_0 |         1|
|2     |histo_axis_data_fifo_0_0        |         1|
|3     |histo_negedge_detect_0_0        |         1|
|4     |histo_ila_sorter_0              |         1|
|5     |histo_in_line_and_in_frame_0    |         1|
|6     |histo_posedge_detect_0_0        |         1|
|7     |histo_sorter_0_0                |         1|
|8     |histo_util_vector_logic_0_0     |         1|
|9     |histo_util_vector_logic_1_1     |         1|
+------+--------------------------------+----------+

Report Cell Usage: 
+------+------------------------------+------+
|      |Cell                          |Count |
+------+------------------------------+------+
|1     |histo_HISTOGRAM_ARBITER_FSM_0 |     1|
|2     |histo_axis_data_fifo_0        |     1|
|3     |histo_ila_sorter              |     1|
|4     |histo_in_line_and_in_frame    |     1|
|5     |histo_negedge_detect_0        |     1|
|6     |histo_posedge_detect_0        |     1|
|7     |histo_sorter_0                |     1|
|8     |histo_util_vector_logic_0     |     1|
|9     |histo_util_vector_logic_1     |     1|
|10    |IBUF                          |   148|
|11    |OBUF                          |    73|
+------+------------------------------+------+
---------------------------------------------------------------------------------
Finished Writing Synthesis Report : Time (s): cpu = 00:00:28 ; elapsed = 00:00:29 . Memory (MB): peak = 1644.250 ; gain = 975.398
---------------------------------------------------------------------------------
Synthesis finished with 0 errors, 0 critical warnings and 1 warnings.
Synthesis Optimization Runtime : Time (s): cpu = 00:00:19 ; elapsed = 00:00:27 . Memory (MB): peak = 1644.250 ; gain = 974.863
Synthesis Optimization Complete : Time (s): cpu = 00:00:28 ; elapsed = 00:00:29 . Memory (MB): peak = 1644.250 ; gain = 975.398
INFO: [Project 1-571] Translating synthesized netlist
Netlist sorting complete. Time (s): cpu = 00:00:00 ; elapsed = 00:00:00.005 . Memory (MB): peak = 1644.250 ; gain = 0.000
INFO: [Project 1-570] Preparing netlist for logic optimization
INFO: [Opt 31-138] Pushed 0 inverter(s) to 0 load pin(s).
Netlist sorting complete. Time (s): cpu = 00:00:00 ; elapsed = 00:00:00 . Memory (MB): peak = 1644.250 ; gain = 0.000
INFO: [Project 1-111] Unisim Transformation Summary:
No Unisim elements were transformed.

Synth Design complete | Checksum: f007ef65
INFO: [Common 17-83] Releasing license: Synthesis
51 Infos, 8 Warnings, 0 Critical Warnings and 0 Errors encountered.
synth_design completed successfully
synth_design: Time (s): cpu = 00:00:32 ; elapsed = 00:00:38 . Memory (MB): peak = 1644.250 ; gain = 1208.453
Write ShapeDB Complete: Time (s): cpu = 00:00:00 ; elapsed = 00:00:00.004 . Memory (MB): peak = 1644.250 ; gain = 0.000
INFO: [Common 17-1381] The checkpoint 'C:/Users/marce/OneDrive/Dokumente/zynq_project/photonsorting/hist_stream/hist_stream.runs/synth_1/histo_wrapper.dcp' has been generated.
INFO: [Vivado 12-24828] Executing command : report_utilization -file histo_wrapper_utilization_synth.rpt -pb histo_wrapper_utilization_synth.pb
INFO: [Common 17-206] Exiting Vivado at Mon Feb 16 16:07:11 2026...
