
*** Running vivado
    with args -log LVDS_to_AXIS_axis_data_fifo_0_0.vds -m64 -product Vivado -mode batch -messageDb vivado.pb -notrace -source LVDS_to_AXIS_axis_data_fifo_0_0.tcl



****** Vivado v2024.2 (64-bit)
  **** SW Build 5239630 on Fri Nov 08 22:35:27 MST 2024
  **** IP Build 5239520 on Sun Nov 10 16:12:51 MST 2024
  **** SharedData Build 5239561 on Fri Nov 08 14:39:27 MST 2024
  **** Start of session at: Mon Oct 13 14:35:59 2025
    ** Copyright 1986-2022 Xilinx, Inc. All Rights Reserved.
    ** Copyright 2022-2024 Advanced Micro Devices, Inc. All Rights Reserved.

source LVDS_to_AXIS_axis_data_fifo_0_0.tcl -notrace
WARNING: [Common 17-1361] You have specified a new message control rule that is equivalent to an existing rule with attributes ' -id {17-179}  -suppress '. The existing rule will be replaced.
WARNING: [Common 17-1361] You have specified a new message control rule that is equivalent to an existing rule with attributes ' -id {17-179}  -suppress '. The existing rule will be replaced.
WARNING: [Common 17-1361] You have specified a new message control rule that is equivalent to an existing rule with attributes ' -id {17-179}  -suppress '. The existing rule will be replaced.
WARNING: [Common 17-1361] You have specified a new message control rule that is equivalent to an existing rule with attributes ' -id {17-179}  -suppress '. The existing rule will be replaced.
INFO: [IP_Flow 19-234] Refreshing IP repositories
INFO: [IP_Flow 19-1700] Loaded user IP repository 'c:/Users/marce/AppData/Roaming/Xilinx/ip_repo'.
INFO: [IP_Flow 19-1700] Loaded user IP repository 'c:/Users/marce/OneDrive/Dokumente/zynq_project/LVDS/IP'.
INFO: [IP_Flow 19-1700] Loaded user IP repository 'c:/Users/marce/OneDrive/Dokumente/zynq_project/LVDS/LVDS_to_AXIS/IP'.
WARNING: [IP_Flow 19-3685] Ignored loading user repository 'c:/Users/marce/OneDrive/Dokumente/zynq_project/LVDS/IP/DDR_Fabric'. The path is contained within another repository.
INFO: [IP_Flow 19-2313] Loaded Vivado IP repository 'C:/Xilinx/Vivado/2024.2/data/ip'.
WARNING: [IP_Flow 19-1663] Duplicate IP found for 'xilinx.com:user:LVDS_to_AXIS:1.0'. The one found in IP location 'c:/Users/marce/OneDrive/Dokumente/zynq_project/LVDS/LVDS_to_AXIS/IP' will take precedence over the same IP in location c:/Users/marce/AppData/Roaming/Xilinx/ip_repo
WARNING: [IP_Flow 19-4995] The host OS only allows 260 characters in a normal path. The IP cache path is more than 80 characters. If you experience issues with IP caching, please consider changing the IP cache to a location with a shorter path. Alternately consider using the OS subst command to map part of the path to a drive letter. 
Current IP cache path is c:/Users/marce/OneDrive/Dokumente/zynq_project/LVDS/DDR_LVDS_FABRIC/DDR_LVDS_FABRIC.cache/ip 
INFO: [IP_Flow 19-6924] IPCACHE: Running cache check for IP inst: LVDS_to_AXIS_axis_data_fifo_0_0
Command: synth_design -top LVDS_to_AXIS_axis_data_fifo_0_0 -part xc7z020clg484-1 -incremental_mode off -mode out_of_context
Starting synth_design
Attempting to get a license for feature 'Synthesis' and/or device 'xc7z020'
INFO: [Common 17-349] Got license for feature 'Synthesis' and/or device 'xc7z020'
INFO: [Device 21-403] Loading part xc7z020clg484-1
INFO: [Synth 8-7079] Multithreading enabled for synth_design using a maximum of 2 processes.
INFO: [Synth 8-7078] Launching helper process for spawning children vivado processes
WARNING: [Common 17-1361] You have specified a new message control rule that is equivalent to an existing rule with attributes ' -id {17-179}  -suppress '. The existing rule will be replaced.
INFO: [Synth 8-7075] Helper process launched with PID 12316
---------------------------------------------------------------------------------
Starting RTL Elaboration : Time (s): cpu = 00:00:08 ; elapsed = 00:00:09 . Memory (MB): peak = 1105.516 ; gain = 467.582
---------------------------------------------------------------------------------
INFO: [Synth 8-6157] synthesizing module 'LVDS_to_AXIS_axis_data_fifo_0_0' [c:/Users/marce/OneDrive/Dokumente/zynq_project/LVDS/DDR_LVDS_FABRIC/DDR_LVDS_FABRIC.gen/sources_1/bd/LVDS_to_AXIS/ip/LVDS_to_AXIS_axis_data_fifo_0_0/synth/LVDS_to_AXIS_axis_data_fifo_0_0.v:53]
INFO: [Synth 8-6157] synthesizing module 'axis_data_fifo_v2_0_15_top' [c:/Users/marce/OneDrive/Dokumente/zynq_project/LVDS/DDR_LVDS_FABRIC/DDR_LVDS_FABRIC.gen/sources_1/bd/LVDS_to_AXIS/ipshared/2b6a/hdl/axis_data_fifo_v2_0_vl_rfs.v:53]
INFO: [Synth 8-6157] synthesizing module 'axis_infrastructure_v1_1_1_util_aclken_converter_wrapper' [c:/Users/marce/OneDrive/Dokumente/zynq_project/LVDS/DDR_LVDS_FABRIC/DDR_LVDS_FABRIC.gen/sources_1/bd/LVDS_to_AXIS/ipshared/434f/hdl/axis_infrastructure_v1_1_vl_rfs.v:596]
INFO: [Synth 8-6157] synthesizing module 'axis_infrastructure_v1_1_1_util_axis2vector' [c:/Users/marce/OneDrive/Dokumente/zynq_project/LVDS/DDR_LVDS_FABRIC/DDR_LVDS_FABRIC.gen/sources_1/bd/LVDS_to_AXIS/ipshared/434f/hdl/axis_infrastructure_v1_1_vl_rfs.v:805]
INFO: [Synth 8-6155] done synthesizing module 'axis_infrastructure_v1_1_1_util_axis2vector' (0#1) [c:/Users/marce/OneDrive/Dokumente/zynq_project/LVDS/DDR_LVDS_FABRIC/DDR_LVDS_FABRIC.gen/sources_1/bd/LVDS_to_AXIS/ipshared/434f/hdl/axis_infrastructure_v1_1_vl_rfs.v:805]
INFO: [Synth 8-6157] synthesizing module 'axis_infrastructure_v1_1_1_util_vector2axis' [c:/Users/marce/OneDrive/Dokumente/zynq_project/LVDS/DDR_LVDS_FABRIC/DDR_LVDS_FABRIC.gen/sources_1/bd/LVDS_to_AXIS/ipshared/434f/hdl/axis_infrastructure_v1_1_vl_rfs.v:986]
INFO: [Synth 8-6155] done synthesizing module 'axis_infrastructure_v1_1_1_util_vector2axis' (0#1) [c:/Users/marce/OneDrive/Dokumente/zynq_project/LVDS/DDR_LVDS_FABRIC/DDR_LVDS_FABRIC.gen/sources_1/bd/LVDS_to_AXIS/ipshared/434f/hdl/axis_infrastructure_v1_1_vl_rfs.v:986]
INFO: [Synth 8-6155] done synthesizing module 'axis_infrastructure_v1_1_1_util_aclken_converter_wrapper' (0#1) [c:/Users/marce/OneDrive/Dokumente/zynq_project/LVDS/DDR_LVDS_FABRIC/DDR_LVDS_FABRIC.gen/sources_1/bd/LVDS_to_AXIS/ipshared/434f/hdl/axis_infrastructure_v1_1_vl_rfs.v:596]
INFO: [Synth 8-6157] synthesizing module 'xpm_fifo_axis' [C:/Xilinx/Vivado/2024.2/data/ip/xpm/xpm_fifo/hdl/xpm_fifo.sv:2373]
INFO: [Synth 8-6157] synthesizing module 'xpm_cdc_sync_rst' [C:/Xilinx/Vivado/2024.2/data/ip/xpm/xpm_cdc/hdl/xpm_cdc.sv:1059]
INFO: [Synth 8-6155] done synthesizing module 'xpm_cdc_sync_rst' (0#1) [C:/Xilinx/Vivado/2024.2/data/ip/xpm/xpm_cdc/hdl/xpm_cdc.sv:1059]
INFO: [Synth 8-6157] synthesizing module 'xpm_fifo_base' [C:/Xilinx/Vivado/2024.2/data/ip/xpm/xpm_fifo/hdl/xpm_fifo.sv:53]
INFO: [Synth 8-6157] synthesizing module 'xpm_memory_base' [C:/Xilinx/Vivado/2024.2/data/ip/xpm/xpm_memory/hdl/xpm_memory.sv:54]
INFO: [Synth 8-6059] Synth Info: [XPM_MEMORY 20-1] MEMORY_PRIMITIVE (0) instructs Vivado Synthesis to choose the memory primitive type. Depending on their values, other XPM_MEMORY parameters may preclude the choice of certain memory primitive types. Review XPM_MEMORY documentation and parameter values to understand any limitations, or set MEMORY_PRIMITIVE to a different value.   [C:/Xilinx/Vivado/2024.2/data/ip/xpm/xpm_memory/hdl/xpm_memory.sv:514]
INFO: [Synth 8-6155] done synthesizing module 'xpm_memory_base' (0#1) [C:/Xilinx/Vivado/2024.2/data/ip/xpm/xpm_memory/hdl/xpm_memory.sv:54]
INFO: [Synth 8-226] default block is never used [C:/Xilinx/Vivado/2024.2/data/ip/xpm/xpm_fifo/hdl/xpm_fifo.sv:1220]
INFO: [Synth 8-226] default block is never used [C:/Xilinx/Vivado/2024.2/data/ip/xpm/xpm_fifo/hdl/xpm_fifo.sv:1287]
INFO: [Synth 8-226] default block is never used [C:/Xilinx/Vivado/2024.2/data/ip/xpm/xpm_fifo/hdl/xpm_fifo.sv:1309]
INFO: [Synth 8-6157] synthesizing module 'xpm_fifo_reg_bit' [C:/Xilinx/Vivado/2024.2/data/ip/xpm/xpm_fifo/hdl/xpm_fifo.sv:1927]
INFO: [Synth 8-6155] done synthesizing module 'xpm_fifo_reg_bit' (0#1) [C:/Xilinx/Vivado/2024.2/data/ip/xpm/xpm_fifo/hdl/xpm_fifo.sv:1927]
INFO: [Synth 8-6157] synthesizing module 'xpm_counter_updn' [C:/Xilinx/Vivado/2024.2/data/ip/xpm/xpm_fifo/hdl/xpm_fifo.sv:1879]
INFO: [Synth 8-6155] done synthesizing module 'xpm_counter_updn' (0#1) [C:/Xilinx/Vivado/2024.2/data/ip/xpm/xpm_fifo/hdl/xpm_fifo.sv:1879]
INFO: [Synth 8-6157] synthesizing module 'xpm_fifo_rst' [C:/Xilinx/Vivado/2024.2/data/ip/xpm/xpm_fifo/hdl/xpm_fifo.sv:1639]
INFO: [Synth 8-6155] done synthesizing module 'xpm_fifo_rst' (0#1) [C:/Xilinx/Vivado/2024.2/data/ip/xpm/xpm_fifo/hdl/xpm_fifo.sv:1639]
INFO: [Synth 8-6157] synthesizing module 'xpm_counter_updn__parameterized0' [C:/Xilinx/Vivado/2024.2/data/ip/xpm/xpm_fifo/hdl/xpm_fifo.sv:1879]
INFO: [Synth 8-6155] done synthesizing module 'xpm_counter_updn__parameterized0' (0#1) [C:/Xilinx/Vivado/2024.2/data/ip/xpm/xpm_fifo/hdl/xpm_fifo.sv:1879]
INFO: [Synth 8-6157] synthesizing module 'xpm_counter_updn__parameterized1' [C:/Xilinx/Vivado/2024.2/data/ip/xpm/xpm_fifo/hdl/xpm_fifo.sv:1879]
INFO: [Synth 8-6155] done synthesizing module 'xpm_counter_updn__parameterized1' (0#1) [C:/Xilinx/Vivado/2024.2/data/ip/xpm/xpm_fifo/hdl/xpm_fifo.sv:1879]
INFO: [Synth 8-6157] synthesizing module 'xpm_counter_updn__parameterized2' [C:/Xilinx/Vivado/2024.2/data/ip/xpm/xpm_fifo/hdl/xpm_fifo.sv:1879]
INFO: [Synth 8-6155] done synthesizing module 'xpm_counter_updn__parameterized2' (0#1) [C:/Xilinx/Vivado/2024.2/data/ip/xpm/xpm_fifo/hdl/xpm_fifo.sv:1879]
INFO: [Synth 8-6155] done synthesizing module 'xpm_fifo_base' (0#1) [C:/Xilinx/Vivado/2024.2/data/ip/xpm/xpm_fifo/hdl/xpm_fifo.sv:53]
INFO: [Synth 8-6155] done synthesizing module 'xpm_fifo_axis' (0#1) [C:/Xilinx/Vivado/2024.2/data/ip/xpm/xpm_fifo/hdl/xpm_fifo.sv:2373]
INFO: [Synth 8-6155] done synthesizing module 'axis_data_fifo_v2_0_15_top' (0#1) [c:/Users/marce/OneDrive/Dokumente/zynq_project/LVDS/DDR_LVDS_FABRIC/DDR_LVDS_FABRIC.gen/sources_1/bd/LVDS_to_AXIS/ipshared/2b6a/hdl/axis_data_fifo_v2_0_vl_rfs.v:53]
INFO: [Synth 8-6155] done synthesizing module 'LVDS_to_AXIS_axis_data_fifo_0_0' (0#1) [c:/Users/marce/OneDrive/Dokumente/zynq_project/LVDS/DDR_LVDS_FABRIC/DDR_LVDS_FABRIC.gen/sources_1/bd/LVDS_to_AXIS/ip/LVDS_to_AXIS_axis_data_fifo_0_0/synth/LVDS_to_AXIS_axis_data_fifo_0_0.v:53]
WARNING: [Synth 8-6014] Unused sequential element gen_rd_b.gen_doutb_pipe.enb_pipe_reg[0] was removed.  [C:/Xilinx/Vivado/2024.2/data/ip/xpm/xpm_memory/hdl/xpm_memory.sv:3077]
WARNING: [Synth 8-6014] Unused sequential element gdvld.data_valid_std_reg was removed.  [C:/Xilinx/Vivado/2024.2/data/ip/xpm/xpm_fifo/hdl/xpm_fifo.sv:550]
WARNING: [Synth 8-6014] Unused sequential element gen_fwft.empty_fwft_fb_reg was removed.  [C:/Xilinx/Vivado/2024.2/data/ip/xpm/xpm_fifo/hdl/xpm_fifo.sv:1404]
WARNING: [Synth 8-7129] Port ACLK in module axis_infrastructure_v1_1_1_util_aclken_converter_wrapper is either unconnected or has no load
WARNING: [Synth 8-7129] Port ARESETN in module axis_infrastructure_v1_1_1_util_aclken_converter_wrapper is either unconnected or has no load
WARNING: [Synth 8-7129] Port S_ACLKEN in module axis_infrastructure_v1_1_1_util_aclken_converter_wrapper is either unconnected or has no load
WARNING: [Synth 8-7129] Port M_ACLKEN in module axis_infrastructure_v1_1_1_util_aclken_converter_wrapper is either unconnected or has no load
WARNING: [Synth 8-7129] Port rd_clk in module xpm_fifo_rst is either unconnected or has no load
WARNING: [Synth 8-7129] Port sleep in module xpm_memory_base is either unconnected or has no load
WARNING: [Synth 8-7129] Port rsta in module xpm_memory_base is either unconnected or has no load
WARNING: [Synth 8-7129] Port regcea in module xpm_memory_base is either unconnected or has no load
WARNING: [Synth 8-7129] Port injectsbiterra in module xpm_memory_base is either unconnected or has no load
WARNING: [Synth 8-7129] Port injectdbiterra in module xpm_memory_base is either unconnected or has no load
WARNING: [Synth 8-7129] Port clkb in module xpm_memory_base is either unconnected or has no load
WARNING: [Synth 8-7129] Port dinb[83] in module xpm_memory_base is either unconnected or has no load
WARNING: [Synth 8-7129] Port dinb[82] in module xpm_memory_base is either unconnected or has no load
WARNING: [Synth 8-7129] Port dinb[81] in module xpm_memory_base is either unconnected or has no load
WARNING: [Synth 8-7129] Port dinb[80] in module xpm_memory_base is either unconnected or has no load
WARNING: [Synth 8-7129] Port dinb[79] in module xpm_memory_base is either unconnected or has no load
WARNING: [Synth 8-7129] Port dinb[78] in module xpm_memory_base is either unconnected or has no load
WARNING: [Synth 8-7129] Port dinb[77] in module xpm_memory_base is either unconnected or has no load
WARNING: [Synth 8-7129] Port dinb[76] in module xpm_memory_base is either unconnected or has no load
WARNING: [Synth 8-7129] Port dinb[75] in module xpm_memory_base is either unconnected or has no load
WARNING: [Synth 8-7129] Port dinb[74] in module xpm_memory_base is either unconnected or has no load
WARNING: [Synth 8-7129] Port dinb[73] in module xpm_memory_base is either unconnected or has no load
WARNING: [Synth 8-7129] Port dinb[72] in module xpm_memory_base is either unconnected or has no load
WARNING: [Synth 8-7129] Port dinb[71] in module xpm_memory_base is either unconnected or has no load
WARNING: [Synth 8-7129] Port dinb[70] in module xpm_memory_base is either unconnected or has no load
WARNING: [Synth 8-7129] Port dinb[69] in module xpm_memory_base is either unconnected or has no load
WARNING: [Synth 8-7129] Port dinb[68] in module xpm_memory_base is either unconnected or has no load
WARNING: [Synth 8-7129] Port dinb[67] in module xpm_memory_base is either unconnected or has no load
WARNING: [Synth 8-7129] Port dinb[66] in module xpm_memory_base is either unconnected or has no load
WARNING: [Synth 8-7129] Port dinb[65] in module xpm_memory_base is either unconnected or has no load
WARNING: [Synth 8-7129] Port dinb[64] in module xpm_memory_base is either unconnected or has no load
WARNING: [Synth 8-7129] Port dinb[63] in module xpm_memory_base is either unconnected or has no load
WARNING: [Synth 8-7129] Port dinb[62] in module xpm_memory_base is either unconnected or has no load
WARNING: [Synth 8-7129] Port dinb[61] in module xpm_memory_base is either unconnected or has no load
WARNING: [Synth 8-7129] Port dinb[60] in module xpm_memory_base is either unconnected or has no load
WARNING: [Synth 8-7129] Port dinb[59] in module xpm_memory_base is either unconnected or has no load
WARNING: [Synth 8-7129] Port dinb[58] in module xpm_memory_base is either unconnected or has no load
WARNING: [Synth 8-7129] Port dinb[57] in module xpm_memory_base is either unconnected or has no load
WARNING: [Synth 8-7129] Port dinb[56] in module xpm_memory_base is either unconnected or has no load
WARNING: [Synth 8-7129] Port dinb[55] in module xpm_memory_base is either unconnected or has no load
WARNING: [Synth 8-7129] Port dinb[54] in module xpm_memory_base is either unconnected or has no load
WARNING: [Synth 8-7129] Port dinb[53] in module xpm_memory_base is either unconnected or has no load
WARNING: [Synth 8-7129] Port dinb[52] in module xpm_memory_base is either unconnected or has no load
WARNING: [Synth 8-7129] Port dinb[51] in module xpm_memory_base is either unconnected or has no load
WARNING: [Synth 8-7129] Port dinb[50] in module xpm_memory_base is either unconnected or has no load
WARNING: [Synth 8-7129] Port dinb[49] in module xpm_memory_base is either unconnected or has no load
WARNING: [Synth 8-7129] Port dinb[48] in module xpm_memory_base is either unconnected or has no load
WARNING: [Synth 8-7129] Port dinb[47] in module xpm_memory_base is either unconnected or has no load
WARNING: [Synth 8-7129] Port dinb[46] in module xpm_memory_base is either unconnected or has no load
WARNING: [Synth 8-7129] Port dinb[45] in module xpm_memory_base is either unconnected or has no load
WARNING: [Synth 8-7129] Port dinb[44] in module xpm_memory_base is either unconnected or has no load
WARNING: [Synth 8-7129] Port dinb[43] in module xpm_memory_base is either unconnected or has no load
WARNING: [Synth 8-7129] Port dinb[42] in module xpm_memory_base is either unconnected or has no load
WARNING: [Synth 8-7129] Port dinb[41] in module xpm_memory_base is either unconnected or has no load
WARNING: [Synth 8-7129] Port dinb[40] in module xpm_memory_base is either unconnected or has no load
WARNING: [Synth 8-7129] Port dinb[39] in module xpm_memory_base is either unconnected or has no load
WARNING: [Synth 8-7129] Port dinb[38] in module xpm_memory_base is either unconnected or has no load
WARNING: [Synth 8-7129] Port dinb[37] in module xpm_memory_base is either unconnected or has no load
WARNING: [Synth 8-7129] Port dinb[36] in module xpm_memory_base is either unconnected or has no load
WARNING: [Synth 8-7129] Port dinb[35] in module xpm_memory_base is either unconnected or has no load
WARNING: [Synth 8-7129] Port dinb[34] in module xpm_memory_base is either unconnected or has no load
WARNING: [Synth 8-7129] Port dinb[33] in module xpm_memory_base is either unconnected or has no load
WARNING: [Synth 8-7129] Port dinb[32] in module xpm_memory_base is either unconnected or has no load
WARNING: [Synth 8-7129] Port dinb[31] in module xpm_memory_base is either unconnected or has no load
WARNING: [Synth 8-7129] Port dinb[30] in module xpm_memory_base is either unconnected or has no load
WARNING: [Synth 8-7129] Port dinb[29] in module xpm_memory_base is either unconnected or has no load
WARNING: [Synth 8-7129] Port dinb[28] in module xpm_memory_base is either unconnected or has no load
WARNING: [Synth 8-7129] Port dinb[27] in module xpm_memory_base is either unconnected or has no load
WARNING: [Synth 8-7129] Port dinb[26] in module xpm_memory_base is either unconnected or has no load
WARNING: [Synth 8-7129] Port dinb[25] in module xpm_memory_base is either unconnected or has no load
WARNING: [Synth 8-7129] Port dinb[24] in module xpm_memory_base is either unconnected or has no load
WARNING: [Synth 8-7129] Port dinb[23] in module xpm_memory_base is either unconnected or has no load
WARNING: [Synth 8-7129] Port dinb[22] in module xpm_memory_base is either unconnected or has no load
WARNING: [Synth 8-7129] Port dinb[21] in module xpm_memory_base is either unconnected or has no load
WARNING: [Synth 8-7129] Port dinb[20] in module xpm_memory_base is either unconnected or has no load
WARNING: [Synth 8-7129] Port dinb[19] in module xpm_memory_base is either unconnected or has no load
WARNING: [Synth 8-7129] Port dinb[18] in module xpm_memory_base is either unconnected or has no load
WARNING: [Synth 8-7129] Port dinb[17] in module xpm_memory_base is either unconnected or has no load
WARNING: [Synth 8-7129] Port dinb[16] in module xpm_memory_base is either unconnected or has no load
WARNING: [Synth 8-7129] Port dinb[15] in module xpm_memory_base is either unconnected or has no load
WARNING: [Synth 8-7129] Port dinb[14] in module xpm_memory_base is either unconnected or has no load
WARNING: [Synth 8-7129] Port dinb[13] in module xpm_memory_base is either unconnected or has no load
WARNING: [Synth 8-7129] Port dinb[12] in module xpm_memory_base is either unconnected or has no load
WARNING: [Synth 8-7129] Port dinb[11] in module xpm_memory_base is either unconnected or has no load
WARNING: [Synth 8-7129] Port dinb[10] in module xpm_memory_base is either unconnected or has no load
WARNING: [Synth 8-7129] Port dinb[9] in module xpm_memory_base is either unconnected or has no load
WARNING: [Synth 8-7129] Port dinb[8] in module xpm_memory_base is either unconnected or has no load
WARNING: [Synth 8-7129] Port dinb[7] in module xpm_memory_base is either unconnected or has no load
WARNING: [Synth 8-7129] Port dinb[6] in module xpm_memory_base is either unconnected or has no load
WARNING: [Synth 8-7129] Port dinb[5] in module xpm_memory_base is either unconnected or has no load
WARNING: [Synth 8-7129] Port dinb[4] in module xpm_memory_base is either unconnected or has no load
WARNING: [Synth 8-7129] Port dinb[3] in module xpm_memory_base is either unconnected or has no load
WARNING: [Synth 8-7129] Port dinb[2] in module xpm_memory_base is either unconnected or has no load
WARNING: [Synth 8-7129] Port dinb[1] in module xpm_memory_base is either unconnected or has no load
WARNING: [Synth 8-7129] Port dinb[0] in module xpm_memory_base is either unconnected or has no load
WARNING: [Synth 8-7129] Port injectsbiterrb in module xpm_memory_base is either unconnected or has no load
WARNING: [Synth 8-7129] Port injectdbiterrb in module xpm_memory_base is either unconnected or has no load
WARNING: [Synth 8-7129] Port m_aclk in module xpm_fifo_axis is either unconnected or has no load
WARNING: [Synth 8-7129] Port m_axis_aclk in module axis_data_fifo_v2_0_15_top is either unconnected or has no load
---------------------------------------------------------------------------------
Finished RTL Elaboration : Time (s): cpu = 00:00:11 ; elapsed = 00:00:11 . Memory (MB): peak = 1220.711 ; gain = 582.777
---------------------------------------------------------------------------------
---------------------------------------------------------------------------------
Start Handling Custom Attributes
---------------------------------------------------------------------------------
---------------------------------------------------------------------------------
Finished Handling Custom Attributes : Time (s): cpu = 00:00:11 ; elapsed = 00:00:11 . Memory (MB): peak = 1220.711 ; gain = 582.777
---------------------------------------------------------------------------------
---------------------------------------------------------------------------------
Finished RTL Optimization Phase 1 : Time (s): cpu = 00:00:11 ; elapsed = 00:00:11 . Memory (MB): peak = 1220.711 ; gain = 582.777
---------------------------------------------------------------------------------
Netlist sorting complete. Time (s): cpu = 00:00:00 ; elapsed = 00:00:00.018 . Memory (MB): peak = 1220.711 ; gain = 0.000
INFO: [Project 1-570] Preparing netlist for logic optimization

Processing XDC Constraints
Initializing timing engine
Parsing XDC File [c:/Users/marce/OneDrive/Dokumente/zynq_project/LVDS/DDR_LVDS_FABRIC/DDR_LVDS_FABRIC.gen/sources_1/bd/LVDS_to_AXIS/ip/LVDS_to_AXIS_axis_data_fifo_0_0/LVDS_to_AXIS_axis_data_fifo_0_0_ooc.xdc] for cell 'inst'
Finished Parsing XDC File [c:/Users/marce/OneDrive/Dokumente/zynq_project/LVDS/DDR_LVDS_FABRIC/DDR_LVDS_FABRIC.gen/sources_1/bd/LVDS_to_AXIS/ip/LVDS_to_AXIS_axis_data_fifo_0_0/LVDS_to_AXIS_axis_data_fifo_0_0_ooc.xdc] for cell 'inst'
Parsing XDC File [C:/Users/marce/OneDrive/Dokumente/zynq_project/LVDS/DDR_LVDS_FABRIC/DDR_LVDS_FABRIC.runs/LVDS_to_AXIS_axis_data_fifo_0_0_synth_1/dont_touch.xdc]
Finished Parsing XDC File [C:/Users/marce/OneDrive/Dokumente/zynq_project/LVDS/DDR_LVDS_FABRIC/DDR_LVDS_FABRIC.runs/LVDS_to_AXIS_axis_data_fifo_0_0_synth_1/dont_touch.xdc]
INFO: [Project 1-236] Implementation specific constraints were found while reading constraint file [C:/Xilinx/Vivado/2024.2/data/ip/xpm/xpm_fifo/tcl/xpm_fifo_rst_axis.tcl]. These constraints will be ignored for synthesis but will be used in implementation. Impacted constraints are listed in the file [.Xil/LVDS_to_AXIS_axis_data_fifo_0_0_propImpl.xdc].
Resolution: To avoid this warning, move constraints listed in [.Xil/LVDS_to_AXIS_axis_data_fifo_0_0_propImpl.xdc] to another XDC file and exclude this new file from synthesis with the used_in_synthesis property (File Properties dialog in GUI) and re-run elaboration/synthesis.
INFO: [Project 1-1714] 2 XPM XDC files have been applied to the design.
Completed Processing XDC Constraints

Netlist sorting complete. Time (s): cpu = 00:00:00 ; elapsed = 00:00:00.001 . Memory (MB): peak = 1304.590 ; gain = 0.000
INFO: [Project 1-111] Unisim Transformation Summary:
No Unisim elements were transformed.

Constraint Validation Runtime : Time (s): cpu = 00:00:00 ; elapsed = 00:00:00.033 . Memory (MB): peak = 1306.324 ; gain = 1.734
INFO: [Designutils 20-5008] Incremental synthesis strategy off
---------------------------------------------------------------------------------
Finished Constraint Validation : Time (s): cpu = 00:00:21 ; elapsed = 00:00:22 . Memory (MB): peak = 1306.324 ; gain = 668.391
---------------------------------------------------------------------------------
---------------------------------------------------------------------------------
Start Loading Part and Timing Information
---------------------------------------------------------------------------------
Loading part: xc7z020clg484-1
---------------------------------------------------------------------------------
Finished Loading Part and Timing Information : Time (s): cpu = 00:00:21 ; elapsed = 00:00:22 . Memory (MB): peak = 1306.324 ; gain = 668.391
---------------------------------------------------------------------------------
---------------------------------------------------------------------------------
Start Applying 'set_property' XDC Constraints
---------------------------------------------------------------------------------
Applied set_property KEEP_HIERARCHY = SOFT for inst. (constraint file  C:/Users/marce/OneDrive/Dokumente/zynq_project/LVDS/DDR_LVDS_FABRIC/DDR_LVDS_FABRIC.runs/LVDS_to_AXIS_axis_data_fifo_0_0_synth_1/dont_touch.xdc, line 9).
Applied set_property KEEP_HIERARCHY = SOFT for inst/\gen_fifo.xpm_fifo_axis_inst /\gaxis_rst_sync.xpm_cdc_sync_rst_inst . (constraint file  auto generated constraint).
Applied set_property KEEP_HIERARCHY = SOFT for inst/\gen_fifo.xpm_fifo_axis_inst . (constraint file  auto generated constraint).
---------------------------------------------------------------------------------
Finished applying 'set_property' XDC Constraints : Time (s): cpu = 00:00:21 ; elapsed = 00:00:22 . Memory (MB): peak = 1306.324 ; gain = 668.391
---------------------------------------------------------------------------------
INFO: [Synth 8-802] inferred FSM for state register 'gen_fwft.curr_fwft_state_reg' in module 'xpm_fifo_base'
---------------------------------------------------------------------------------------------------
                   State |                     New Encoding |                Previous Encoding 
---------------------------------------------------------------------------------------------------
                 invalid |                               00 |                               00
            stage1_valid |                               01 |                               10
       both_stages_valid |                               10 |                               11
            stage2_valid |                               11 |                               01
---------------------------------------------------------------------------------------------------
INFO: [Synth 8-3354] encoded FSM with state register 'gen_fwft.curr_fwft_state_reg' using encoding 'sequential' in module 'xpm_fifo_base'
---------------------------------------------------------------------------------
Finished RTL Optimization Phase 2 : Time (s): cpu = 00:00:22 ; elapsed = 00:00:23 . Memory (MB): peak = 1306.324 ; gain = 668.391
---------------------------------------------------------------------------------
---------------------------------------------------------------------------------
Start RTL Component Statistics 
---------------------------------------------------------------------------------
Detailed RTL Component Info : 
+---Adders : 
	   4 Input   11 Bit       Adders := 4     
	   2 Input   11 Bit       Adders := 1     
	   4 Input   10 Bit       Adders := 3     
	   4 Input    2 Bit       Adders := 1     
+---Registers : 
	               84 Bit    Registers := 2     
	               11 Bit    Registers := 5     
	               10 Bit    Registers := 3     
	                4 Bit    Registers := 1     
	                3 Bit    Registers := 1     
	                2 Bit    Registers := 2     
	                1 Bit    Registers := 13    
+---RAMs : 
	              84K Bit	(1024 X 84 bit)          RAMs := 1     
+---Muxes : 
	   2 Input    2 Bit        Muxes := 31    
	   4 Input    2 Bit        Muxes := 7     
	   4 Input    1 Bit        Muxes := 2     
	   2 Input    1 Bit        Muxes := 6     
---------------------------------------------------------------------------------
Finished RTL Component Statistics 
---------------------------------------------------------------------------------
---------------------------------------------------------------------------------
Start Part Resource Summary
---------------------------------------------------------------------------------
Part Resources:
DSPs: 220 (col length:60)
BRAMs: 280 (col length: RAMB18 60 RAMB36 30)
---------------------------------------------------------------------------------
Finished Part Resource Summary
---------------------------------------------------------------------------------
---------------------------------------------------------------------------------
Start Cross Boundary and Area Optimization
---------------------------------------------------------------------------------
WARNING: [Synth 8-7080] Parallel synthesis criteria is not met
WARNING: [Synth 8-7129] Port rsta in module xpm_memory_base is either unconnected or has no load
INFO: [Common 17-14] Message 'Synth 8-7129' appears 100 times and further instances of the messages will be disabled. Use the Tcl command set_msg_config to change the current settings.
INFO: [Synth 8-5784] Optimized 19 bits of RAM "gen_wr_a.gen_word_narrow.mem_reg" due to constant propagation. Old ram width 84 bits, new ram width 65 bits.
---------------------------------------------------------------------------------
Finished Cross Boundary and Area Optimization : Time (s): cpu = 00:00:24 ; elapsed = 00:00:25 . Memory (MB): peak = 1306.324 ; gain = 668.391
---------------------------------------------------------------------------------
---------------------------------------------------------------------------------
Start ROM, RAM, DSP, Shift Register and Retiming Reporting
---------------------------------------------------------------------------------

Block RAM: Preliminary Mapping Report (see note below)
+----------------------------------------------------------------------------------------+----------------------------------+------------------------+---+---+------------------------+---+---+------------------+--------+--------+
|Module Name                                                                             | RTL Object                       | PORT A (Depth x Width) | W | R | PORT B (Depth x Width) | W | R | Ports driving FF | RAMB18 | RAMB36 | 
+----------------------------------------------------------------------------------------+----------------------------------+------------------------+---+---+------------------------+---+---+------------------+--------+--------+
|inst/\gen_fifo.xpm_fifo_axis_inst /xpm_fifo_base_inst/\gen_sdpram.xpm_memory_base_inst  | gen_wr_a.gen_word_narrow.mem_reg | 1 K x 84(READ_FIRST)   | W |   | 1 K x 84(WRITE_FIRST)  |   | R | Port A and B     | 0      | 2      | 
+----------------------------------------------------------------------------------------+----------------------------------+------------------------+---+---+------------------------+---+---+------------------+--------+--------+

Note: The table above is a preliminary report that shows the Block RAMs at the current stage of the synthesis flow. Some Block RAMs may be reimplemented as non Block RAM primitives later in the synthesis flow. Multiple instantiated Block RAMs are reported only once. 
---------------------------------------------------------------------------------
Finished ROM, RAM, DSP, Shift Register and Retiming Reporting
---------------------------------------------------------------------------------
---------------------------------------------------------------------------------
Start Applying XDC Timing Constraints
---------------------------------------------------------------------------------
WARNING: [Synth 8-681] value '20000000000.0ps' out of range, cropping to '214748368.0ps' [c:/Users/marce/OneDrive/Dokumente/zynq_project/LVDS/DDR_LVDS_FABRIC/DDR_LVDS_FABRIC.gen/sources_1/bd/LVDS_to_AXIS/ip/LVDS_to_AXIS_axis_data_fifo_0_0/LVDS_to_AXIS_axis_data_fifo_0_0_ooc.xdc:55]
WARNING: [Synth 8-681] value '10000000000.0ps' out of range, cropping to '214748368.0ps' [c:/Users/marce/OneDrive/Dokumente/zynq_project/LVDS/DDR_LVDS_FABRIC/DDR_LVDS_FABRIC.gen/sources_1/bd/LVDS_to_AXIS/ip/LVDS_to_AXIS_axis_data_fifo_0_0/LVDS_to_AXIS_axis_data_fifo_0_0_ooc.xdc:55]
WARNING: [Synth 8-681] value '20000000000.0ps' out of range, cropping to '214748368.0ps' [c:/Users/marce/OneDrive/Dokumente/zynq_project/LVDS/DDR_LVDS_FABRIC/DDR_LVDS_FABRIC.gen/sources_1/bd/LVDS_to_AXIS/ip/LVDS_to_AXIS_axis_data_fifo_0_0/LVDS_to_AXIS_axis_data_fifo_0_0_ooc.xdc:55]
WARNING: [Synth 8-681] value '10000000000.0ps' out of range, cropping to '214748368.0ps' [c:/Users/marce/OneDrive/Dokumente/zynq_project/LVDS/DDR_LVDS_FABRIC/DDR_LVDS_FABRIC.gen/sources_1/bd/LVDS_to_AXIS/ip/LVDS_to_AXIS_axis_data_fifo_0_0/LVDS_to_AXIS_axis_data_fifo_0_0_ooc.xdc:55]
---------------------------------------------------------------------------------
Finished Applying XDC Timing Constraints : Time (s): cpu = 00:00:32 ; elapsed = 00:00:34 . Memory (MB): peak = 1415.117 ; gain = 777.184
---------------------------------------------------------------------------------
---------------------------------------------------------------------------------
Start Timing Optimization
---------------------------------------------------------------------------------
---------------------------------------------------------------------------------
Finished Timing Optimization : Time (s): cpu = 00:00:32 ; elapsed = 00:00:34 . Memory (MB): peak = 1416.000 ; gain = 778.066
---------------------------------------------------------------------------------
---------------------------------------------------------------------------------
Start ROM, RAM, DSP, Shift Register and Retiming Reporting
---------------------------------------------------------------------------------

Block RAM: Final Mapping Report
+----------------------------------------------------------------------------------------+----------------------------------+------------------------+---+---+------------------------+---+---+------------------+--------+--------+
|Module Name                                                                             | RTL Object                       | PORT A (Depth x Width) | W | R | PORT B (Depth x Width) | W | R | Ports driving FF | RAMB18 | RAMB36 | 
+----------------------------------------------------------------------------------------+----------------------------------+------------------------+---+---+------------------------+---+---+------------------+--------+--------+
|inst/\gen_fifo.xpm_fifo_axis_inst /xpm_fifo_base_inst/\gen_sdpram.xpm_memory_base_inst  | gen_wr_a.gen_word_narrow.mem_reg | 1 K x 84(READ_FIRST)   | W |   | 1 K x 84(WRITE_FIRST)  |   | R | Port A and B     | 0      | 2      | 
+----------------------------------------------------------------------------------------+----------------------------------+------------------------+---+---+------------------------+---+---+------------------+--------+--------+

---------------------------------------------------------------------------------
Finished ROM, RAM, DSP, Shift Register and Retiming Reporting
---------------------------------------------------------------------------------
---------------------------------------------------------------------------------
Start Technology Mapping
---------------------------------------------------------------------------------
---------------------------------------------------------------------------------
Finished Technology Mapping : Time (s): cpu = 00:00:32 ; elapsed = 00:00:34 . Memory (MB): peak = 1426.820 ; gain = 788.887
---------------------------------------------------------------------------------
---------------------------------------------------------------------------------
Start IO Insertion
---------------------------------------------------------------------------------
---------------------------------------------------------------------------------
Start Flattening Before IO Insertion
---------------------------------------------------------------------------------
---------------------------------------------------------------------------------
Finished Flattening Before IO Insertion
---------------------------------------------------------------------------------
---------------------------------------------------------------------------------
Start Final Netlist Cleanup
---------------------------------------------------------------------------------
---------------------------------------------------------------------------------
Finished Final Netlist Cleanup
---------------------------------------------------------------------------------
---------------------------------------------------------------------------------
Finished IO Insertion : Time (s): cpu = 00:00:39 ; elapsed = 00:00:41 . Memory (MB): peak = 1642.535 ; gain = 1004.602
---------------------------------------------------------------------------------
---------------------------------------------------------------------------------
Start Renaming Generated Instances
---------------------------------------------------------------------------------
---------------------------------------------------------------------------------
Finished Renaming Generated Instances : Time (s): cpu = 00:00:39 ; elapsed = 00:00:41 . Memory (MB): peak = 1642.535 ; gain = 1004.602
---------------------------------------------------------------------------------
---------------------------------------------------------------------------------
Start Rebuilding User Hierarchy
---------------------------------------------------------------------------------
---------------------------------------------------------------------------------
Finished Rebuilding User Hierarchy : Time (s): cpu = 00:00:39 ; elapsed = 00:00:41 . Memory (MB): peak = 1642.535 ; gain = 1004.602
---------------------------------------------------------------------------------
---------------------------------------------------------------------------------
Start Renaming Generated Ports
---------------------------------------------------------------------------------
---------------------------------------------------------------------------------
Finished Renaming Generated Ports : Time (s): cpu = 00:00:39 ; elapsed = 00:00:41 . Memory (MB): peak = 1642.535 ; gain = 1004.602
---------------------------------------------------------------------------------
---------------------------------------------------------------------------------
Start Handling Custom Attributes
---------------------------------------------------------------------------------
---------------------------------------------------------------------------------
Finished Handling Custom Attributes : Time (s): cpu = 00:00:39 ; elapsed = 00:00:41 . Memory (MB): peak = 1642.535 ; gain = 1004.602
---------------------------------------------------------------------------------
---------------------------------------------------------------------------------
Start Renaming Generated Nets
---------------------------------------------------------------------------------
---------------------------------------------------------------------------------
Finished Renaming Generated Nets : Time (s): cpu = 00:00:39 ; elapsed = 00:00:41 . Memory (MB): peak = 1642.535 ; gain = 1004.602
---------------------------------------------------------------------------------
---------------------------------------------------------------------------------
Start Writing Synthesis Report
---------------------------------------------------------------------------------

Report BlackBoxes: 
+-+--------------+----------+
| |BlackBox name |Instances |
+-+--------------+----------+
+-+--------------+----------+

Report Cell Usage: 
+------+---------+------+
|      |Cell     |Count |
+------+---------+------+
|1     |CARRY4   |    15|
|2     |LUT1     |     2|
|3     |LUT2     |    24|
|4     |LUT3     |     7|
|5     |LUT4     |    20|
|6     |LUT5     |    14|
|7     |LUT6     |    23|
|8     |RAMB36E1 |     2|
|9     |FDRE     |    87|
|10    |FDSE     |     9|
+------+---------+------+
---------------------------------------------------------------------------------
Finished Writing Synthesis Report : Time (s): cpu = 00:00:39 ; elapsed = 00:00:41 . Memory (MB): peak = 1642.535 ; gain = 1004.602
---------------------------------------------------------------------------------
Synthesis finished with 0 errors, 0 critical warnings and 119 warnings.
Synthesis Optimization Runtime : Time (s): cpu = 00:00:26 ; elapsed = 00:00:38 . Memory (MB): peak = 1642.535 ; gain = 918.988
Synthesis Optimization Complete : Time (s): cpu = 00:00:39 ; elapsed = 00:00:41 . Memory (MB): peak = 1642.535 ; gain = 1004.602
INFO: [Project 1-571] Translating synthesized netlist
Netlist sorting complete. Time (s): cpu = 00:00:00 ; elapsed = 00:00:00.009 . Memory (MB): peak = 1651.629 ; gain = 0.000
INFO: [Netlist 29-17] Analyzing 17 Unisim elements for replacement
INFO: [Netlist 29-28] Unisim Transformation completed in 0 CPU seconds
INFO: [Project 1-570] Preparing netlist for logic optimization
INFO: [Opt 31-138] Pushed 0 inverter(s) to 0 load pin(s).
Netlist sorting complete. Time (s): cpu = 00:00:00 ; elapsed = 00:00:00 . Memory (MB): peak = 1655.293 ; gain = 0.000
INFO: [Project 1-111] Unisim Transformation Summary:
No Unisim elements were transformed.

Synth Design complete | Checksum: 583dcbd2
INFO: [Common 17-83] Releasing license: Synthesis
61 Infos, 116 Warnings, 0 Critical Warnings and 0 Errors encountered.
synth_design completed successfully
synth_design: Time (s): cpu = 00:00:46 ; elapsed = 00:00:49 . Memory (MB): peak = 1655.293 ; gain = 1246.426
Write ShapeDB Complete: Time (s): cpu = 00:00:00 ; elapsed = 00:00:00.003 . Memory (MB): peak = 1655.293 ; gain = 0.000
INFO: [Common 17-1381] The checkpoint 'C:/Users/marce/OneDrive/Dokumente/zynq_project/LVDS/DDR_LVDS_FABRIC/DDR_LVDS_FABRIC.runs/LVDS_to_AXIS_axis_data_fifo_0_0_synth_1/LVDS_to_AXIS_axis_data_fifo_0_0.dcp' has been generated.
INFO: [Coretcl 2-1648] Added synthesis output to IP cache for IP LVDS_to_AXIS_axis_data_fifo_0_0, cache-ID = 297c38fde8a2ade7
INFO: [Coretcl 2-1174] Renamed 12 cell refs.
Write ShapeDB Complete: Time (s): cpu = 00:00:00 ; elapsed = 00:00:00.005 . Memory (MB): peak = 1655.293 ; gain = 0.000
INFO: [Common 17-1381] The checkpoint 'C:/Users/marce/OneDrive/Dokumente/zynq_project/LVDS/DDR_LVDS_FABRIC/DDR_LVDS_FABRIC.runs/LVDS_to_AXIS_axis_data_fifo_0_0_synth_1/LVDS_to_AXIS_axis_data_fifo_0_0.dcp' has been generated.
INFO: [Vivado 12-24828] Executing command : report_utilization -file LVDS_to_AXIS_axis_data_fifo_0_0_utilization_synth.rpt -pb LVDS_to_AXIS_axis_data_fifo_0_0_utilization_synth.pb
INFO: [Common 17-206] Exiting Vivado at Mon Oct 13 14:36:58 2025...

*** Running vivado
    with args -log LVDS_to_AXIS_axis_data_fifo_0_0.vds -m64 -product Vivado -mode batch -messageDb vivado.pb -notrace -source LVDS_to_AXIS_axis_data_fifo_0_0.tcl



****** Vivado v2024.2 (64-bit)
  **** SW Build 5239630 on Fri Nov 08 22:35:27 MST 2024
  **** IP Build 5239520 on Sun Nov 10 16:12:51 MST 2024
  **** SharedData Build 5239561 on Fri Nov 08 14:39:27 MST 2024
  **** Start of session at: Fri Oct 17 13:01:57 2025
    ** Copyright 1986-2022 Xilinx, Inc. All Rights Reserved.
    ** Copyright 2022-2024 Advanced Micro Devices, Inc. All Rights Reserved.

source LVDS_to_AXIS_axis_data_fifo_0_0.tcl -notrace
WARNING: [Common 17-1361] You have specified a new message control rule that is equivalent to an existing rule with attributes ' -id {17-179}  -suppress '. The existing rule will be replaced.
WARNING: [Common 17-1361] You have specified a new message control rule that is equivalent to an existing rule with attributes ' -id {17-179}  -suppress '. The existing rule will be replaced.
WARNING: [Common 17-1361] You have specified a new message control rule that is equivalent to an existing rule with attributes ' -id {17-179}  -suppress '. The existing rule will be replaced.
WARNING: [Common 17-1361] You have specified a new message control rule that is equivalent to an existing rule with attributes ' -id {17-179}  -suppress '. The existing rule will be replaced.
INFO: [IP_Flow 19-234] Refreshing IP repositories
INFO: [IP_Flow 19-1700] Loaded user IP repository 'c:/Users/marce/AppData/Roaming/Xilinx/ip_repo'.
INFO: [IP_Flow 19-1700] Loaded user IP repository 'c:/Users/marce/OneDrive/Dokumente/zynq_project/LVDS/IP'.
INFO: [IP_Flow 19-1700] Loaded user IP repository 'c:/Users/marce/OneDrive/Dokumente/zynq_project/LVDS/LVDS_to_AXIS/IP'.
WARNING: [IP_Flow 19-3685] Ignored loading user repository 'c:/Users/marce/OneDrive/Dokumente/zynq_project/LVDS/IP/DDR_Fabric'. The path is contained within another repository.
INFO: [IP_Flow 19-2313] Loaded Vivado IP repository 'C:/Xilinx/Vivado/2024.2/data/ip'.
WARNING: [IP_Flow 19-1663] Duplicate IP found for 'xilinx.com:user:LVDS_to_AXIS:1.0'. The one found in IP location 'c:/Users/marce/OneDrive/Dokumente/zynq_project/LVDS/LVDS_to_AXIS/IP' will take precedence over the same IP in location c:/Users/marce/AppData/Roaming/Xilinx/ip_repo
WARNING: [IP_Flow 19-4995] The host OS only allows 260 characters in a normal path. The IP cache path is more than 80 characters. If you experience issues with IP caching, please consider changing the IP cache to a location with a shorter path. Alternately consider using the OS subst command to map part of the path to a drive letter. 
Current IP cache path is c:/Users/marce/OneDrive/Dokumente/zynq_project/LVDS/DDR_LVDS_FABRIC/DDR_LVDS_FABRIC.cache/ip 
INFO: [IP_Flow 19-6924] IPCACHE: Running cache check for IP inst: LVDS_to_AXIS_axis_data_fifo_0_0
Command: synth_design -top LVDS_to_AXIS_axis_data_fifo_0_0 -part xc7z020clg484-1 -incremental_mode off -mode out_of_context
Starting synth_design
Attempting to get a license for feature 'Synthesis' and/or device 'xc7z020'
INFO: [Common 17-349] Got license for feature 'Synthesis' and/or device 'xc7z020'
INFO: [Device 21-403] Loading part xc7z020clg484-1
INFO: [Synth 8-7079] Multithreading enabled for synth_design using a maximum of 2 processes.
INFO: [Synth 8-7078] Launching helper process for spawning children vivado processes
WARNING: [Common 17-1361] You have specified a new message control rule that is equivalent to an existing rule with attributes ' -id {17-179}  -suppress '. The existing rule will be replaced.
INFO: [Synth 8-7075] Helper process launched with PID 3356
---------------------------------------------------------------------------------
Starting RTL Elaboration : Time (s): cpu = 00:00:11 ; elapsed = 00:00:12 . Memory (MB): peak = 1108.387 ; gain = 468.840
---------------------------------------------------------------------------------
INFO: [Synth 8-6157] synthesizing module 'LVDS_to_AXIS_axis_data_fifo_0_0' [c:/Users/marce/OneDrive/Dokumente/zynq_project/LVDS/DDR_LVDS_FABRIC/DDR_LVDS_FABRIC.gen/sources_1/bd/LVDS_to_AXIS/ip/LVDS_to_AXIS_axis_data_fifo_0_0/synth/LVDS_to_AXIS_axis_data_fifo_0_0.v:53]
INFO: [Synth 8-6157] synthesizing module 'axis_data_fifo_v2_0_15_top' [c:/Users/marce/OneDrive/Dokumente/zynq_project/LVDS/DDR_LVDS_FABRIC/DDR_LVDS_FABRIC.gen/sources_1/bd/LVDS_to_AXIS/ipshared/2b6a/hdl/axis_data_fifo_v2_0_vl_rfs.v:53]
INFO: [Synth 8-6157] synthesizing module 'axis_infrastructure_v1_1_1_util_aclken_converter_wrapper' [c:/Users/marce/OneDrive/Dokumente/zynq_project/LVDS/DDR_LVDS_FABRIC/DDR_LVDS_FABRIC.gen/sources_1/bd/LVDS_to_AXIS/ipshared/434f/hdl/axis_infrastructure_v1_1_vl_rfs.v:596]
INFO: [Synth 8-6157] synthesizing module 'axis_infrastructure_v1_1_1_util_axis2vector' [c:/Users/marce/OneDrive/Dokumente/zynq_project/LVDS/DDR_LVDS_FABRIC/DDR_LVDS_FABRIC.gen/sources_1/bd/LVDS_to_AXIS/ipshared/434f/hdl/axis_infrastructure_v1_1_vl_rfs.v:805]
INFO: [Synth 8-6155] done synthesizing module 'axis_infrastructure_v1_1_1_util_axis2vector' (0#1) [c:/Users/marce/OneDrive/Dokumente/zynq_project/LVDS/DDR_LVDS_FABRIC/DDR_LVDS_FABRIC.gen/sources_1/bd/LVDS_to_AXIS/ipshared/434f/hdl/axis_infrastructure_v1_1_vl_rfs.v:805]
INFO: [Synth 8-6157] synthesizing module 'axis_infrastructure_v1_1_1_util_vector2axis' [c:/Users/marce/OneDrive/Dokumente/zynq_project/LVDS/DDR_LVDS_FABRIC/DDR_LVDS_FABRIC.gen/sources_1/bd/LVDS_to_AXIS/ipshared/434f/hdl/axis_infrastructure_v1_1_vl_rfs.v:986]
INFO: [Synth 8-6155] done synthesizing module 'axis_infrastructure_v1_1_1_util_vector2axis' (0#1) [c:/Users/marce/OneDrive/Dokumente/zynq_project/LVDS/DDR_LVDS_FABRIC/DDR_LVDS_FABRIC.gen/sources_1/bd/LVDS_to_AXIS/ipshared/434f/hdl/axis_infrastructure_v1_1_vl_rfs.v:986]
INFO: [Synth 8-6155] done synthesizing module 'axis_infrastructure_v1_1_1_util_aclken_converter_wrapper' (0#1) [c:/Users/marce/OneDrive/Dokumente/zynq_project/LVDS/DDR_LVDS_FABRIC/DDR_LVDS_FABRIC.gen/sources_1/bd/LVDS_to_AXIS/ipshared/434f/hdl/axis_infrastructure_v1_1_vl_rfs.v:596]
INFO: [Synth 8-6157] synthesizing module 'xpm_fifo_axis' [C:/Xilinx/Vivado/2024.2/data/ip/xpm/xpm_fifo/hdl/xpm_fifo.sv:2373]
INFO: [Synth 8-6157] synthesizing module 'xpm_cdc_sync_rst' [C:/Xilinx/Vivado/2024.2/data/ip/xpm/xpm_cdc/hdl/xpm_cdc.sv:1059]
INFO: [Synth 8-6155] done synthesizing module 'xpm_cdc_sync_rst' (0#1) [C:/Xilinx/Vivado/2024.2/data/ip/xpm/xpm_cdc/hdl/xpm_cdc.sv:1059]
INFO: [Synth 8-6157] synthesizing module 'xpm_fifo_base' [C:/Xilinx/Vivado/2024.2/data/ip/xpm/xpm_fifo/hdl/xpm_fifo.sv:53]
INFO: [Synth 8-6157] synthesizing module 'xpm_memory_base' [C:/Xilinx/Vivado/2024.2/data/ip/xpm/xpm_memory/hdl/xpm_memory.sv:54]
INFO: [Synth 8-6059] Synth Info: [XPM_MEMORY 20-1] MEMORY_PRIMITIVE (0) instructs Vivado Synthesis to choose the memory primitive type. Depending on their values, other XPM_MEMORY parameters may preclude the choice of certain memory primitive types. Review XPM_MEMORY documentation and parameter values to understand any limitations, or set MEMORY_PRIMITIVE to a different value.   [C:/Xilinx/Vivado/2024.2/data/ip/xpm/xpm_memory/hdl/xpm_memory.sv:514]
INFO: [Synth 8-6155] done synthesizing module 'xpm_memory_base' (0#1) [C:/Xilinx/Vivado/2024.2/data/ip/xpm/xpm_memory/hdl/xpm_memory.sv:54]
INFO: [Synth 8-6157] synthesizing module 'xpm_cdc_gray' [C:/Xilinx/Vivado/2024.2/data/ip/xpm/xpm_cdc/hdl/xpm_cdc.sv:283]
INFO: [Synth 8-6155] done synthesizing module 'xpm_cdc_gray' (0#1) [C:/Xilinx/Vivado/2024.2/data/ip/xpm/xpm_cdc/hdl/xpm_cdc.sv:283]
INFO: [Synth 8-6157] synthesizing module 'xpm_fifo_reg_vec' [C:/Xilinx/Vivado/2024.2/data/ip/xpm/xpm_fifo/hdl/xpm_fifo.sv:1905]
INFO: [Synth 8-6155] done synthesizing module 'xpm_fifo_reg_vec' (0#1) [C:/Xilinx/Vivado/2024.2/data/ip/xpm/xpm_fifo/hdl/xpm_fifo.sv:1905]
INFO: [Synth 8-6157] synthesizing module 'xpm_cdc_gray__parameterized0' [C:/Xilinx/Vivado/2024.2/data/ip/xpm/xpm_cdc/hdl/xpm_cdc.sv:283]
INFO: [Synth 8-6155] done synthesizing module 'xpm_cdc_gray__parameterized0' (0#1) [C:/Xilinx/Vivado/2024.2/data/ip/xpm/xpm_cdc/hdl/xpm_cdc.sv:283]
INFO: [Synth 8-6157] synthesizing module 'xpm_fifo_reg_vec__parameterized0' [C:/Xilinx/Vivado/2024.2/data/ip/xpm/xpm_fifo/hdl/xpm_fifo.sv:1905]
INFO: [Synth 8-6155] done synthesizing module 'xpm_fifo_reg_vec__parameterized0' (0#1) [C:/Xilinx/Vivado/2024.2/data/ip/xpm/xpm_fifo/hdl/xpm_fifo.sv:1905]
INFO: [Synth 8-6157] synthesizing module 'xpm_cdc_gray__parameterized1' [C:/Xilinx/Vivado/2024.2/data/ip/xpm/xpm_cdc/hdl/xpm_cdc.sv:283]
INFO: [Synth 8-6155] done synthesizing module 'xpm_cdc_gray__parameterized1' (0#1) [C:/Xilinx/Vivado/2024.2/data/ip/xpm/xpm_cdc/hdl/xpm_cdc.sv:283]
INFO: [Synth 8-226] default block is never used [C:/Xilinx/Vivado/2024.2/data/ip/xpm/xpm_fifo/hdl/xpm_fifo.sv:1220]
INFO: [Synth 8-226] default block is never used [C:/Xilinx/Vivado/2024.2/data/ip/xpm/xpm_fifo/hdl/xpm_fifo.sv:1287]
INFO: [Synth 8-226] default block is never used [C:/Xilinx/Vivado/2024.2/data/ip/xpm/xpm_fifo/hdl/xpm_fifo.sv:1309]
INFO: [Synth 8-6157] synthesizing module 'xpm_fifo_reg_bit' [C:/Xilinx/Vivado/2024.2/data/ip/xpm/xpm_fifo/hdl/xpm_fifo.sv:1927]
INFO: [Synth 8-6155] done synthesizing module 'xpm_fifo_reg_bit' (0#1) [C:/Xilinx/Vivado/2024.2/data/ip/xpm/xpm_fifo/hdl/xpm_fifo.sv:1927]
INFO: [Synth 8-6157] synthesizing module 'xpm_counter_updn' [C:/Xilinx/Vivado/2024.2/data/ip/xpm/xpm_fifo/hdl/xpm_fifo.sv:1879]
INFO: [Synth 8-6155] done synthesizing module 'xpm_counter_updn' (0#1) [C:/Xilinx/Vivado/2024.2/data/ip/xpm/xpm_fifo/hdl/xpm_fifo.sv:1879]
INFO: [Synth 8-6157] synthesizing module 'xpm_fifo_rst' [C:/Xilinx/Vivado/2024.2/data/ip/xpm/xpm_fifo/hdl/xpm_fifo.sv:1639]
INFO: [Synth 8-6155] done synthesizing module 'xpm_fifo_rst' (0#1) [C:/Xilinx/Vivado/2024.2/data/ip/xpm/xpm_fifo/hdl/xpm_fifo.sv:1639]
INFO: [Synth 8-6157] synthesizing module 'xpm_counter_updn__parameterized0' [C:/Xilinx/Vivado/2024.2/data/ip/xpm/xpm_fifo/hdl/xpm_fifo.sv:1879]
INFO: [Synth 8-6155] done synthesizing module 'xpm_counter_updn__parameterized0' (0#1) [C:/Xilinx/Vivado/2024.2/data/ip/xpm/xpm_fifo/hdl/xpm_fifo.sv:1879]
INFO: [Synth 8-6157] synthesizing module 'xpm_counter_updn__parameterized1' [C:/Xilinx/Vivado/2024.2/data/ip/xpm/xpm_fifo/hdl/xpm_fifo.sv:1879]
INFO: [Synth 8-6155] done synthesizing module 'xpm_counter_updn__parameterized1' (0#1) [C:/Xilinx/Vivado/2024.2/data/ip/xpm/xpm_fifo/hdl/xpm_fifo.sv:1879]
INFO: [Synth 8-6157] synthesizing module 'xpm_counter_updn__parameterized2' [C:/Xilinx/Vivado/2024.2/data/ip/xpm/xpm_fifo/hdl/xpm_fifo.sv:1879]
INFO: [Synth 8-6155] done synthesizing module 'xpm_counter_updn__parameterized2' (0#1) [C:/Xilinx/Vivado/2024.2/data/ip/xpm/xpm_fifo/hdl/xpm_fifo.sv:1879]
INFO: [Synth 8-6155] done synthesizing module 'xpm_fifo_base' (0#1) [C:/Xilinx/Vivado/2024.2/data/ip/xpm/xpm_fifo/hdl/xpm_fifo.sv:53]
INFO: [Synth 8-6155] done synthesizing module 'xpm_fifo_axis' (0#1) [C:/Xilinx/Vivado/2024.2/data/ip/xpm/xpm_fifo/hdl/xpm_fifo.sv:2373]
INFO: [Synth 8-6155] done synthesizing module 'axis_data_fifo_v2_0_15_top' (0#1) [c:/Users/marce/OneDrive/Dokumente/zynq_project/LVDS/DDR_LVDS_FABRIC/DDR_LVDS_FABRIC.gen/sources_1/bd/LVDS_to_AXIS/ipshared/2b6a/hdl/axis_data_fifo_v2_0_vl_rfs.v:53]
INFO: [Synth 8-6155] done synthesizing module 'LVDS_to_AXIS_axis_data_fifo_0_0' (0#1) [c:/Users/marce/OneDrive/Dokumente/zynq_project/LVDS/DDR_LVDS_FABRIC/DDR_LVDS_FABRIC.gen/sources_1/bd/LVDS_to_AXIS/ip/LVDS_to_AXIS_axis_data_fifo_0_0/synth/LVDS_to_AXIS_axis_data_fifo_0_0.v:53]
WARNING: [Synth 8-6014] Unused sequential element gen_rd_b.gen_doutb_pipe.enb_pipe_reg[0] was removed.  [C:/Xilinx/Vivado/2024.2/data/ip/xpm/xpm_memory/hdl/xpm_memory.sv:3077]
WARNING: [Synth 8-6014] Unused sequential element dest_out_bin_ff_reg was removed.  [C:/Xilinx/Vivado/2024.2/data/ip/xpm/xpm_cdc/hdl/xpm_cdc.sv:417]
WARNING: [Synth 8-6014] Unused sequential element dest_out_bin_ff_reg was removed.  [C:/Xilinx/Vivado/2024.2/data/ip/xpm/xpm_cdc/hdl/xpm_cdc.sv:417]
WARNING: [Synth 8-6014] Unused sequential element dest_out_bin_ff_reg was removed.  [C:/Xilinx/Vivado/2024.2/data/ip/xpm/xpm_cdc/hdl/xpm_cdc.sv:417]
WARNING: [Synth 8-6014] Unused sequential element gdvld.data_valid_std_reg was removed.  [C:/Xilinx/Vivado/2024.2/data/ip/xpm/xpm_fifo/hdl/xpm_fifo.sv:550]
WARNING: [Synth 8-6014] Unused sequential element gen_fwft.empty_fwft_fb_reg was removed.  [C:/Xilinx/Vivado/2024.2/data/ip/xpm/xpm_fifo/hdl/xpm_fifo.sv:1404]
WARNING: [Synth 8-7129] Port ACLK in module axis_infrastructure_v1_1_1_util_aclken_converter_wrapper is either unconnected or has no load
WARNING: [Synth 8-7129] Port ARESETN in module axis_infrastructure_v1_1_1_util_aclken_converter_wrapper is either unconnected or has no load
WARNING: [Synth 8-7129] Port S_ACLKEN in module axis_infrastructure_v1_1_1_util_aclken_converter_wrapper is either unconnected or has no load
WARNING: [Synth 8-7129] Port M_ACLKEN in module axis_infrastructure_v1_1_1_util_aclken_converter_wrapper is either unconnected or has no load
WARNING: [Synth 8-7129] Port sleep in module xpm_memory_base is either unconnected or has no load
WARNING: [Synth 8-7129] Port rsta in module xpm_memory_base is either unconnected or has no load
WARNING: [Synth 8-7129] Port regcea in module xpm_memory_base is either unconnected or has no load
WARNING: [Synth 8-7129] Port injectsbiterra in module xpm_memory_base is either unconnected or has no load
WARNING: [Synth 8-7129] Port injectdbiterra in module xpm_memory_base is either unconnected or has no load
WARNING: [Synth 8-7129] Port dinb[83] in module xpm_memory_base is either unconnected or has no load
WARNING: [Synth 8-7129] Port dinb[82] in module xpm_memory_base is either unconnected or has no load
WARNING: [Synth 8-7129] Port dinb[81] in module xpm_memory_base is either unconnected or has no load
WARNING: [Synth 8-7129] Port dinb[80] in module xpm_memory_base is either unconnected or has no load
WARNING: [Synth 8-7129] Port dinb[79] in module xpm_memory_base is either unconnected or has no load
WARNING: [Synth 8-7129] Port dinb[78] in module xpm_memory_base is either unconnected or has no load
WARNING: [Synth 8-7129] Port dinb[77] in module xpm_memory_base is either unconnected or has no load
WARNING: [Synth 8-7129] Port dinb[76] in module xpm_memory_base is either unconnected or has no load
WARNING: [Synth 8-7129] Port dinb[75] in module xpm_memory_base is either unconnected or has no load
WARNING: [Synth 8-7129] Port dinb[74] in module xpm_memory_base is either unconnected or has no load
WARNING: [Synth 8-7129] Port dinb[73] in module xpm_memory_base is either unconnected or has no load
WARNING: [Synth 8-7129] Port dinb[72] in module xpm_memory_base is either unconnected or has no load
WARNING: [Synth 8-7129] Port dinb[71] in module xpm_memory_base is either unconnected or has no load
WARNING: [Synth 8-7129] Port dinb[70] in module xpm_memory_base is either unconnected or has no load
WARNING: [Synth 8-7129] Port dinb[69] in module xpm_memory_base is either unconnected or has no load
WARNING: [Synth 8-7129] Port dinb[68] in module xpm_memory_base is either unconnected or has no load
WARNING: [Synth 8-7129] Port dinb[67] in module xpm_memory_base is either unconnected or has no load
WARNING: [Synth 8-7129] Port dinb[66] in module xpm_memory_base is either unconnected or has no load
WARNING: [Synth 8-7129] Port dinb[65] in module xpm_memory_base is either unconnected or has no load
WARNING: [Synth 8-7129] Port dinb[64] in module xpm_memory_base is either unconnected or has no load
WARNING: [Synth 8-7129] Port dinb[63] in module xpm_memory_base is either unconnected or has no load
WARNING: [Synth 8-7129] Port dinb[62] in module xpm_memory_base is either unconnected or has no load
WARNING: [Synth 8-7129] Port dinb[61] in module xpm_memory_base is either unconnected or has no load
WARNING: [Synth 8-7129] Port dinb[60] in module xpm_memory_base is either unconnected or has no load
WARNING: [Synth 8-7129] Port dinb[59] in module xpm_memory_base is either unconnected or has no load
WARNING: [Synth 8-7129] Port dinb[58] in module xpm_memory_base is either unconnected or has no load
WARNING: [Synth 8-7129] Port dinb[57] in module xpm_memory_base is either unconnected or has no load
WARNING: [Synth 8-7129] Port dinb[56] in module xpm_memory_base is either unconnected or has no load
WARNING: [Synth 8-7129] Port dinb[55] in module xpm_memory_base is either unconnected or has no load
WARNING: [Synth 8-7129] Port dinb[54] in module xpm_memory_base is either unconnected or has no load
WARNING: [Synth 8-7129] Port dinb[53] in module xpm_memory_base is either unconnected or has no load
WARNING: [Synth 8-7129] Port dinb[52] in module xpm_memory_base is either unconnected or has no load
WARNING: [Synth 8-7129] Port dinb[51] in module xpm_memory_base is either unconnected or has no load
WARNING: [Synth 8-7129] Port dinb[50] in module xpm_memory_base is either unconnected or has no load
WARNING: [Synth 8-7129] Port dinb[49] in module xpm_memory_base is either unconnected or has no load
WARNING: [Synth 8-7129] Port dinb[48] in module xpm_memory_base is either unconnected or has no load
WARNING: [Synth 8-7129] Port dinb[47] in module xpm_memory_base is either unconnected or has no load
WARNING: [Synth 8-7129] Port dinb[46] in module xpm_memory_base is either unconnected or has no load
WARNING: [Synth 8-7129] Port dinb[45] in module xpm_memory_base is either unconnected or has no load
WARNING: [Synth 8-7129] Port dinb[44] in module xpm_memory_base is either unconnected or has no load
WARNING: [Synth 8-7129] Port dinb[43] in module xpm_memory_base is either unconnected or has no load
WARNING: [Synth 8-7129] Port dinb[42] in module xpm_memory_base is either unconnected or has no load
WARNING: [Synth 8-7129] Port dinb[41] in module xpm_memory_base is either unconnected or has no load
WARNING: [Synth 8-7129] Port dinb[40] in module xpm_memory_base is either unconnected or has no load
WARNING: [Synth 8-7129] Port dinb[39] in module xpm_memory_base is either unconnected or has no load
WARNING: [Synth 8-7129] Port dinb[38] in module xpm_memory_base is either unconnected or has no load
WARNING: [Synth 8-7129] Port dinb[37] in module xpm_memory_base is either unconnected or has no load
WARNING: [Synth 8-7129] Port dinb[36] in module xpm_memory_base is either unconnected or has no load
WARNING: [Synth 8-7129] Port dinb[35] in module xpm_memory_base is either unconnected or has no load
WARNING: [Synth 8-7129] Port dinb[34] in module xpm_memory_base is either unconnected or has no load
WARNING: [Synth 8-7129] Port dinb[33] in module xpm_memory_base is either unconnected or has no load
WARNING: [Synth 8-7129] Port dinb[32] in module xpm_memory_base is either unconnected or has no load
WARNING: [Synth 8-7129] Port dinb[31] in module xpm_memory_base is either unconnected or has no load
WARNING: [Synth 8-7129] Port dinb[30] in module xpm_memory_base is either unconnected or has no load
WARNING: [Synth 8-7129] Port dinb[29] in module xpm_memory_base is either unconnected or has no load
WARNING: [Synth 8-7129] Port dinb[28] in module xpm_memory_base is either unconnected or has no load
WARNING: [Synth 8-7129] Port dinb[27] in module xpm_memory_base is either unconnected or has no load
WARNING: [Synth 8-7129] Port dinb[26] in module xpm_memory_base is either unconnected or has no load
WARNING: [Synth 8-7129] Port dinb[25] in module xpm_memory_base is either unconnected or has no load
WARNING: [Synth 8-7129] Port dinb[24] in module xpm_memory_base is either unconnected or has no load
WARNING: [Synth 8-7129] Port dinb[23] in module xpm_memory_base is either unconnected or has no load
WARNING: [Synth 8-7129] Port dinb[22] in module xpm_memory_base is either unconnected or has no load
WARNING: [Synth 8-7129] Port dinb[21] in module xpm_memory_base is either unconnected or has no load
WARNING: [Synth 8-7129] Port dinb[20] in module xpm_memory_base is either unconnected or has no load
WARNING: [Synth 8-7129] Port dinb[19] in module xpm_memory_base is either unconnected or has no load
WARNING: [Synth 8-7129] Port dinb[18] in module xpm_memory_base is either unconnected or has no load
WARNING: [Synth 8-7129] Port dinb[17] in module xpm_memory_base is either unconnected or has no load
WARNING: [Synth 8-7129] Port dinb[16] in module xpm_memory_base is either unconnected or has no load
WARNING: [Synth 8-7129] Port dinb[15] in module xpm_memory_base is either unconnected or has no load
WARNING: [Synth 8-7129] Port dinb[14] in module xpm_memory_base is either unconnected or has no load
WARNING: [Synth 8-7129] Port dinb[13] in module xpm_memory_base is either unconnected or has no load
WARNING: [Synth 8-7129] Port dinb[12] in module xpm_memory_base is either unconnected or has no load
WARNING: [Synth 8-7129] Port dinb[11] in module xpm_memory_base is either unconnected or has no load
WARNING: [Synth 8-7129] Port dinb[10] in module xpm_memory_base is either unconnected or has no load
WARNING: [Synth 8-7129] Port dinb[9] in module xpm_memory_base is either unconnected or has no load
WARNING: [Synth 8-7129] Port dinb[8] in module xpm_memory_base is either unconnected or has no load
WARNING: [Synth 8-7129] Port dinb[7] in module xpm_memory_base is either unconnected or has no load
WARNING: [Synth 8-7129] Port dinb[6] in module xpm_memory_base is either unconnected or has no load
WARNING: [Synth 8-7129] Port dinb[5] in module xpm_memory_base is either unconnected or has no load
WARNING: [Synth 8-7129] Port dinb[4] in module xpm_memory_base is either unconnected or has no load
WARNING: [Synth 8-7129] Port dinb[3] in module xpm_memory_base is either unconnected or has no load
WARNING: [Synth 8-7129] Port dinb[2] in module xpm_memory_base is either unconnected or has no load
WARNING: [Synth 8-7129] Port dinb[1] in module xpm_memory_base is either unconnected or has no load
WARNING: [Synth 8-7129] Port dinb[0] in module xpm_memory_base is either unconnected or has no load
WARNING: [Synth 8-7129] Port injectsbiterrb in module xpm_memory_base is either unconnected or has no load
WARNING: [Synth 8-7129] Port injectdbiterrb in module xpm_memory_base is either unconnected or has no load
---------------------------------------------------------------------------------
Finished RTL Elaboration : Time (s): cpu = 00:00:14 ; elapsed = 00:00:15 . Memory (MB): peak = 1223.156 ; gain = 583.609
---------------------------------------------------------------------------------
---------------------------------------------------------------------------------
Start Handling Custom Attributes
---------------------------------------------------------------------------------
---------------------------------------------------------------------------------
Finished Handling Custom Attributes : Time (s): cpu = 00:00:14 ; elapsed = 00:00:15 . Memory (MB): peak = 1223.156 ; gain = 583.609
---------------------------------------------------------------------------------
---------------------------------------------------------------------------------
Finished RTL Optimization Phase 1 : Time (s): cpu = 00:00:14 ; elapsed = 00:00:15 . Memory (MB): peak = 1223.156 ; gain = 583.609
---------------------------------------------------------------------------------
Netlist sorting complete. Time (s): cpu = 00:00:00 ; elapsed = 00:00:00.023 . Memory (MB): peak = 1223.156 ; gain = 0.000
INFO: [Project 1-570] Preparing netlist for logic optimization

Processing XDC Constraints
Initializing timing engine
Parsing XDC File [c:/Users/marce/OneDrive/Dokumente/zynq_project/LVDS/DDR_LVDS_FABRIC/DDR_LVDS_FABRIC.gen/sources_1/bd/LVDS_to_AXIS/ip/LVDS_to_AXIS_axis_data_fifo_0_0/LVDS_to_AXIS_axis_data_fifo_0_0_ooc.xdc] for cell 'inst'
Finished Parsing XDC File [c:/Users/marce/OneDrive/Dokumente/zynq_project/LVDS/DDR_LVDS_FABRIC/DDR_LVDS_FABRIC.gen/sources_1/bd/LVDS_to_AXIS/ip/LVDS_to_AXIS_axis_data_fifo_0_0/LVDS_to_AXIS_axis_data_fifo_0_0_ooc.xdc] for cell 'inst'
Parsing XDC File [C:/Users/marce/OneDrive/Dokumente/zynq_project/LVDS/DDR_LVDS_FABRIC/DDR_LVDS_FABRIC.runs/LVDS_to_AXIS_axis_data_fifo_0_0_synth_1/dont_touch.xdc]
Finished Parsing XDC File [C:/Users/marce/OneDrive/Dokumente/zynq_project/LVDS/DDR_LVDS_FABRIC/DDR_LVDS_FABRIC.runs/LVDS_to_AXIS_axis_data_fifo_0_0_synth_1/dont_touch.xdc]
INFO: [Project 1-236] Implementation specific constraints were found while reading constraint file [C:/Xilinx/Vivado/2024.2/data/ip/xpm/xpm_cdc/tcl/xpm_cdc_gray.tcl]. These constraints will be ignored for synthesis but will be used in implementation. Impacted constraints are listed in the file [.Xil/LVDS_to_AXIS_axis_data_fifo_0_0_propImpl.xdc].
Resolution: To avoid this warning, move constraints listed in [.Xil/LVDS_to_AXIS_axis_data_fifo_0_0_propImpl.xdc] to another XDC file and exclude this new file from synthesis with the used_in_synthesis property (File Properties dialog in GUI) and re-run elaboration/synthesis.
INFO: [Project 1-236] Implementation specific constraints were found while reading constraint file [C:/Xilinx/Vivado/2024.2/data/ip/xpm/xpm_fifo/tcl/xpm_fifo_rst_axis.tcl]. These constraints will be ignored for synthesis but will be used in implementation. Impacted constraints are listed in the file [.Xil/LVDS_to_AXIS_axis_data_fifo_0_0_propImpl.xdc].
Resolution: To avoid this warning, move constraints listed in [.Xil/LVDS_to_AXIS_axis_data_fifo_0_0_propImpl.xdc] to another XDC file and exclude this new file from synthesis with the used_in_synthesis property (File Properties dialog in GUI) and re-run elaboration/synthesis.
INFO: [Project 1-1714] 8 XPM XDC files have been applied to the design.
Completed Processing XDC Constraints

Netlist sorting complete. Time (s): cpu = 00:00:00 ; elapsed = 00:00:00.001 . Memory (MB): peak = 1309.355 ; gain = 0.000
INFO: [Project 1-111] Unisim Transformation Summary:
No Unisim elements were transformed.

Constraint Validation Runtime : Time (s): cpu = 00:00:00 ; elapsed = 00:00:00.050 . Memory (MB): peak = 1311.184 ; gain = 1.828
INFO: [Designutils 20-5008] Incremental synthesis strategy off
---------------------------------------------------------------------------------
Finished Constraint Validation : Time (s): cpu = 00:00:26 ; elapsed = 00:00:28 . Memory (MB): peak = 1311.184 ; gain = 671.637
---------------------------------------------------------------------------------
---------------------------------------------------------------------------------
Start Loading Part and Timing Information
---------------------------------------------------------------------------------
Loading part: xc7z020clg484-1
---------------------------------------------------------------------------------
Finished Loading Part and Timing Information : Time (s): cpu = 00:00:26 ; elapsed = 00:00:28 . Memory (MB): peak = 1311.184 ; gain = 671.637
---------------------------------------------------------------------------------
---------------------------------------------------------------------------------
Start Applying 'set_property' XDC Constraints
---------------------------------------------------------------------------------
Applied set_property KEEP_HIERARCHY = SOFT for inst. (constraint file  C:/Users/marce/OneDrive/Dokumente/zynq_project/LVDS/DDR_LVDS_FABRIC/DDR_LVDS_FABRIC.runs/LVDS_to_AXIS_axis_data_fifo_0_0_synth_1/dont_touch.xdc, line 9).
Applied set_property KEEP_HIERARCHY = SOFT for inst/\gen_fifo.xpm_fifo_axis_inst /xpm_fifo_base_inst/\gen_cdc_pntr.rd_pntr_cdc_inst . (constraint file  auto generated constraint).
Applied set_property KEEP_HIERARCHY = SOFT for inst/\gen_fifo.xpm_fifo_axis_inst /xpm_fifo_base_inst/\gen_cdc_pntr.wr_pntr_cdc_inst . (constraint file  auto generated constraint).
Applied set_property KEEP_HIERARCHY = SOFT for inst/\gen_fifo.xpm_fifo_axis_inst /xpm_fifo_base_inst/\gen_cdc_pntr.rd_pntr_cdc_dc_inst . (constraint file  auto generated constraint).
Applied set_property KEEP_HIERARCHY = SOFT for inst/\gen_fifo.xpm_fifo_axis_inst /xpm_fifo_base_inst/\gen_cdc_pntr.wr_pntr_cdc_dc_inst . (constraint file  auto generated constraint).
Applied set_property KEEP_HIERARCHY = SOFT for inst/\gen_fifo.xpm_fifo_axis_inst /\gaxis_rst_sync.xpm_cdc_sync_rst_inst . (constraint file  auto generated constraint).
Applied set_property KEEP_HIERARCHY = SOFT for inst/\gen_fifo.xpm_fifo_axis_inst /xpm_fifo_base_inst/xpm_fifo_rst_inst/\gen_rst_ic.rrst_wr_inst . (constraint file  auto generated constraint).
Applied set_property KEEP_HIERARCHY = SOFT for inst/\gen_fifo.xpm_fifo_axis_inst /xpm_fifo_base_inst/xpm_fifo_rst_inst/\gen_rst_ic.wrst_rd_inst . (constraint file  auto generated constraint).
Applied set_property KEEP_HIERARCHY = SOFT for inst/\gen_fifo.xpm_fifo_axis_inst . (constraint file  auto generated constraint).
---------------------------------------------------------------------------------
Finished applying 'set_property' XDC Constraints : Time (s): cpu = 00:00:26 ; elapsed = 00:00:28 . Memory (MB): peak = 1311.184 ; gain = 671.637
---------------------------------------------------------------------------------
INFO: [Synth 8-802] inferred FSM for state register 'gen_rst_ic.curr_wrst_state_reg' in module 'xpm_fifo_rst'
INFO: [Synth 8-802] inferred FSM for state register 'gen_rst_ic.curr_rrst_state_reg' in module 'xpm_fifo_rst'
INFO: [Synth 8-802] inferred FSM for state register 'gen_fwft.curr_fwft_state_reg' in module 'xpm_fifo_base'
INFO: [Synth 8-5552] Implemented safe state 'default_state' for state register 'gen_rst_ic.curr_wrst_state_reg' in module 'xpm_fifo_rst'
---------------------------------------------------------------------------------------------------
                   State |                     New Encoding |                Previous Encoding 
---------------------------------------------------------------------------------------------------
*
               WRST_IDLE |                            00001 |                              000
                 WRST_IN |                            00010 |                              010
                WRST_OUT |                            00100 |                              111
               WRST_EXIT |                            01000 |                              110
            WRST_GO2IDLE |                            10000 |                              100
---------------------------------------------------------------------------------------------------
INFO: [Synth 8-3354] encoded FSM with state register 'gen_rst_ic.curr_wrst_state_reg' using encoding 'one-hot' in module 'xpm_fifo_rst'
INFO: [Synth 8-5552] Implemented safe state 'default_state' for state register 'gen_rst_ic.curr_rrst_state_reg' in module 'xpm_fifo_rst'
---------------------------------------------------------------------------------------------------
                   State |                     New Encoding |                Previous Encoding 
---------------------------------------------------------------------------------------------------
*
               RRST_IDLE |                               00 |                               00
                 RRST_IN |                               01 |                               10
                RRST_OUT |                               10 |                               11
               RRST_EXIT |                               11 |                               01
---------------------------------------------------------------------------------------------------
INFO: [Synth 8-3354] encoded FSM with state register 'gen_rst_ic.curr_rrst_state_reg' using encoding 'sequential' in module 'xpm_fifo_rst'
---------------------------------------------------------------------------------------------------
                   State |                     New Encoding |                Previous Encoding 
---------------------------------------------------------------------------------------------------
                 invalid |                               00 |                               00
            stage1_valid |                               01 |                               10
       both_stages_valid |                               10 |                               11
            stage2_valid |                               11 |                               01
---------------------------------------------------------------------------------------------------
INFO: [Synth 8-3354] encoded FSM with state register 'gen_fwft.curr_fwft_state_reg' using encoding 'sequential' in module 'xpm_fifo_base'
---------------------------------------------------------------------------------
Finished RTL Optimization Phase 2 : Time (s): cpu = 00:00:27 ; elapsed = 00:00:29 . Memory (MB): peak = 1311.184 ; gain = 671.637
---------------------------------------------------------------------------------
---------------------------------------------------------------------------------
Start RTL Component Statistics 
---------------------------------------------------------------------------------
Detailed RTL Component Info : 
+---Adders : 
	   4 Input   11 Bit       Adders := 3     
	   2 Input   11 Bit       Adders := 1     
	   3 Input   11 Bit       Adders := 2     
	   4 Input   10 Bit       Adders := 3     
	   4 Input    2 Bit       Adders := 1     
+---XORs : 
	   2 Input     11 Bit         XORs := 2     
	   2 Input     10 Bit         XORs := 2     
	   2 Input      1 Bit         XORs := 38    
+---Registers : 
	               84 Bit    Registers := 2     
	               11 Bit    Registers := 17    
	               10 Bit    Registers := 13    
	                3 Bit    Registers := 3     
	                2 Bit    Registers := 2     
	                1 Bit    Registers := 15    
+---RAMs : 
	              84K Bit	(1024 X 84 bit)          RAMs := 1     
+---Muxes : 
	   6 Input    5 Bit        Muxes := 1     
	   2 Input    5 Bit        Muxes := 8     
	   5 Input    2 Bit        Muxes := 1     
	   2 Input    2 Bit        Muxes := 33    
	   4 Input    2 Bit        Muxes := 7     
	   2 Input    1 Bit        Muxes := 5     
	   6 Input    1 Bit        Muxes := 2     
	   5 Input    1 Bit        Muxes := 3     
	   4 Input    1 Bit        Muxes := 2     
---------------------------------------------------------------------------------
Finished RTL Component Statistics 
---------------------------------------------------------------------------------
---------------------------------------------------------------------------------
Start Part Resource Summary
---------------------------------------------------------------------------------
Part Resources:
DSPs: 220 (col length:60)
BRAMs: 280 (col length: RAMB18 60 RAMB36 30)
---------------------------------------------------------------------------------
Finished Part Resource Summary
---------------------------------------------------------------------------------
---------------------------------------------------------------------------------
Start Cross Boundary and Area Optimization
---------------------------------------------------------------------------------
WARNING: [Synth 8-7080] Parallel synthesis criteria is not met
WARNING: [Synth 8-7129] Port rsta in module xpm_memory_base is either unconnected or has no load
WARNING: [Synth 8-7129] Port regcea in module xpm_memory_base is either unconnected or has no load
WARNING: [Synth 8-7129] Port injectsbiterra in module xpm_memory_base is either unconnected or has no load
WARNING: [Synth 8-7129] Port injectdbiterra in module xpm_memory_base is either unconnected or has no load
WARNING: [Synth 8-7129] Port dinb[83] in module xpm_memory_base is either unconnected or has no load
INFO: [Common 17-14] Message 'Synth 8-7129' appears 100 times and further instances of the messages will be disabled. Use the Tcl command set_msg_config to change the current settings.
INFO: [Synth 8-5784] Optimized 19 bits of RAM "gen_wr_a.gen_word_narrow.mem_reg" due to constant propagation. Old ram width 84 bits, new ram width 65 bits.
---------------------------------------------------------------------------------
Finished Cross Boundary and Area Optimization : Time (s): cpu = 00:00:30 ; elapsed = 00:00:32 . Memory (MB): peak = 1311.184 ; gain = 671.637
---------------------------------------------------------------------------------
---------------------------------------------------------------------------------
Start ROM, RAM, DSP, Shift Register and Retiming Reporting
---------------------------------------------------------------------------------

Block RAM: Preliminary Mapping Report (see note below)
+----------------------------------------------------------------------------------------+----------------------------------+------------------------+---+---+------------------------+---+---+------------------+--------+--------+
|Module Name                                                                             | RTL Object                       | PORT A (Depth x Width) | W | R | PORT B (Depth x Width) | W | R | Ports driving FF | RAMB18 | RAMB36 | 
+----------------------------------------------------------------------------------------+----------------------------------+------------------------+---+---+------------------------+---+---+------------------+--------+--------+
|inst/\gen_fifo.xpm_fifo_axis_inst /xpm_fifo_base_inst/\gen_sdpram.xpm_memory_base_inst  | gen_wr_a.gen_word_narrow.mem_reg | 1 K x 84(NO_CHANGE)    | W |   | 1 K x 84(WRITE_FIRST)  |   | R | Port A and B     | 0      | 2      | 
+----------------------------------------------------------------------------------------+----------------------------------+------------------------+---+---+------------------------+---+---+------------------+--------+--------+

Note: The table above is a preliminary report that shows the Block RAMs at the current stage of the synthesis flow. Some Block RAMs may be reimplemented as non Block RAM primitives later in the synthesis flow. Multiple instantiated Block RAMs are reported only once. 
---------------------------------------------------------------------------------
Finished ROM, RAM, DSP, Shift Register and Retiming Reporting
---------------------------------------------------------------------------------
---------------------------------------------------------------------------------
Start Applying XDC Timing Constraints
---------------------------------------------------------------------------------
WARNING: [Synth 8-681] value '20000000000.0ps' out of range, cropping to '214748368.0ps' [c:/Users/marce/OneDrive/Dokumente/zynq_project/LVDS/DDR_LVDS_FABRIC/DDR_LVDS_FABRIC.gen/sources_1/bd/LVDS_to_AXIS/ip/LVDS_to_AXIS_axis_data_fifo_0_0/LVDS_to_AXIS_axis_data_fifo_0_0_ooc.xdc:57]
WARNING: [Synth 8-681] value '10000000000.0ps' out of range, cropping to '214748368.0ps' [c:/Users/marce/OneDrive/Dokumente/zynq_project/LVDS/DDR_LVDS_FABRIC/DDR_LVDS_FABRIC.gen/sources_1/bd/LVDS_to_AXIS/ip/LVDS_to_AXIS_axis_data_fifo_0_0/LVDS_to_AXIS_axis_data_fifo_0_0_ooc.xdc:57]
WARNING: [Synth 8-681] value '20000000000.0ps' out of range, cropping to '214748368.0ps' [c:/Users/marce/OneDrive/Dokumente/zynq_project/LVDS/DDR_LVDS_FABRIC/DDR_LVDS_FABRIC.gen/sources_1/bd/LVDS_to_AXIS/ip/LVDS_to_AXIS_axis_data_fifo_0_0/LVDS_to_AXIS_axis_data_fifo_0_0_ooc.xdc:57]
WARNING: [Synth 8-681] value '10000000000.0ps' out of range, cropping to '214748368.0ps' [c:/Users/marce/OneDrive/Dokumente/zynq_project/LVDS/DDR_LVDS_FABRIC/DDR_LVDS_FABRIC.gen/sources_1/bd/LVDS_to_AXIS/ip/LVDS_to_AXIS_axis_data_fifo_0_0/LVDS_to_AXIS_axis_data_fifo_0_0_ooc.xdc:57]
---------------------------------------------------------------------------------
Finished Applying XDC Timing Constraints : Time (s): cpu = 00:00:39 ; elapsed = 00:00:41 . Memory (MB): peak = 1420.508 ; gain = 780.961
---------------------------------------------------------------------------------
---------------------------------------------------------------------------------
Start Timing Optimization
---------------------------------------------------------------------------------
---------------------------------------------------------------------------------
Finished Timing Optimization : Time (s): cpu = 00:00:39 ; elapsed = 00:00:42 . Memory (MB): peak = 1452.246 ; gain = 812.699
---------------------------------------------------------------------------------
---------------------------------------------------------------------------------
Start ROM, RAM, DSP, Shift Register and Retiming Reporting
---------------------------------------------------------------------------------

Block RAM: Final Mapping Report
+----------------------------------------------------------------------------------------+----------------------------------+------------------------+---+---+------------------------+---+---+------------------+--------+--------+
|Module Name                                                                             | RTL Object                       | PORT A (Depth x Width) | W | R | PORT B (Depth x Width) | W | R | Ports driving FF | RAMB18 | RAMB36 | 
+----------------------------------------------------------------------------------------+----------------------------------+------------------------+---+---+------------------------+---+---+------------------+--------+--------+
|inst/\gen_fifo.xpm_fifo_axis_inst /xpm_fifo_base_inst/\gen_sdpram.xpm_memory_base_inst  | gen_wr_a.gen_word_narrow.mem_reg | 1 K x 84(NO_CHANGE)    | W |   | 1 K x 84(WRITE_FIRST)  |   | R | Port A and B     | 0      | 2      | 
+----------------------------------------------------------------------------------------+----------------------------------+------------------------+---+---+------------------------+---+---+------------------+--------+--------+

---------------------------------------------------------------------------------
Finished ROM, RAM, DSP, Shift Register and Retiming Reporting
---------------------------------------------------------------------------------
---------------------------------------------------------------------------------
Start Technology Mapping
---------------------------------------------------------------------------------
---------------------------------------------------------------------------------
Finished Technology Mapping : Time (s): cpu = 00:00:40 ; elapsed = 00:00:42 . Memory (MB): peak = 1452.809 ; gain = 813.262
---------------------------------------------------------------------------------
---------------------------------------------------------------------------------
Start IO Insertion
---------------------------------------------------------------------------------
---------------------------------------------------------------------------------
Start Flattening Before IO Insertion
---------------------------------------------------------------------------------
---------------------------------------------------------------------------------
Finished Flattening Before IO Insertion
---------------------------------------------------------------------------------
---------------------------------------------------------------------------------
Start Final Netlist Cleanup
---------------------------------------------------------------------------------
---------------------------------------------------------------------------------
Finished Final Netlist Cleanup
---------------------------------------------------------------------------------
---------------------------------------------------------------------------------
Finished IO Insertion : Time (s): cpu = 00:00:48 ; elapsed = 00:00:51 . Memory (MB): peak = 1649.273 ; gain = 1009.727
---------------------------------------------------------------------------------
---------------------------------------------------------------------------------
Start Renaming Generated Instances
---------------------------------------------------------------------------------
---------------------------------------------------------------------------------
Finished Renaming Generated Instances : Time (s): cpu = 00:00:48 ; elapsed = 00:00:51 . Memory (MB): peak = 1649.273 ; gain = 1009.727
---------------------------------------------------------------------------------
---------------------------------------------------------------------------------
Start Rebuilding User Hierarchy
---------------------------------------------------------------------------------
---------------------------------------------------------------------------------
Finished Rebuilding User Hierarchy : Time (s): cpu = 00:00:48 ; elapsed = 00:00:51 . Memory (MB): peak = 1649.273 ; gain = 1009.727
---------------------------------------------------------------------------------
---------------------------------------------------------------------------------
Start Renaming Generated Ports
---------------------------------------------------------------------------------
---------------------------------------------------------------------------------
Finished Renaming Generated Ports : Time (s): cpu = 00:00:48 ; elapsed = 00:00:51 . Memory (MB): peak = 1649.273 ; gain = 1009.727
---------------------------------------------------------------------------------
---------------------------------------------------------------------------------
Start Handling Custom Attributes
---------------------------------------------------------------------------------
---------------------------------------------------------------------------------
Finished Handling Custom Attributes : Time (s): cpu = 00:00:48 ; elapsed = 00:00:51 . Memory (MB): peak = 1650.309 ; gain = 1010.762
---------------------------------------------------------------------------------
---------------------------------------------------------------------------------
Start Renaming Generated Nets
---------------------------------------------------------------------------------
---------------------------------------------------------------------------------
Finished Renaming Generated Nets : Time (s): cpu = 00:00:48 ; elapsed = 00:00:51 . Memory (MB): peak = 1650.309 ; gain = 1010.762
---------------------------------------------------------------------------------
---------------------------------------------------------------------------------
Start Writing Synthesis Report
---------------------------------------------------------------------------------

Report BlackBoxes: 
+-+--------------+----------+
| |BlackBox name |Instances |
+-+--------------+----------+
+-+--------------+----------+

Report Cell Usage: 
+------+---------+------+
|      |Cell     |Count |
+------+---------+------+
|1     |CARRY4   |    22|
|2     |LUT1     |    13|
|3     |LUT2     |    86|
|4     |LUT3     |    18|
|5     |LUT4     |    33|
|6     |LUT5     |    32|
|7     |LUT6     |    39|
|8     |RAMB36E1 |     2|
|9     |FDRE     |   341|
|10    |FDSE     |     7|
+------+---------+------+
---------------------------------------------------------------------------------
Finished Writing Synthesis Report : Time (s): cpu = 00:00:48 ; elapsed = 00:00:51 . Memory (MB): peak = 1650.309 ; gain = 1010.762
---------------------------------------------------------------------------------
Synthesis finished with 0 errors, 0 critical warnings and 116 warnings.
Synthesis Optimization Runtime : Time (s): cpu = 00:00:32 ; elapsed = 00:00:48 . Memory (MB): peak = 1650.309 ; gain = 922.734
Synthesis Optimization Complete : Time (s): cpu = 00:00:49 ; elapsed = 00:00:52 . Memory (MB): peak = 1650.309 ; gain = 1010.762
INFO: [Project 1-571] Translating synthesized netlist
Netlist sorting complete. Time (s): cpu = 00:00:00 ; elapsed = 00:00:00.018 . Memory (MB): peak = 1650.309 ; gain = 0.000
INFO: [Netlist 29-17] Analyzing 24 Unisim elements for replacement
INFO: [Netlist 29-28] Unisim Transformation completed in 0 CPU seconds
INFO: [Project 1-570] Preparing netlist for logic optimization
INFO: [Opt 31-138] Pushed 0 inverter(s) to 0 load pin(s).
Netlist sorting complete. Time (s): cpu = 00:00:00 ; elapsed = 00:00:00 . Memory (MB): peak = 1650.309 ; gain = 0.000
INFO: [Project 1-111] Unisim Transformation Summary:
No Unisim elements were transformed.

Synth Design complete | Checksum: 28903c69
INFO: [Common 17-83] Releasing license: Synthesis
78 Infos, 119 Warnings, 0 Critical Warnings and 0 Errors encountered.
synth_design completed successfully
synth_design: Time (s): cpu = 00:00:56 ; elapsed = 00:01:01 . Memory (MB): peak = 1650.309 ; gain = 1241.203
Write ShapeDB Complete: Time (s): cpu = 00:00:00 ; elapsed = 00:00:00.007 . Memory (MB): peak = 1650.309 ; gain = 0.000
INFO: [Common 17-1381] The checkpoint 'C:/Users/marce/OneDrive/Dokumente/zynq_project/LVDS/DDR_LVDS_FABRIC/DDR_LVDS_FABRIC.runs/LVDS_to_AXIS_axis_data_fifo_0_0_synth_1/LVDS_to_AXIS_axis_data_fifo_0_0.dcp' has been generated.
INFO: [Coretcl 2-1648] Added synthesis output to IP cache for IP LVDS_to_AXIS_axis_data_fifo_0_0, cache-ID = d5226735289db2d9
INFO: [Coretcl 2-1174] Renamed 23 cell refs.
Write ShapeDB Complete: Time (s): cpu = 00:00:00 ; elapsed = 00:00:00.004 . Memory (MB): peak = 1650.309 ; gain = 0.000
INFO: [Common 17-1381] The checkpoint 'C:/Users/marce/OneDrive/Dokumente/zynq_project/LVDS/DDR_LVDS_FABRIC/DDR_LVDS_FABRIC.runs/LVDS_to_AXIS_axis_data_fifo_0_0_synth_1/LVDS_to_AXIS_axis_data_fifo_0_0.dcp' has been generated.
INFO: [Vivado 12-24828] Executing command : report_utilization -file LVDS_to_AXIS_axis_data_fifo_0_0_utilization_synth.rpt -pb LVDS_to_AXIS_axis_data_fifo_0_0_utilization_synth.pb
INFO: [Common 17-206] Exiting Vivado at Fri Oct 17 13:03:08 2025...
