Vivado Simulator v2024.2.0
Copyright 1986-2022 Xilinx, Inc. All Rights Reserved.
Copyright 2022-2024 Advanced Micro Devices, Inc. All Rights Reserved.
Running: C:/Xilinx/Vivado/2024.2/bin/unwrapped/win64.o/xelab.exe --incr --debug typical --relax --mt 2 -L xil_defaultlib -L axis_infrastructure_v1_1_1 -L axis_data_fifo_v2_0_15 -L util_idelay_ctrl_v1_0_4 -L util_vector_logic_v2_0_4 -L uvm -L unisims_ver -L unimacro_ver -L secureip -L xpm --snapshot DDR_fabric_tb_neu_behav xil_defaultlib.DDR_fabric_tb_neu xil_defaultlib.glbl -log elaborate.log 
Using 2 slave threads.
Starting static elaboration
Pass Through NonSizing Optimizer
WARNING: [VRFC 10-2861] module 'LVDS_to_AXIS_wrapper' does not have a parameter named NUM_PACKETS [C:/Users/marce/OneDrive/Dokumente/zynq_project/LVDS/DDR_LVDS_FABRIC/DDR_LVDS_FABRIC.srcs/DDR_fabric/new/DDR_fabric_tb_neu.sv:62]
Completed static elaboration
Starting simulation data flow analysis
Completed simulation data flow analysis
Time Resolution for simulation is 1ps
Compiling package std.standard
Compiling package std.textio
Compiling package ieee.std_logic_1164
Compiling package ieee.numeric_std
Compiling package unisim.vcomponents
Compiling architecture bufg_v of entity unisim.BUFG [bufg_default]
Compiling architecture imp of entity xil_defaultlib.util_ds_buf [\util_ds_buf(c_buf_type="BUFG",c...]
Compiling architecture lvds_to_axis_util_ds_buf_0_4_arch of entity xil_defaultlib.LVDS_to_AXIS_util_ds_buf_0_4 [lvds_to_axis_util_ds_buf_0_4_def...]
Compiling architecture ibufds_v of entity unisim.IBUFDS [\IBUFDS(1,9)(1,5)(1,1)(1,4)(1,7)...]
Compiling architecture imp of entity xil_defaultlib.util_ds_buf [\util_ds_buf(c_bufgce_div=1)(1,6...]
Compiling architecture lvds_to_axis_util_ds_buf_1_0_arch of entity xil_defaultlib.LVDS_to_AXIS_util_ds_buf_1_0 [lvds_to_axis_util_ds_buf_1_0_def...]
Compiling module xil_defaultlib.zip_words
Compiling module xil_defaultlib.DDR_fabric_even_simpler(NUM_PACK...
Compiling module xil_defaultlib.LVDS_to_AXIS_DDR_fabric_even_sim...
Compiling architecture lvds_to_axis_util_ds_buf_0_1_arch of entity xil_defaultlib.LVDS_to_AXIS_util_ds_buf_0_1 [lvds_to_axis_util_ds_buf_0_1_def...]
Compiling architecture lvds_to_axis_util_ds_buf_1_1_arch of entity xil_defaultlib.LVDS_to_AXIS_util_ds_buf_1_1 [lvds_to_axis_util_ds_buf_1_1_def...]
Compiling module unisims_ver.IDELAYE2(HIGH_PERFORMANCE_MODE="...
Compiling module xil_defaultlib.IDELAY_DATA
Compiling module xil_defaultlib.LVDS_to_AXIS_IDELAY_DATA_0_0
Compiling module xil_defaultlib.LVDS_to_AXIS_IDELAY_DATA_0_1
Compiling module axis_infrastructure_v1_1_1.axis_infrastructure_v1_1_1_util_...
Compiling module axis_infrastructure_v1_1_1.axis_infrastructure_v1_1_1_util_...
Compiling module axis_infrastructure_v1_1_1.axis_infrastructure_v1_1_1_util_...
Compiling module xpm.xpm_cdc_sync_rst(DEST_SYNC_FF=3,...
Compiling module xpm.xpm_fifo_rst(COMMON_CLOCK=0,CDC_...
Compiling module xpm.xpm_fifo_reg_bit
Compiling module xpm.xpm_counter_updn(COUNTER_WIDTH=1...
Compiling module xpm.xpm_counter_updn(COUNTER_WIDTH=1...
Compiling module xpm.xpm_memory_base(MEMORY_TYPE=1,ME...
Compiling module xpm.xpm_cdc_gray(DEST_SYNC_FF=3,INIT...
Compiling module xpm.xpm_fifo_reg_vec(REG_WIDTH=10)
Compiling module xpm.xpm_cdc_gray(DEST_SYNC_FF=5,INIT...
Compiling module xpm.xpm_fifo_reg_vec(REG_WIDTH=11)
Compiling module xpm.xpm_cdc_gray(DEST_SYNC_FF=3,INIT...
Compiling module xpm.xpm_counter_updn(COUNTER_WIDTH=2...
Compiling module xpm.xpm_fifo_base(COMMON_CLOCK=0,FIF...
Compiling module xpm.xpm_fifo_axis(CLOCKING_MODE="ind...
Compiling module axis_data_fifo_v2_0_15.axis_data_fifo_v2_0_15_top(C_FAM...
Compiling module xil_defaultlib.LVDS_to_AXIS_axis_data_fifo_0_0
Compiling module unisims_ver.OBUFDS(IOSTANDARD="LVDS_25")
Compiling module xil_defaultlib.lvds_output
Compiling module xil_defaultlib.LVDS_to_AXIS_lvds_output_0_0
Compiling module unisims_ver.IDELAYCTRL_default
Compiling module util_idelay_ctrl_v1_0_4.util_idelay_ctrl_v1_0_4_util_ide...
Compiling module xil_defaultlib.LVDS_to_AXIS_util_idelay_ctrl_0_...
Compiling module util_vector_logic_v2_0_4.util_vector_logic_v2_0_4_util_ve...
Compiling module xil_defaultlib.LVDS_to_AXIS_util_vector_logic_0...
Compiling module xil_defaultlib.LVDS_to_AXIS
Compiling module xil_defaultlib.LVDS_to_AXIS_wrapper
Compiling module xil_defaultlib.DDR_fabric_tb_neu
Compiling module xil_defaultlib.glbl
Built simulation snapshot DDR_fabric_tb_neu_behav
