INFO: [VRFC 10-2263] Analyzing Verilog file "C:/Users/marce/OneDrive/Dokumente/zynq_project/LVDS/DDR_LVDS_FABRIC/DDR_LVDS_FABRIC.srcs/sources_1/new/lvds_output.v" into library xil_defaultlib
INFO: [VRFC 10-311] analyzing module lvds_output
INFO: [VRFC 10-2263] Analyzing Verilog file "C:/Users/marce/OneDrive/Dokumente/zynq_project/LVDS/DDR_LVDS_FABRIC/DDR_LVDS_FABRIC.srcs/sources_1/new/IDELAY_DATA.v" into library xil_defaultlib
INFO: [VRFC 10-311] analyzing module IDELAY_DATA
INFO: [VRFC 10-2263] Analyzing Verilog file "C:/Users/marce/OneDrive/Dokumente/zynq_project/LVDS/DDR_LVDS_FABRIC/DDR_LVDS_FABRIC.srcs/sources_1/new/DDR_fabric_even_simpler.v" into library xil_defaultlib
INFO: [VRFC 10-311] analyzing module DDR_fabric_even_simpler
INFO: [VRFC 10-311] analyzing module zip_words
INFO: [VRFC 10-311] analyzing module delay_64bit_by_20_clocks
INFO: [VRFC 10-311] analyzing module delay_by_20_clocks
INFO: [VRFC 10-2263] Analyzing Verilog file "C:/Users/marce/OneDrive/Dokumente/zynq_project/LVDS/DDR_LVDS_FABRIC/DDR_LVDS_FABRIC.ip_user_files/bd/LVDS_to_AXIS/ip/LVDS_to_AXIS_axis_data_fifo_0_0/sim/LVDS_to_AXIS_axis_data_fifo_0_0.v" into library xil_defaultlib
INFO: [VRFC 10-311] analyzing module LVDS_to_AXIS_axis_data_fifo_0_0
INFO: [VRFC 10-2263] Analyzing Verilog file "C:/Users/marce/OneDrive/Dokumente/zynq_project/LVDS/DDR_LVDS_FABRIC/DDR_LVDS_FABRIC.ip_user_files/bd/LVDS_to_AXIS/ip/LVDS_to_AXIS_lvds_output_0_0/sim/LVDS_to_AXIS_lvds_output_0_0.v" into library xil_defaultlib
INFO: [VRFC 10-311] analyzing module LVDS_to_AXIS_lvds_output_0_0
INFO: [VRFC 10-2263] Analyzing Verilog file "C:/Users/marce/OneDrive/Dokumente/zynq_project/LVDS/DDR_LVDS_FABRIC/DDR_LVDS_FABRIC.ip_user_files/bd/LVDS_to_AXIS/ip/LVDS_to_AXIS_util_idelay_ctrl_0_0/sim/LVDS_to_AXIS_util_idelay_ctrl_0_0.v" into library xil_defaultlib
INFO: [VRFC 10-311] analyzing module LVDS_to_AXIS_util_idelay_ctrl_0_0
INFO: [VRFC 10-2263] Analyzing Verilog file "C:/Users/marce/OneDrive/Dokumente/zynq_project/LVDS/DDR_LVDS_FABRIC/DDR_LVDS_FABRIC.ip_user_files/bd/LVDS_to_AXIS/ip/LVDS_to_AXIS_util_vector_logic_0_0/sim/LVDS_to_AXIS_util_vector_logic_0_0.v" into library xil_defaultlib
INFO: [VRFC 10-311] analyzing module LVDS_to_AXIS_util_vector_logic_0_0
INFO: [VRFC 10-2263] Analyzing Verilog file "C:/Users/marce/OneDrive/Dokumente/zynq_project/LVDS/DDR_LVDS_FABRIC/DDR_LVDS_FABRIC.ip_user_files/bd/LVDS_to_AXIS/ip/LVDS_to_AXIS_IDELAY_DATA_0_0/sim/LVDS_to_AXIS_IDELAY_DATA_0_0.v" into library xil_defaultlib
INFO: [VRFC 10-311] analyzing module LVDS_to_AXIS_IDELAY_DATA_0_0
INFO: [VRFC 10-2263] Analyzing Verilog file "C:/Users/marce/OneDrive/Dokumente/zynq_project/LVDS/DDR_LVDS_FABRIC/DDR_LVDS_FABRIC.ip_user_files/bd/LVDS_to_AXIS/ip/LVDS_to_AXIS_IDELAY_DATA_0_1/sim/LVDS_to_AXIS_IDELAY_DATA_0_1.v" into library xil_defaultlib
INFO: [VRFC 10-311] analyzing module LVDS_to_AXIS_IDELAY_DATA_0_1
INFO: [VRFC 10-2263] Analyzing Verilog file "C:/Users/marce/OneDrive/Dokumente/zynq_project/LVDS/DDR_LVDS_FABRIC/DDR_LVDS_FABRIC.ip_user_files/bd/LVDS_to_AXIS/ip/LVDS_to_AXIS_DDR_fabric_even_simp_0_0/sim/LVDS_to_AXIS_DDR_fabric_even_simp_0_0.v" into library xil_defaultlib
INFO: [VRFC 10-311] analyzing module LVDS_to_AXIS_DDR_fabric_even_simp_0_0
INFO: [VRFC 10-2263] Analyzing Verilog file "C:/Users/marce/OneDrive/Dokumente/zynq_project/LVDS/DDR_LVDS_FABRIC/DDR_LVDS_FABRIC.ip_user_files/bd/LVDS_to_AXIS/ip/LVDS_to_AXIS_ila_0_0/sim/LVDS_to_AXIS_ila_0_0.v" into library xil_defaultlib
INFO: [VRFC 10-311] analyzing module LVDS_to_AXIS_ila_0_0
INFO: [VRFC 10-2263] Analyzing Verilog file "C:/Users/marce/OneDrive/Dokumente/zynq_project/LVDS/DDR_LVDS_FABRIC/DDR_LVDS_FABRIC.ip_user_files/bd/LVDS_to_AXIS/sim/LVDS_to_AXIS.v" into library xil_defaultlib
INFO: [VRFC 10-311] analyzing module LVDS_to_AXIS
INFO: [VRFC 10-2263] Analyzing Verilog file "C:/Users/marce/OneDrive/Dokumente/zynq_project/LVDS/DDR_LVDS_FABRIC/DDR_LVDS_FABRIC.gen/sources_1/bd/LVDS_to_AXIS/hdl/LVDS_to_AXIS_wrapper.v" into library xil_defaultlib
INFO: [VRFC 10-311] analyzing module LVDS_to_AXIS_wrapper
